Component: ARM Compiler 5.05 update 2 (build 169) Tool: armlink [4d0f33]

==============================================================================

Section Cross References

    main.o(i.app_context_load) refers to device_manager_peripheral.o(i.dm_application_context_get) for dm_application_context_get
    main.o(i.app_context_load) refers to app_error.o(i.app_error_handler_bare) for app_error_handler_bare
    main.o(i.app_context_load) refers to device_manager_peripheral.o(i.dm_application_context_delete) for dm_application_context_delete
    main.o(i.app_context_load) refers to main.o(.data) for .data
    main.o(i.assert_nrf_callback) refers to app_error.o(i.app_error_handler) for app_error_handler
    main.o(i.battery_level_meas_timeout_handler) refers to sensorsim.o(i.sensorsim_measure) for sensorsim_measure
    main.o(i.battery_level_meas_timeout_handler) refers to ble_bas.o(i.ble_bas_battery_level_update) for ble_bas_battery_level_update
    main.o(i.battery_level_meas_timeout_handler) refers to app_error.o(i.app_error_handler_bare) for app_error_handler_bare
    main.o(i.battery_level_meas_timeout_handler) refers to main.o(.bss) for .bss
    main.o(i.battery_level_meas_timeout_handler) refers to main.o(.data) for .data
    main.o(i.ble_evt_dispatch) refers to device_manager_peripheral.o(i.dm_ble_evt_handler) for dm_ble_evt_handler
    main.o(i.ble_evt_dispatch) refers to ble_rscs.o(i.ble_rscs_on_ble_evt) for ble_rscs_on_ble_evt
    main.o(i.ble_evt_dispatch) refers to ble_bas.o(i.ble_bas_on_ble_evt) for ble_bas_on_ble_evt
    main.o(i.ble_evt_dispatch) refers to ble_conn_params.o(i.ble_conn_params_on_ble_evt) for ble_conn_params_on_ble_evt
    main.o(i.ble_evt_dispatch) refers to bsp_btn_ble.o(i.bsp_btn_ble_on_ble_evt) for bsp_btn_ble_on_ble_evt
    main.o(i.ble_evt_dispatch) refers to bsp.o(i.bsp_indication_set) for bsp_indication_set
    main.o(i.ble_evt_dispatch) refers to app_error.o(i.app_error_handler_bare) for app_error_handler_bare
    main.o(i.ble_evt_dispatch) refers to ble_advertising.o(i.ble_advertising_on_ble_evt) for ble_advertising_on_ble_evt
    main.o(i.ble_evt_dispatch) refers to ble_dfu.o(i.ble_dfu_on_ble_evt) for ble_dfu_on_ble_evt
    main.o(i.ble_evt_dispatch) refers to main.o(.bss) for .bss
    main.o(i.ble_evt_dispatch) refers to main.o(.data) for .data
    main.o(i.ble_stack_init) refers to softdevice_handler.o(i.softdevice_handler_init) for softdevice_handler_init
    main.o(i.ble_stack_init) refers to app_error.o(i.app_error_handler_bare) for app_error_handler_bare
    main.o(i.ble_stack_init) refers to softdevice_handler.o(i.softdevice_enable_get_default_config) for softdevice_enable_get_default_config
    main.o(i.ble_stack_init) refers to softdevice_handler.o(i.sd_check_ram_start) for sd_check_ram_start
    main.o(i.ble_stack_init) refers to softdevice_handler.o(i.softdevice_enable) for softdevice_enable
    main.o(i.ble_stack_init) refers to softdevice_handler.o(i.softdevice_ble_evt_handler_set) for softdevice_ble_evt_handler_set
    main.o(i.ble_stack_init) refers to softdevice_handler.o(i.softdevice_sys_evt_handler_set) for softdevice_sys_evt_handler_set
    main.o(i.ble_stack_init) refers to main.o(.constdata) for .constdata
    main.o(i.ble_stack_init) refers to main.o(.bss) for .bss
    main.o(i.ble_stack_init) refers to main.o(i.ble_evt_dispatch) for ble_evt_dispatch
    main.o(i.ble_stack_init) refers to main.o(i.sys_evt_dispatch) for sys_evt_dispatch
    main.o(i.bsp_event_handler) refers to main.o(i.sleep_mode_enter) for sleep_mode_enter
    main.o(i.bsp_event_handler) refers to app_error.o(i.app_error_handler_bare) for app_error_handler_bare
    main.o(i.bsp_event_handler) refers to ble_advertising.o(i.ble_advertising_restart_without_whitelist) for ble_advertising_restart_without_whitelist
    main.o(i.bsp_event_handler) refers to main.o(.data) for .data
    main.o(i.conn_params_error_handler) refers to app_error.o(i.app_error_handler_bare) for app_error_handler_bare
    main.o(i.device_manager_evt_handler) refers to app_error.o(i.app_error_handler_bare) for app_error_handler_bare
    main.o(i.device_manager_evt_handler) refers to main.o(i.app_context_load) for app_context_load
    main.o(i.device_manager_init) refers to pstorage.o(i.pstorage_init) for pstorage_init
    main.o(i.device_manager_init) refers to app_error.o(i.app_error_handler_bare) for app_error_handler_bare
    main.o(i.device_manager_init) refers to device_manager_peripheral.o(i.dm_init) for dm_init
    main.o(i.device_manager_init) refers to device_manager_peripheral.o(i.dm_register) for dm_register
    main.o(i.device_manager_init) refers to main.o(i.device_manager_evt_handler) for device_manager_evt_handler
    main.o(i.device_manager_init) refers to main.o(.data) for .data
    main.o(i.gap_params_init) refers to app_error.o(i.app_error_handler_bare) for app_error_handler_bare
    main.o(i.main) refers to app_timer.o(i.app_timer_init) for app_timer_init
[...]
    gap_params_init                          0x0001f77d   Thumb Code    90  main.o(i.gap_params_init)
    i.gattc_context_apply                    0x0001f7e8   Section        0  device_manager_peripheral.o(i.gattc_context_apply)
    gattc_context_apply                      0x0001f7e9   Thumb Code     4  device_manager_peripheral.o(i.gattc_context_apply)
    i.gattc_context_load                     0x0001f7ec   Section        0  device_manager_peripheral.o(i.gattc_context_load)
    gattc_context_load                       0x0001f7ed   Thumb Code     4  device_manager_peripheral.o(i.gattc_context_load)
    i.gattc_context_store                    0x0001f7f0   Section        0  device_manager_peripheral.o(i.gattc_context_store)
    gattc_context_store                      0x0001f7f1   Thumb Code     4  device_manager_peripheral.o(i.gattc_context_store)
    i.gatts_context_apply                    0x0001f7f4   Section        0  device_manager_peripheral.o(i.gatts_context_apply)
    gatts_context_apply                      0x0001f7f5   Thumb Code   172  device_manager_peripheral.o(i.gatts_context_apply)
    i.gatts_context_load                     0x0001f8a4   Section        0  device_manager_peripheral.o(i.gatts_context_load)
    gatts_context_load                       0x0001f8a5   Thumb Code    50  device_manager_peripheral.o(i.gatts_context_load)
    i.gatts_context_store                    0x0001f8dc   Section        0  device_manager_peripheral.o(i.gatts_context_store)
    gatts_context_store                      0x0001f8dd   Thumb Code   186  device_manager_peripheral.o(i.gatts_context_store)
    i.gattsc_context_apply                   0x0001f9a4   Section        0  device_manager_peripheral.o(i.gattsc_context_apply)
    gattsc_context_apply                     0x0001f9a5   Thumb Code     4  device_manager_peripheral.o(i.gattsc_context_apply)
    i.gattsc_context_load                    0x0001f9a8   Section        0  device_manager_peripheral.o(i.gattsc_context_load)
    gattsc_context_load                      0x0001f9a9   Thumb Code     4  device_manager_peripheral.o(i.gattsc_context_load)
    i.gattsc_context_store                   0x0001f9ac   Section        0  device_manager_peripheral.o(i.gattsc_context_store)
    gattsc_context_store                     0x0001f9ad   Thumb Code     4  device_manager_peripheral.o(i.gattsc_context_store)
    i.gpiote_event_handler                   0x0001f9b0   Section        0  app_button.o(i.gpiote_event_handler)
    gpiote_event_handler                     0x0001f9b1   Thumb Code    78  app_button.o(i.gpiote_event_handler)
    i.head_restore_state_run                 0x0001fa08   Section        0  pstorage.o(i.head_restore_state_run)
    head_restore_state_run                   0x0001fa09   Thumb Code   110  pstorage.o(i.head_restore_state_run)
    i.intern_softdevice_events_execute       0x0001fa80   Section        0  softdevice_handler.o(i.intern_softdevice_events_execute)
    i.is_conn_params_ok                      0x0001faf0   Section        0  ble_conn_params.o(i.is_conn_params_ok)
    is_conn_params_ok                        0x0001faf1   Thumb Code    24  ble_conn_params.o(i.is_conn_params_ok)
    i.is_page_erase_required                 0x0001fb0c   Section        0  pstorage.o(i.is_page_erase_required)
    is_page_erase_required                   0x0001fb0d   Thumb Code    60  pstorage.o(i.is_page_erase_required)
    i.is_word_aligned                        0x0001fb50   Section        0  pstorage.o(i.is_word_aligned)
    is_word_aligned                          0x0001fb51   Thumb Code    12  pstorage.o(i.is_word_aligned)
    i.le_role_encode                         0x0001fb5c   Section        0  ble_advdata.o(i.le_role_encode)
    le_role_encode                           0x0001fb5d   Thumb Code    84  ble_advdata.o(i.le_role_encode)
    i.leds_timer_handler                     0x0001fbb0   Section        0  bsp.o(i.leds_timer_handler)
    leds_timer_handler                       0x0001fbb1   Thumb Code    16  bsp.o(i.leds_timer_handler)
    i.list_deletions_handler                 0x0001fbc4   Section        0  app_timer.o(i.list_deletions_handler)
    list_deletions_handler                   0x0001fbc5   Thumb Code   178  app_timer.o(i.list_deletions_handler)
    i.list_insertions_handler                0x0001fc80   Section        0  app_timer.o(i.list_insertions_handler)
    list_insertions_handler                  0x0001fc81   Thumb Code   196  app_timer.o(i.list_insertions_handler)
    i.main                                   0x0001fd4c   Section        0  main.o(i.main)
    i.main_state_err_busy_process            0x0001feb0   Section        0  pstorage.o(i.main_state_err_busy_process)
    main_state_err_busy_process              0x0001feb1   Thumb Code    16  pstorage.o(i.main_state_err_busy_process)
    i.manuf_specific_data_encode             0x0001fec4   Section        0  ble_advdata.o(i.manuf_specific_data_encode)
    manuf_specific_data_encode               0x0001fec5   Thumb Code   100  ble_advdata.o(i.manuf_specific_data_encode)
    i.name_encode                            0x0001ff28   Section        0  ble_advdata.o(i.name_encode)
    name_encode                              0x0001ff29   Thumb Code   156  ble_advdata.o(i.name_encode)
    i.no_service_context_apply               0x0001ffc4   Section        0  device_manager_peripheral.o(i.no_service_context_apply)
    no_service_context_apply                 0x0001ffc5   Thumb Code     4  device_manager_peripheral.o(i.no_service_context_apply)
    i.no_service_context_load                0x0001ffc8   Section        0  device_manager_peripheral.o(i.no_service_context_load)
    no_service_context_load                  0x0001ffc9   Thumb Code     4  device_manager_peripheral.o(i.no_service_context_load)
    i.no_service_context_store               0x0001ffcc   Section        0  device_manager_peripheral.o(i.no_service_context_store)
    no_service_context_store                 0x0001ffcd   Thumb Code     4  device_manager_peripheral.o(i.no_service_context_store)
    i.nrf_delay_ms                           0x0001ffd0   Section        0  nrf_delay.o(i.nrf_delay_ms)
    i.nrf_drv_common_irq_enable              0x0001ffea   Section        0  nrf_drv_common.o(i.nrf_drv_common_irq_enable)
    i.nrf_drv_gpiote_in_event_enable         0x00020024   Section        0  nrf_drv_gpiote.o(i.nrf_drv_gpiote_in_event_enable)
    i.nrf_drv_gpiote_in_init                 0x000200c8   Section        0  nrf_drv_gpiote.o(i.nrf_drv_gpiote_in_init)
    i.nrf_drv_gpiote_in_is_set               0x00020180   Section        0  nrf_drv_gpiote.o(i.nrf_drv_gpiote_in_is_set)
    i.nrf_drv_gpiote_init                    0x00020194   Section        0  nrf_drv_gpiote.o(i.nrf_drv_gpiote_init)
    i.nrf_drv_gpiote_is_init                 0x000201e8   Section        0  nrf_drv_gpiote.o(i.nrf_drv_gpiote_is_init)
    i.nrf_gpio_cfg                           0x000201fc   Section        0  nrf_drv_gpiote.o(i.nrf_gpio_cfg)
    nrf_gpio_cfg                             0x000201fd   Thumb Code    34  nrf_drv_gpiote.o(i.nrf_gpio_cfg)
    i.nrf_gpio_cfg_sense_set                 0x0002021e   Section        0  nrf_drv_gpiote.o(i.nrf_gpio_cfg_sense_set)
    nrf_gpio_cfg_sense_set                   0x0002021f   Thumb Code    28  nrf_drv_gpiote.o(i.nrf_gpio_cfg_sense_set)
    i.nrf_gpiote_event_clear                 0x0002023c   Section        0  nrf_drv_gpiote.o(i.nrf_gpiote_event_clear)
    nrf_gpiote_event_clear                   0x0002023d   Thumb Code    16  nrf_drv_gpiote.o(i.nrf_gpiote_event_clear)
    i.nrf_gpiote_event_is_set                0x00020250   Section        0  nrf_drv_gpiote.o(i.nrf_gpiote_event_is_set)
    nrf_gpiote_event_is_set                  0x00020251   Thumb Code    12  nrf_drv_gpiote.o(i.nrf_gpiote_event_is_set)
    i.nrf_uart_event_check                   0x00020260   Section        0  nrf_drv_uart.o(i.nrf_uart_event_check)
    nrf_uart_event_check                     0x00020261   Thumb Code    10  nrf_drv_uart.o(i.nrf_uart_event_check)
    i.nrf_uart_int_enable_check              0x0002026a   Section        0  nrf_drv_uart.o(i.nrf_uart_int_enable_check)
    nrf_uart_int_enable_check                0x0002026b   Thumb Code    12  nrf_drv_uart.o(i.nrf_uart_int_enable_check)
    i.nrf_uarte_event_check                  0x00020276   Section        0  nrf_drv_uart.o(i.nrf_uarte_event_check)
    nrf_uarte_event_check                    0x00020277   Thumb Code    10  nrf_drv_uart.o(i.nrf_uarte_event_check)
    i.on_adv_evt                             0x00020280   Section        0  main.o(i.on_adv_evt)
    on_adv_evt                               0x00020281   Thumb Code    36  main.o(i.on_adv_evt)
    i.on_conn_params_evt                     0x000202a4   Section        0  main.o(i.on_conn_params_evt)
    on_conn_params_evt                       0x000202a5   Thumb Code    24  main.o(i.on_conn_params_evt)
    i.on_ctrl_pt_write                       0x000202c0   Section        0  ble_dfu.o(i.on_ctrl_pt_write)
    on_ctrl_pt_write                         0x000202c1   Thumb Code   248  ble_dfu.o(i.on_ctrl_pt_write)
    i.peer_address_exists                    0x000203b8   Section        0  ble_advertising.o(i.peer_address_exists)
    peer_address_exists                      0x000203b9   Thumb Code    20  ble_advertising.o(i.peer_address_exists)
    i.peer_instance_init                     0x000203cc   Section        0  device_manager_peripheral.o(i.peer_instance_init)
    peer_instance_init                       0x000203cd   Thumb Code    54  device_manager_peripheral.o(i.peer_instance_init)
    i.pin_in_use_by_port                     0x00020408   Section        0  nrf_drv_gpiote.o(i.pin_in_use_by_port)
    pin_in_use_by_port                       0x00020409   Thumb Code    20  nrf_drv_gpiote.o(i.pin_in_use_by_port)
    i.pin_in_use_by_te                       0x00020420   Section        0  nrf_drv_gpiote.o(i.pin_in_use_by_te)
    pin_in_use_by_te                         0x00020421   Thumb Code    20  nrf_drv_gpiote.o(i.pin_in_use_by_te)
    i.pnp_id_encode                          0x00020438   Section        0  ble_dis.o(i.pnp_id_encode)
    pnp_id_encode                            0x00020439   Thumb Code    52  ble_dis.o(i.pnp_id_encode)
    i.pstorage_access_status_get             0x0002046c   Section        0  pstorage.o(i.pstorage_access_status_get)
    i.pstorage_block_identifier_get          0x00020490   Section        0  pstorage.o(i.pstorage_block_identifier_get)
    i.pstorage_clear                         0x000204dc   Section        0  pstorage.o(i.pstorage_clear)
    i.pstorage_flash_page_end                0x00020570   Section        0  pstorage.o(i.pstorage_flash_page_end)
    pstorage_flash_page_end                  0x00020571   Thumb Code    30  pstorage.o(i.pstorage_flash_page_end)
    i.pstorage_flash_page_size               0x0002058e   Section        0  pstorage.o(i.pstorage_flash_page_size)
    pstorage_flash_page_size                 0x0002058f   Thumb Code    10  pstorage.o(i.pstorage_flash_page_size)
    i.pstorage_init                          0x00020598   Section        0  pstorage.o(i.pstorage_init)
    i.pstorage_load                          0x000205e4   Section        0  pstorage.o(i.pstorage_load)
    i.pstorage_register                      0x00020680   Section        0  pstorage.o(i.pstorage_register)
    i.pstorage_store                         0x00020734   Section        0  pstorage.o(i.pstorage_store)
    i.pstorage_sys_event_handler             0x000207b4   Section        0  pstorage.o(i.pstorage_sys_event_handler)
    i.pstorage_update                        0x000207fc   Section        0  pstorage.o(i.pstorage_update)
    i.reset_prepare                          0x0002087c   Section        0  main.o(i.reset_prepare)
    reset_prepare                            0x0002087d   Thumb Code    66  main.o(i.reset_prepare)
    i.rsc_feature_char_add                   0x000208c4   Section        0  ble_rscs.o(i.rsc_feature_char_add)
    rsc_feature_char_add                     0x000208c5   Thumb Code   148  ble_rscs.o(i.rsc_feature_char_add)
    i.rsc_meas_timeout_handler               0x00020958   Section        0  main.o(i.rsc_meas_timeout_handler)
    rsc_meas_timeout_handler                 0x00020959   Thumb Code   116  main.o(i.rsc_meas_timeout_handler)
    i.rsc_measurement_char_add               0x000209d4   Section        0  ble_rscs.o(i.rsc_measurement_char_add)
    rsc_measurement_char_add                 0x000209d5   Thumb Code   194  ble_rscs.o(i.rsc_measurement_char_add)
    i.rsc_measurement_encode                 0x00020a96   Section        0  ble_rscs.o(i.rsc_measurement_encode)
    rsc_measurement_encode                   0x00020a97   Thumb Code    94  ble_rscs.o(i.rsc_measurement_encode)
    i.rtc1_stop                              0x00020af4   Section        0  app_timer.o(i.rtc1_stop)
    rtc1_stop                                0x00020af5   Thumb Code    52  app_timer.o(i.rtc1_stop)
    i.rx_byte                                0x00020b30   Section        0  nrf_drv_uart.o(i.rx_byte)
    rx_byte                                  0x00020b31   Thumb Code    38  nrf_drv_uart.o(i.rx_byte)
    i.rx_done_event                          0x00020b60   Section        0  nrf_drv_uart.o(i.rx_done_event)
    rx_done_event                            0x00020b61   Thumb Code    26  nrf_drv_uart.o(i.rx_done_event)
    i.sd_check_ram_start                     0x00020b80   Section        0  softdevice_handler.o(i.sd_check_ram_start)
    i.sd_nvic_EnableIRQ                      0x00020b90   Section        0  softdevice_handler.o(i.sd_nvic_EnableIRQ)
    sd_nvic_EnableIRQ                        0x00020b91   Thumb Code   128  softdevice_handler.o(i.sd_nvic_EnableIRQ)
    i.sensor_simulator_init                  0x00020c18   Section        0  main.o(i.sensor_simulator_init)
    sensor_simulator_init                    0x00020c19   Thumb Code   118  main.o(i.sensor_simulator_init)
    i.sensorsim_decrement                    0x00020c98   Section        0  sensorsim.o(i.sensorsim_decrement)
    i.sensorsim_increment                    0x00020cb4   Section        0  sensorsim.o(i.sensorsim_increment)
    i.sensorsim_init                         0x00020cd0   Section        0  sensorsim.o(i.sensorsim_init)
    i.sensorsim_measure                      0x00020ce6   Section        0  sensorsim.o(i.sensorsim_measure)
    i.service_data_encode                    0x00020d00   Section        0  ble_advdata.o(i.service_data_encode)
    service_data_encode                      0x00020d01   Thumb Code   136  ble_advdata.o(i.service_data_encode)
    i.services_init                          0x00020d88   Section        0  main.o(i.services_init)
    services_init                            0x00020d89   Thumb Code   346  main.o(i.services_init)
    i.sleep_mode_enter                       0x00020efc   Section        0  main.o(i.sleep_mode_enter)
    sleep_mode_enter                         0x00020efd   Thumb Code    40  main.o(i.sleep_mode_enter)
    i.sm_state_change                        0x00020f24   Section        0  pstorage.o(i.sm_state_change)
    sm_state_change                          0x00020f25   Thumb Code    52  pstorage.o(i.sm_state_change)
    i.softdevice_ble_evt_handler_set         0x00020f60   Section        0  softdevice_handler.o(i.softdevice_ble_evt_handler_set)
    i.softdevice_enable                      0x00020f74   Section        0  softdevice_handler.o(i.softdevice_enable)
    i.softdevice_enable_get_default_config   0x00020f88   Section        0  softdevice_handler.o(i.softdevice_enable_get_default_config)
    i.softdevice_fault_handler               0x00020fae   Section        0  softdevice_handler.o(i.softdevice_fault_handler)
    i.softdevice_handler_init                0x00020fb4   Section        0  softdevice_handler.o(i.softdevice_handler_init)
    i.softdevice_sys_evt_handler_set         0x00020fe8   Section        0  softdevice_handler.o(i.softdevice_sys_evt_handler_set)
    i.state_data_erase_swap_entry_run        0x00020ffc   Section        0  pstorage.o(i.state_data_erase_swap_entry_run)
    state_data_erase_swap_entry_run          0x00020ffd   Thumb Code    96  pstorage.o(i.state_data_erase_swap_entry_run)
    i.state_erase_data_page_entry_run        0x00021064   Section        0  pstorage.o(i.state_erase_data_page_entry_run)
    state_erase_data_page_entry_run          0x00021065   Thumb Code     8  pstorage.o(i.state_erase_data_page_entry_run)
    i.state_restore_head_entry_run           0x00021070   Section        0  pstorage.o(i.state_restore_head_entry_run)
    state_restore_head_entry_run             0x00021071   Thumb Code    38  pstorage.o(i.state_restore_head_entry_run)
    i.state_restore_tail_entry_run           0x0002109c   Section        0  pstorage.o(i.state_restore_tail_entry_run)
    state_restore_tail_entry_run             0x0002109d   Thumb Code    72  pstorage.o(i.state_restore_tail_entry_run)
    i.state_swap_erase_entry_run             0x000210ec   Section        0  pstorage.o(i.state_swap_erase_entry_run)
    state_swap_erase_entry_run               0x000210ed   Thumb Code    30  pstorage.o(i.state_swap_erase_entry_run)
    i.state_write_data_swap_entry_run        0x0002110c   Section        0  pstorage.o(i.state_write_data_swap_entry_run)
    state_write_data_swap_entry_run          0x0002110d   Thumb Code    44  pstorage.o(i.state_write_data_swap_entry_run)
    i.storage_operation_dummy_handler        0x0002113c   Section        0  device_manager_peripheral.o(i.storage_operation_dummy_handler)
    storage_operation_dummy_handler          0x0002113d   Thumb Code     4  device_manager_peripheral.o(i.storage_operation_dummy_handler)
    i.store_cmd_flash_write_execute          0x00021140   Section        0  pstorage.o(i.store_cmd_flash_write_execute)
    store_cmd_flash_write_execute            0x00021141   Thumb Code    84  pstorage.o(i.store_cmd_flash_write_execute)
    i.swap_erase_state_run                   0x0002119c   Section        0  pstorage.o(i.swap_erase_state_run)
    swap_erase_state_run                     0x0002119d   Thumb Code    18  pstorage.o(i.swap_erase_state_run)
    i.swap_sub_state_err_busy_process        0x000211b4   Section        0  pstorage.o(i.swap_sub_state_err_busy_process)
    swap_sub_state_err_busy_process          0x000211b5   Thumb Code    16  pstorage.o(i.swap_sub_state_err_busy_process)
    i.swap_sub_state_state_change            0x000211c8   Section        0  pstorage.o(i.swap_sub_state_state_change)
    swap_sub_state_state_change              0x000211c9   Thumb Code    12  pstorage.o(i.swap_sub_state_state_change)
    i.sys_evt_dispatch                       0x000211dc   Section        0  main.o(i.sys_evt_dispatch)
    sys_evt_dispatch                         0x000211dd   Thumb Code    18  main.o(i.sys_evt_dispatch)
    i.sys_id_encode                          0x000211ee   Section        0  ble_dis.o(i.sys_id_encode)
    sys_id_encode                            0x000211ef   Thumb Code    66  ble_dis.o(i.sys_id_encode)
    i.tail_restore_state_run                 0x00021230   Section        0  pstorage.o(i.tail_restore_state_run)
    tail_restore_state_run                   0x00021231   Thumb Code    16  pstorage.o(i.tail_restore_state_run)
    i.timer_list_handler                     0x00021244   Section        0  app_timer.o(i.timer_list_handler)
    timer_list_handler                       0x00021245   Thumb Code   134  app_timer.o(i.timer_list_handler)
    i.timer_list_insert                      0x000212d0   Section        0  app_timer.o(i.timer_list_insert)
    timer_list_insert                        0x000212d1   Thumb Code    56  app_timer.o(i.timer_list_insert)
    i.timer_timeouts_check                   0x0002130c   Section        0  app_timer.o(i.timer_timeouts_check)
    timer_timeouts_check                     0x0002130d   Thumb Code   124  app_timer.o(i.timer_timeouts_check)
    i.tx_byte                                0x00021390   Section        0  nrf_drv_uart.o(i.tx_byte)
    tx_byte                                  0x00021391   Thumb Code    28  nrf_drv_uart.o(i.tx_byte)
    i.tx_done_event                          0x000213b4   Section        0  nrf_drv_uart.o(i.tx_done_event)
    tx_done_event                            0x000213b5   Thumb Code    30  nrf_drv_uart.o(i.tx_done_event)
    i.uart_irq_handler                       0x000213d8   Section        0  nrf_drv_uart.o(i.uart_irq_handler)
    uart_irq_handler                         0x000213d9   Thumb Code   254  nrf_drv_uart.o(i.uart_irq_handler)
    i.uarte_irq_handler                      0x000214e0   Section        0  nrf_drv_uart.o(i.uarte_irq_handler)
    uarte_irq_handler                        0x000214e1   Thumb Code   206  nrf_drv_uart.o(i.uarte_irq_handler)
    i.uint16_encode                          0x000215b8   Section        0  ble_advdata.o(i.uint16_encode)
    uint16_encode                            0x000215b9   Thumb Code    10  ble_advdata.o(i.uint16_encode)
    i.update_status_bit_reset                0x000215c4   Section        0  device_manager_peripheral.o(i.update_status_bit_reset)
    update_status_bit_reset                  0x000215c5   Thumb Code    14  device_manager_peripheral.o(i.update_status_bit_reset)
    i.update_timeout_handler                 0x000215d8   Section        0  ble_conn_params.o(i.update_timeout_handler)
    update_timeout_handler                   0x000215d9   Thumb Code    88  ble_conn_params.o(i.update_timeout_handler)
    i.user_id_get                            0x00021638   Section        0  app_timer.o(i.user_id_get)
    user_id_get                              0x00021639   Thumb Code    62  app_timer.o(i.user_id_get)
    i.user_op_alloc                          0x00021676   Section        0  app_timer.o(i.user_op_alloc)
    user_op_alloc                            0x00021677   Thumb Code    40  app_timer.o(i.user_op_alloc)
    i.uuid_list_encode                       0x0002169e   Section        0  ble_advdata.o(i.uuid_list_encode)
    uuid_list_encode                         0x0002169f   Thumb Code    48  ble_advdata.o(i.uuid_list_encode)
    i.uuid_list_sized_encode                 0x000216ce   Section        0  ble_advdata.o(i.uuid_list_sized_encode)
    uuid_list_sized_encode                   0x000216cf   Thumb Code   158  ble_advdata.o(i.uuid_list_sized_encode)
    i.whitelist_has_entries                  0x0002176c   Section        0  ble_advertising.o(i.whitelist_has_entries)
    whitelist_has_entries                    0x0002176d   Thumb Code    14  ble_advertising.o(i.whitelist_has_entries)
    .constdata                               0x0002177c   Section       12  main.o(.constdata)
    m_battery_timer_id                       0x0002177c   Data           4  main.o(.constdata)
    m_rsc_meas_timer_id                      0x00021780   Data           4  main.o(.constdata)
    .constdata                               0x00021788   Section       60  bsp.o(.constdata)
    m_leds_timer_id                          0x00021788   Data           4  bsp.o(.constdata)
    m_alert_timer_id                         0x0002178c   Data           4  bsp.o(.constdata)
    m_button_timer_id                        0x00021790   Data           4  bsp.o(.constdata)
    m_buttons_list                           0x00021794   Data          16  bsp.o(.constdata)
    app_buttons                              0x000217a4   Data          32  bsp.o(.constdata)
    .constdata                               0x000217c4   Section        4  ble_conn_params.o(.constdata)
    m_conn_params_timer_id                   0x000217c4   Data           4  ble_conn_params.o(.constdata)
    .constdata                               0x000217c8   Section       48  device_manager_peripheral.o(.constdata)
    .constdata                               0x000217f8   Section       16  ble_dfu.o(.constdata)
    .constdata                               0x00021808   Section       40  pstorage.o(.constdata)
    swap_sub_state_sm_lut                    0x00021808   Data          20  pstorage.o(.constdata)
    swap_sub_state_sm_lut                    0x0002181c   Data          20  pstorage.o(.constdata)
    .constdata                               0x00021830   Section        8  app_button.o(.constdata)
    m_detection_delay_timer_id               0x00021830   Data           4  app_button.o(.constdata)
    .data                                    0x20002080   Section       52  main.o(.data)
    m_app_handle                             0x20002080   Data           1  main.o(.data)
    m_conn_handle                            0x20002082   Data           2  main.o(.data)
    context_data                             0x20002084   Data           4  main.o(.data)
    m_battery_sim_state                      0x20002088   Data           8  main.o(.data)
    m_speed_mps_sim_state                    0x20002090   Data           8  main.o(.data)
    m_cadence_rpm_sim_state                  0x20002098   Data           8  main.o(.data)
    m_cadence_stl_sim_state                  0x200020a0   Data           8  main.o(.data)
    m_adv_uuids                              0x200020a8   Data          12  main.o(.data)
    .data                                    0x200020b4   Section       24  bsp.o(.data)
    m_stable_state                           0x200020b4   Data           1  bsp.o(.data)
    current_long_push_pin_no                 0x200020b5   Data           1  bsp.o(.data)
    m_app_ticks_per_100ms                    0x200020b8   Data           4  bsp.o(.data)
    m_indication_type                        0x200020bc   Data           4  bsp.o(.data)
    m_alert_mask                             0x200020c0   Data           4  bsp.o(.data)
    m_registered_callback                    0x200020c4   Data           4  bsp.o(.data)
    release_event_at_push                    0x200020c8   Data           4  bsp.o(.data)
    .data                                    0x200020cc   Section        8  bsp_btn_ble.o(.data)
    m_error_handler                          0x200020cc   Data           4  bsp_btn_ble.o(.data)
    m_num_connections                        0x200020d0   Data           4  bsp_btn_ble.o(.data)
    .data                                    0x200020d4   Section       31  ble_advertising.o(.data)
    m_advertising_start_pending              0x200020d4   Data           1  ble_advertising.o(.data)
    m_whitelist_temporarily_disabled         0x200020d5   Data           1  ble_advertising.o(.data)
    m_whitelist_reply_expected               0x200020d6   Data           1  ble_advertising.o(.data)
    m_peer_addr_reply_expected               0x200020d7   Data           1  ble_advertising.o(.data)
    m_adv_evt                                0x200020d8   Data           1  ble_advertising.o(.data)
    m_adv_mode_current                       0x200020d9   Data           1  ble_advertising.o(.data)
    m_tx_power_level                         0x200020da   Data           1  ble_advertising.o(.data)
    current_slave_link_conn_handle           0x200020dc   Data           2  ble_advertising.o(.data)
    m_evt_handler                            0x200020e0   Data           4  ble_advertising.o(.data)
    m_error_handler                          0x200020e4   Data           4  ble_advertising.o(.data)
    m_slave_conn_int                         0x200020e8   Data           4  ble_advertising.o(.data)
    m_peer_address                           0x200020ec   Data           7  ble_advertising.o(.data)
    .data                                    0x200020f4   Section       20  ble_conn_params.o(.data)
    m_change_param                           0x200020f4   Data           1  ble_conn_params.o(.data)
    m_update_count                           0x200020f5   Data           1  ble_conn_params.o(.data)
    m_conn_handle                            0x200020f6   Data           2  ble_conn_params.o(.data)
    m_preferred_conn_params                  0x200020f8   Data           8  ble_conn_params.o(.data)
    m_current_conn_params                    0x20002100   Data           8  ble_conn_params.o(.data)
    .data                                    0x20002108   Section       74  ble_dis.o(.data)
    service_handle                           0x20002108   Data           2  ble_dis.o(.data)
    manufact_name_handles                    0x2000210a   Data           8  ble_dis.o(.data)
    model_num_handles                        0x20002112   Data           8  ble_dis.o(.data)
    serial_num_handles                       0x2000211a   Data           8  ble_dis.o(.data)
    hw_rev_handles                           0x20002122   Data           8  ble_dis.o(.data)
    fw_rev_handles                           0x2000212a   Data           8  ble_dis.o(.data)
    sw_rev_handles                           0x20002132   Data           8  ble_dis.o(.data)
    sys_id_handles                           0x2000213a   Data           8  ble_dis.o(.data)
    reg_cert_data_list_handles               0x20002142   Data           8  ble_dis.o(.data)
    pnp_id_handles                           0x2000214a   Data           8  ble_dis.o(.data)
    .data                                    0x20002154   Section       24  device_manager_peripheral.o(.data)
    m_module_initialized                     0x20002154   Data           1  device_manager_peripheral.o(.data)
    m_peer_addr_update                       0x20002158   Data           4  device_manager_peripheral.o(.data)
    m_irk_index_table                        0x2000215c   Data           7  device_manager_peripheral.o(.data)
    m_storage_handle                         0x20002164   Data           8  device_manager_peripheral.o(.data)
    .data                                    0x2000216c   Section        8  ble_dfu.o(.data)
    m_is_dfu_service_initialized             0x2000216c   Data           1  ble_dfu.o(.data)
    m_notif_buffer                           0x2000216d   Data           7  ble_dfu.o(.data)
    .data                                    0x20002174   Section       36  pstorage.o(.data)
    m_state                                  0x20002174   Data           1  pstorage.o(.data)
    m_swap_sub_state                         0x20002175   Data           1  pstorage.o(.data)
    m_next_app_instance                      0x20002176   Data           2  pstorage.o(.data)
    m_flags                                  0x20002178   Data           4  pstorage.o(.data)
    m_next_page_addr                         0x2000217c   Data           4  pstorage.o(.data)
    m_head_word_size                         0x20002180   Data           4  pstorage.o(.data)
    m_tail_word_size                         0x20002184   Data           4  pstorage.o(.data)
    m_current_page_id                        0x20002188   Data           4  pstorage.o(.data)
    m_num_of_command_retries                 0x2000218c   Data           4  pstorage.o(.data)
    m_num_of_bytes_written                   0x20002190   Data           4  pstorage.o(.data)
    m_app_data_size                          0x20002194   Data           4  pstorage.o(.data)
    .data                                    0x20002198   Section       20  app_button.o(.data)
    m_button_count                           0x20002198   Data           1  app_button.o(.data)
    mp_buttons                               0x2000219c   Data           4  app_button.o(.data)
    m_detection_delay                        0x200021a0   Data           4  app_button.o(.data)
    m_pin_state                              0x200021a4   Data           4  app_button.o(.data)
    m_pin_transition                         0x200021a8   Data           4  app_button.o(.data)
    .data                                    0x200021ac   Section       32  app_timer.o(.data)
    m_user_array_size                        0x200021ac   Data           1  app_timer.o(.data)
    m_ticks_elapsed_q_read_ind               0x200021ad   Data           1  app_timer.o(.data)
    m_ticks_elapsed_q_write_ind              0x200021ae   Data           1  app_timer.o(.data)
    m_rtc1_running                           0x200021af   Data           1  app_timer.o(.data)
    m_rtc1_reset                             0x200021b0   Data           1  app_timer.o(.data)
    mp_users                                 0x200021b4   Data           4  app_timer.o(.data)
    mp_timer_id_head                         0x200021b8   Data           4  app_timer.o(.data)
    m_ticks_latest                           0x200021bc   Data           4  app_timer.o(.data)
    m_evt_schedule_func                      0x200021c0   Data           4  app_timer.o(.data)
    m_ticks_elapsed                          0x200021c4   Data           8  app_timer.o(.data)
    .data                                    0x200021cc   Section        8  dfu_app_handler.o(.data)
    m_reset_prepare                          0x200021cc   Data           4  dfu_app_handler.o(.data)
    m_dm_handle                              0x200021d0   Data           4  dfu_app_handler.o(.data)
    .data                                    0x200021d4   Section       20  softdevice_handler.o(.data)
    m_softdevice_enabled                     0x200021d4   Data           1  softdevice_handler.o(.data)
    m_ble_evt_buffer_size                    0x200021d6   Data           2  softdevice_handler.o(.data)
    m_evt_schedule_func                      0x200021d8   Data           4  softdevice_handler.o(.data)
    mp_ble_evt_buffer                        0x200021dc   Data           4  softdevice_handler.o(.data)
    m_ble_evt_handler                        0x200021e0   Data           4  softdevice_handler.o(.data)
    m_sys_evt_handler                        0x200021e4   Data           4  softdevice_handler.o(.data)
    .data                                    0x200021e8   Section        4  system_nrf52.o(.data)
    __tagsym$$used                           0x200021e8   Number         0  system_nrf52.o(.data)
    .bss                                     0x200021ec   Section       32  main.o(.bss)
    m_battery_timer_id_data                  0x200021ec   Data          32  main.o(.bss)
    .bss                                     0x2000220c   Section       32  main.o(.bss)
    m_rsc_meas_timer_id_data                 0x2000220c   Data          32  main.o(.bss)
    .bss                                     0x2000222c   Section      692  main.o(.bss)
    APP_TIMER_BUF                            0x2000222c   Data         456  main.o(.bss)
    BLE_EVT_BUFFER                           0x200023f4   Data          72  main.o(.bss)
    m_bas                                    0x2000243c   Data          24  main.o(.bss)
    m_rscs                                   0x20002454   Data          28  main.o(.bss)
    m_battery_sim_cfg                        0x20002470   Data          16  main.o(.bss)
    m_speed_mps_sim_cfg                      0x20002480   Data          16  main.o(.bss)
    m_cadence_rpm_sim_cfg                    0x20002490   Data          16  main.o(.bss)
    m_cadence_stl_sim_cfg                    0x200024a0   Data          16  main.o(.bss)
    m_dfus                                   0x200024b0   Data          48  main.o(.bss)
    .bss                                     0x200024e0   Section       32  bsp.o(.bss)
    m_leds_timer_id_data                     0x200024e0   Data          32  bsp.o(.bss)
    .bss                                     0x20002500   Section       32  bsp.o(.bss)
    m_alert_timer_id_data                    0x20002500   Data          32  bsp.o(.bss)
    .bss                                     0x20002520   Section       12  bsp.o(.bss)
    m_events_list                            0x20002520   Data          12  bsp.o(.bss)
    .bss                                     0x2000252c   Section       32  bsp.o(.bss)
    m_button_timer_id_data                   0x2000252c   Data          32  bsp.o(.bss)
    .bss                                     0x2000254c   Section      259  ble_advertising.o(.bss)
    m_advdata                                0x2000254c   Data          56  ble_advertising.o(.bss)
    m_adv_modes_config                       0x20002584   Data          36  ble_advertising.o(.bss)
    m_whitelist                              0x200025a8   Data          16  ble_advertising.o(.bss)
    mp_whitelist_addr                        0x200025b8   Data          32  ble_advertising.o(.bss)
    mp_whitelist_irk                         0x200025d8   Data          32  ble_advertising.o(.bss)
    m_manuf_specific_data                    0x200025f8   Data          12  ble_advertising.o(.bss)
    m_manuf_data_array                       0x20002604   Data          31  ble_advertising.o(.bss)
    m_service_data                           0x20002624   Data          12  ble_advertising.o(.bss)
    m_service_data_array                     0x20002630   Data          31  ble_advertising.o(.bss)
    .bss                                     0x20002650   Section       32  ble_conn_params.o(.bss)
    m_conn_params_timer_id_data              0x20002650   Data          32  ble_conn_params.o(.bss)
    .bss                                     0x20002670   Section       28  ble_conn_params.o(.bss)
    m_conn_params_config                     0x20002670   Data          28  ble_conn_params.o(.bss)
    .bss                                     0x2000268c   Section      307  device_manager_peripheral.o(.bss)
    m_peer_table                             0x2000268c   Data         196  device_manager_peripheral.o(.bss)
    m_bond_table                             0x20002750   Data          28  device_manager_peripheral.o(.bss)
    m_gatts_table                            0x2000276c   Data          36  device_manager_peripheral.o(.bss)
    m_connection_table                       0x20002790   Data          12  device_manager_peripheral.o(.bss)
    m_application_table                      0x2000279c   Data          12  device_manager_peripheral.o(.bss)
    m_local_id_info                          0x200027a8   Data          23  device_manager_peripheral.o(.bss)
    .bss                                     0x200027c0   Section       88  nrf_drv_gpiote.o(.bss)
    m_cb                                     0x200027c0   Data          88  nrf_drv_gpiote.o(.bss)
    .bss                                     0x20002818   Section       32  nrf_drv_uart.o(.bss)
    m_cb                                     0x20002818   Data          32  nrf_drv_uart.o(.bss)
    .bss                                     0x20002838   Section      216  pstorage.o(.bss)
    m_cmd_queue                              0x20002838   Data         204  pstorage.o(.bss)
    m_app_table                              0x20002904   Data          12  pstorage.o(.bss)
    .bss                                     0x20002910   Section       32  app_button.o(.bss)
    m_detection_delay_timer_id_data          0x20002910   Data          32  app_button.o(.bss)
    .bss                                     0x20002930   Section       88  fstorage.o(.bss)
    m_queue                                  0x20002930   Data          88  fstorage.o(.bss)
    .bss                                     0x20002988   Section       60  dfu_app_handler.o(.bss)
    m_peer_data                              0x20002988   Data          60  dfu_app_handler.o(.bss)
    .bss                                     0x200029c4   Section       12  softdevice_handler.o(.bss)
    STACK                                    0x200029d0   Section     8192  arm_startup_nrf52.o(STACK)

    Global Symbols

    Symbol Name                              Value     Ov Type        Size  Object(Section)

    BuildAttributes$$THM_ISAv4$E$P$D$K$B$S$7EM$VFPi3$EXTD16$VFPS$VFMA$PE$A:L22UL41UL21$X:L11$S22US41US21$IEEE1$IW$USESV6$~STKCKD$USESV7$~SHL$OSPACE$ROPI$EBA8$MICROLIB$REQ8$PRES8$EABIv2 0x00000000   Number         0  anon$$obj.o ABSOLUTE
    __ARM_use_no_argv                        0x00000000   Number         0  main.o ABSOLUTE
    __cpp_initialize__aeabi_                  - Undefined Weak Reference
    __cxa_finalize                            - Undefined Weak Reference
    _clock_init                               - Undefined Weak Reference
    _microlib_exit                            - Undefined Weak Reference
    fs_data$$Base                             - Undefined Reference
    fs_data$$Limit                            - Undefined Reference
    __Vectors_Size                           0x00000400   Number         0  arm_startup_nrf52.o ABSOLUTE
    __Vectors                                0x0001c000   Data           4  arm_startup_nrf52.o(RESET)
    __Vectors_End                            0x0001c400   Data           0  arm_startup_nrf52.o(RESET)
    __main                                   0x0001c401   Thumb Code     0  entry.o(.ARM.Collect$$$$00000000)
    _main_stk                                0x0001c401   Thumb Code     0  entry2.o(.ARM.Collect$$$$00000001)
    _main_scatterload                        0x0001c405   Thumb Code     0  entry5.o(.ARM.Collect$$$$00000004)
    __main_after_scatterload                 0x0001c409   Thumb Code     0  entry5.o(.ARM.Collect$$$$00000004)
    _main_clock                              0x0001c409   Thumb Code     0  entry7b.o(.ARM.Collect$$$$00000008)
    _main_cpp_init                           0x0001c409   Thumb Code     0  entry8b.o(.ARM.Collect$$$$0000000A)
    _main_init                               0x0001c409   Thumb Code     0  entry9a.o(.ARM.Collect$$$$0000000B)
    __rt_final_cpp                           0x0001c411   Thumb Code     0  entry10a.o(.ARM.Collect$$$$0000000D)
    __rt_final_exit                          0x0001c411   Thumb Code     0  entry11a.o(.ARM.Collect$$$$0000000F)
    __asm___11_nrf_delay_c_532987f3__nrf_delay_us 0x0001c415   Thumb Code   118  nrf_delay.o(.emb_text)
    __asm___11_app_timer_c_cd27f9c3__nrf_delay_us 0x0001c48d   Thumb Code   118  app_timer.o(.emb_text)
    __asm___17_bootloader_util_c_c13d365c__bootloader_util_reset 0x0001c505   Thumb Code    52  bootloader_util.o(.emb_text)
    Reset_Handler                            0x0001c539   Thumb Code     8  arm_startup_nrf52.o(.text)
    NMI_Handler                              0x0001c541   Thumb Code     2  arm_startup_nrf52.o(.text)
    HardFault_Handler                        0x0001c543   Thumb Code     2  arm_startup_nrf52.o(.text)
    MemoryManagement_Handler                 0x0001c545   Thumb Code     2  arm_startup_nrf52.o(.text)
    BusFault_Handler                         0x0001c547   Thumb Code     2  arm_startup_nrf52.o(.text)
    UsageFault_Handler                       0x0001c549   Thumb Code     2  arm_startup_nrf52.o(.text)
    SVC_Handler                              0x0001c54b   Thumb Code     2  arm_startup_nrf52.o(.text)
    DebugMon_Handler                         0x0001c54d   Thumb Code     2  arm_startup_nrf52.o(.text)
    PendSV_Handler                           0x0001c54f   Thumb Code     2  arm_startup_nrf52.o(.text)
    SysTick_Handler                          0x0001c551   Thumb Code     2  arm_startup_nrf52.o(.text)
    CCM_AAR_IRQHandler                       0x0001c553   Thumb Code     0  arm_startup_nrf52.o(.text)
    COMP_LPCOMP_IRQHandler                   0x0001c553   Thumb Code     0  arm_startup_nrf52.o(.text)
    ECB_IRQHandler                           0x0001c553   Thumb Code     0  arm_startup_nrf52.o(.text)
    FPU_IRQHandler                           0x0001c553   Thumb Code     0  arm_startup_nrf52.o(.text)
    I2S_IRQHandler                           0x0001c553   Thumb Code     0  arm_startup_nrf52.o(.text)
    MWU_IRQHandler                           0x0001c553   Thumb Code     0  arm_startup_nrf52.o(.text)
    NFCT_IRQHandler                          0x0001c553   Thumb Code     0  arm_startup_nrf52.o(.text)
    PDM_IRQHandler                           0x0001c553   Thumb Code     0  arm_startup_nrf52.o(.text)
    POWER_CLOCK_IRQHandler                   0x0001c553   Thumb Code     0  arm_startup_nrf52.o(.text)
    PWM0_IRQHandler                          0x0001c553   Thumb Code     0  arm_startup_nrf52.o(.text)
    PWM1_IRQHandler                          0x0001c553   Thumb Code     0  arm_startup_nrf52.o(.text)
    PWM2_IRQHandler                          0x0001c553   Thumb Code     0  arm_startup_nrf52.o(.text)
    QDEC_IRQHandler                          0x0001c553   Thumb Code     0  arm_startup_nrf52.o(.text)
    RADIO_IRQHandler                         0x0001c553   Thumb Code     0  arm_startup_nrf52.o(.text)
    RNG_IRQHandler                           0x0001c553   Thumb Code     0  arm_startup_nrf52.o(.text)
    RTC0_IRQHandler                          0x0001c553   Thumb Code     0  arm_startup_nrf52.o(.text)
    RTC2_IRQHandler                          0x0001c553   Thumb Code     0  arm_startup_nrf52.o(.text)
    SAADC_IRQHandler                         0x0001c553   Thumb Code     0  arm_startup_nrf52.o(.text)
    SPIM0_SPIS0_TWIM0_TWIS0_SPI0_TWI0_IRQHandler 0x0001c553   Thumb Code     0  arm_startup_nrf52.o(.text)
    SPIM1_SPIS1_TWIM1_TWIS1_SPI1_TWI1_IRQHandler 0x0001c553   Thumb Code     0  arm_startup_nrf52.o(.text)
    SPIM2_SPIS2_SPI2_IRQHandler              0x0001c553   Thumb Code     0  arm_startup_nrf52.o(.text)
    SWI1_EGU1_IRQHandler                     0x0001c553   Thumb Code     0  arm_startup_nrf52.o(.text)
    SWI3_EGU3_IRQHandler                     0x0001c553   Thumb Code     0  arm_startup_nrf52.o(.text)
    SWI4_EGU4_IRQHandler                     0x0001c553   Thumb Code     0  arm_startup_nrf52.o(.text)
    SWI5_EGU5_IRQHandler                     0x0001c553   Thumb Code     0  arm_startup_nrf52.o(.text)
    TEMP_IRQHandler                          0x0001c553   Thumb Code     0  arm_startup_nrf52.o(.text)
    TIMER0_IRQHandler                        0x0001c553   Thumb Code     0  arm_startup_nrf52.o(.text)
    TIMER1_IRQHandler                        0x0001c553   Thumb Code     0  arm_startup_nrf52.o(.text)
    TIMER2_IRQHandler                        0x0001c553   Thumb Code     0  arm_startup_nrf52.o(.text)
    TIMER3_IRQHandler                        0x0001c553   Thumb Code     0  arm_startup_nrf52.o(.text)
    TIMER4_IRQHandler                        0x0001c553   Thumb Code     0  arm_startup_nrf52.o(.text)
    WDT_IRQHandler                           0x0001c553   Thumb Code     0  arm_startup_nrf52.o(.text)
    __aeabi_memcpy                           0x0001c55d   Thumb Code    36  memcpya.o(.text)
    __aeabi_memcpy4                          0x0001c55d   Thumb Code     0  memcpya.o(.text)
    __aeabi_memcpy8                          0x0001c55d   Thumb Code     0  memcpya.o(.text)
    __aeabi_memset                           0x0001c581   Thumb Code    14  memseta.o(.text)
    __aeabi_memset4                          0x0001c581   Thumb Code     0  memseta.o(.text)
    __aeabi_memset8                          0x0001c581   Thumb Code     0  memseta.o(.text)
    __aeabi_memclr                           0x0001c58f   Thumb Code     4  memseta.o(.text)
    __aeabi_memclr4                          0x0001c58f   Thumb Code     0  memseta.o(.text)
    __aeabi_memclr8                          0x0001c58f   Thumb Code     0  memseta.o(.text)
    _memset$wrapper                          0x0001c593   Thumb Code    18  memseta.o(.text)
    strlen                                   0x0001c5a5   Thumb Code    14  strlen.o(.text)
    memcmp                                   0x0001c5b3   Thumb Code    26  memcmp.o(.text)
    __scatterload                            0x0001c5cd   Thumb Code    28  init.o(.text)
    __scatterload_rt2                        0x0001c5cd   Thumb Code     0  init.o(.text)
    __decompress                             0x0001c5f1   Thumb Code     0  __dczerorl.o(.text)
    __decompress0                            0x0001c5f1   Thumb Code    58  __dczerorl.o(.text)
    GPIOTE_IRQHandler                        0x0001c62d   Thumb Code   316  nrf_drv_gpiote.o(i.GPIOTE_IRQHandler)
    RTC1_IRQHandler                          0x0001c7d9   Thumb Code    32  app_timer.o(i.RTC1_IRQHandler)
    SWI0_EGU0_IRQHandler                     0x0001c7fd   Thumb Code     4  app_timer.o(i.SWI0_EGU0_IRQHandler)
    SWI2_EGU2_IRQHandler                     0x0001c801   Thumb Code    32  softdevice_handler.o(i.SWI2_EGU2_IRQHandler)
    SystemInit                               0x0001c825   Thumb Code   566  system_nrf52.o(i.SystemInit)
    UARTE0_UART0_IRQHandler                  0x0001ca91   Thumb Code    14  nrf_drv_uart.o(i.UARTE0_UART0_IRQHandler)
    __scatterload_copy                       0x0001caa5   Thumb Code    14  handlers.o(i.__scatterload_copy)
    __scatterload_null                       0x0001cab3   Thumb Code     2  handlers.o(i.__scatterload_null)
    __scatterload_zeroinit                   0x0001cab5   Thumb Code    14  handlers.o(i.__scatterload_zeroinit)
    adv_data_encode                          0x0001cac3   Thumb Code   514  ble_advdata.o(i.adv_data_encode)
    app_button_enable                        0x0001cd1d   Thumb Code    32  app_button.o(i.app_button_enable)
    app_button_init                          0x0001cd41   Thumb Code    96  app_button.o(i.app_button_init)
    app_error_fault_handler                  0x0001ce1d   Thumb Code    26  app_error_weak.o(i.app_error_fault_handler)
    app_error_handler_bare                   0x0001ce41   Thumb Code    22  app_error.o(i.app_error_handler_bare)
    app_timer_create                         0x0001ceb5   Thumb Code    32  app_timer.o(i.app_timer_create)
    app_timer_init                           0x0001ced9   Thumb Code   134  app_timer.o(i.app_timer_init)
    app_timer_start                          0x0001cf69   Thumb Code   118  app_timer.o(i.app_timer_start)
    app_timer_stop                           0x0001cfe9   Thumb Code    76  app_timer.o(i.app_timer_stop)
    ble_advdata_set                          0x0001d1c9   Thumb Code   104  ble_advdata.o(i.ble_advdata_set)
    ble_advertising_init                     0x0001d231   Thumb Code   274  ble_advertising.o(i.ble_advertising_init)
    ble_advertising_on_ble_evt               0x0001d34d   Thumb Code   122  ble_advertising.o(i.ble_advertising_on_ble_evt)
    ble_advertising_on_sys_evt               0x0001d3cd   Thumb Code    46  ble_advertising.o(i.ble_advertising_on_sys_evt)
    ble_advertising_restart_without_whitelist 0x0001d411   Thumb Code    70  ble_advertising.o(i.ble_advertising_restart_without_whitelist)
    ble_advertising_start                    0x0001d461   Thumb Code   470  ble_advertising.o(i.ble_advertising_start)
    ble_bas_battery_level_update             0x0001d641   Thumb Code   122  ble_bas.o(i.ble_bas_battery_level_update)
    ble_bas_init                             0x0001d6bb   Thumb Code    68  ble_bas.o(i.ble_bas_init)
    ble_bas_on_ble_evt                       0x0001d6ff   Thumb Code    88  ble_bas.o(i.ble_bas_on_ble_evt)
    ble_conn_params_init                     0x0001d759   Thumb Code    72  ble_conn_params.o(i.ble_conn_params_init)
    ble_conn_params_on_ble_evt               0x0001d7b1   Thumb Code   120  ble_conn_params.o(i.ble_conn_params_on_ble_evt)
    ble_conn_params_stop                     0x0001d835   Thumb Code     8  ble_conn_params.o(i.ble_conn_params_stop)
    ble_dfu_init                             0x0001d8a1   Thumb Code   130  ble_dfu.o(i.ble_dfu_init)
    ble_dfu_on_ble_evt                       0x0001d92d   Thumb Code   138  ble_dfu.o(i.ble_dfu_on_ble_evt)
    ble_dfu_response_send                    0x0001d9b9   Thumb Code    90  ble_dfu.o(i.ble_dfu_response_send)
    ble_dis_init                             0x0001da19   Thumb Code   296  ble_dis.o(i.ble_dis_init)
    ble_rscs_init                            0x0001dbad   Thumb Code    76  ble_rscs.o(i.ble_rscs_init)
    ble_rscs_measurement_send                0x0001dbf9   Thumb Code   100  ble_rscs.o(i.ble_rscs_measurement_send)
    ble_rscs_on_ble_evt                      0x0001dc5d   Thumb Code    82  ble_rscs.o(i.ble_rscs_on_ble_evt)
    ble_srv_ascii_to_utf8                    0x0001dcaf   Thumb Code    18  ble_srv_common.o(i.ble_srv_ascii_to_utf8)
    ble_srv_report_ref_encode                0x0001dcc1   Thumb Code    12  ble_srv_common.o(i.ble_srv_report_ref_encode)
    bond_data_load                           0x0001dd49   Thumb Code    60  device_manager_peripheral.o(i.bond_data_load)
    bootloader_util_app_start                0x0001de19   Thumb Code     4  bootloader_util.o(i.bootloader_util_app_start)
    bsp_btn_ble_init                         0x0001de1d   Thumb Code    72  bsp_btn_ble.o(i.bsp_btn_ble_init)
    bsp_btn_ble_on_ble_evt                   0x0001de69   Thumb Code   106  bsp_btn_ble.o(i.bsp_btn_ble_on_ble_evt)
    bsp_btn_ble_sleep_mode_prepare           0x0001ded9   Thumb Code    18  bsp_btn_ble.o(i.bsp_btn_ble_sleep_mode_prepare)
    bsp_button_is_pressed                    0x0001df95   Thumb Code    34  bsp.o(i.bsp_button_is_pressed)
    bsp_event_to_button_action_assign        0x0001dffd   Thumb Code    64  bsp.o(i.bsp_event_to_button_action_assign)
    bsp_indication_set                       0x0001e041   Thumb Code    20  bsp.o(i.bsp_indication_set)
    bsp_init                                 0x0001e059   Thumb Code   140  bsp.o(i.bsp_init)
    bsp_wakeup_buttons_set                   0x0001e321   Thumb Code    54  bsp.o(i.bsp_wakeup_buttons_set)
    dfu_app_dm_appl_instance_set             0x0001eaf9   Thumb Code    20  dfu_app_handler.o(i.dfu_app_dm_appl_instance_set)
    dfu_app_on_dfu_evt                       0x0001eb11   Thumb Code    38  dfu_app_handler.o(i.dfu_app_on_dfu_evt)
    dfu_app_reset_prepare_set                0x0001ebd9   Thumb Code     6  dfu_app_handler.o(i.dfu_app_reset_prepare_set)
    dm_application_context_delete            0x0001edbb   Thumb Code     6  device_manager_peripheral.o(i.dm_application_context_delete)
    dm_application_context_get               0x0001edc1   Thumb Code     6  device_manager_peripheral.o(i.dm_application_context_get)
    dm_application_context_set               0x0001edc7   Thumb Code     6  device_manager_peripheral.o(i.dm_application_context_set)
    dm_application_instance_set              0x0001edcd   Thumb Code    42  device_manager_peripheral.o(i.dm_application_instance_set)
    dm_ble_evt_handler                       0x0001ee01   Thumb Code  1110  device_manager_peripheral.o(i.dm_ble_evt_handler)
    dm_distributed_keys_get                  0x0001f259   Thumb Code   170  device_manager_peripheral.o(i.dm_distributed_keys_get)
    dm_handle_get                            0x0001f311   Thumb Code    58  device_manager_peripheral.o(i.dm_handle_get)
    dm_handle_initialize                     0x0001f351   Thumb Code    22  device_manager_peripheral.o(i.dm_handle_initialize)
    dm_init                                  0x0001f369   Thumb Code   182  device_manager_peripheral.o(i.dm_init)
    dm_peer_addr_get                         0x0001f431   Thumb Code   112  device_manager_peripheral.o(i.dm_peer_addr_get)
    dm_register                              0x0001f611   Thumb Code    92  device_manager_peripheral.o(i.dm_register)
    fs_queued_op_count_get                   0x0001f769   Thumb Code    16  fstorage.o(i.fs_queued_op_count_get)
    intern_softdevice_events_execute         0x0001fa81   Thumb Code   106  softdevice_handler.o(i.intern_softdevice_events_execute)
    main                                     0x0001fd4d   Thumb Code   314  main.o(i.main)
    nrf_delay_ms                             0x0001ffd1   Thumb Code    26  nrf_delay.o(i.nrf_delay_ms)
    nrf_drv_common_irq_enable                0x0001ffeb   Thumb Code    56  nrf_drv_common.o(i.nrf_drv_common_irq_enable)
    nrf_drv_gpiote_in_event_enable           0x00020025   Thumb Code   150  nrf_drv_gpiote.o(i.nrf_drv_gpiote_in_event_enable)
    nrf_drv_gpiote_in_init                   0x000200c9   Thumb Code   170  nrf_drv_gpiote.o(i.nrf_drv_gpiote_in_init)
    nrf_drv_gpiote_in_is_set                 0x00020181   Thumb Code    16  nrf_drv_gpiote.o(i.nrf_drv_gpiote_in_is_set)
    nrf_drv_gpiote_init                      0x00020195   Thumb Code    76  nrf_drv_gpiote.o(i.nrf_drv_gpiote_init)
    nrf_drv_gpiote_is_init                   0x000201e9   Thumb Code    14  nrf_drv_gpiote.o(i.nrf_drv_gpiote_is_init)
    pstorage_access_status_get               0x0002046d   Thumb Code    28  pstorage.o(i.pstorage_access_status_get)
    pstorage_block_identifier_get            0x00020491   Thumb Code    66  pstorage.o(i.pstorage_block_identifier_get)
    pstorage_clear                           0x000204dd   Thumb Code   138  pstorage.o(i.pstorage_clear)
    pstorage_init                            0x00020599   Thumb Code    68  pstorage.o(i.pstorage_init)
    pstorage_load                            0x000205e5   Thumb Code   148  pstorage.o(i.pstorage_load)
    pstorage_register                        0x00020681   Thumb Code   172  pstorage.o(i.pstorage_register)
    pstorage_store                           0x00020735   Thumb Code   118  pstorage.o(i.pstorage_store)
    pstorage_sys_event_handler               0x000207b5   Thumb Code    66  pstorage.o(i.pstorage_sys_event_handler)
    pstorage_update                          0x000207fd   Thumb Code   118  pstorage.o(i.pstorage_update)
    sd_check_ram_start                       0x00020b81   Thumb Code    10  softdevice_handler.o(i.sd_check_ram_start)
    sensorsim_decrement                      0x00020c99   Thumb Code    28  sensorsim.o(i.sensorsim_decrement)
    sensorsim_increment                      0x00020cb5   Thumb Code    28  sensorsim.o(i.sensorsim_increment)
    sensorsim_init                           0x00020cd1   Thumb Code    22  sensorsim.o(i.sensorsim_init)
    sensorsim_measure                        0x00020ce7   Thumb Code    26  sensorsim.o(i.sensorsim_measure)
    softdevice_ble_evt_handler_set           0x00020f61   Thumb Code    14  softdevice_handler.o(i.softdevice_ble_evt_handler_set)
    softdevice_enable                        0x00020f75   Thumb Code    14  softdevice_handler.o(i.softdevice_enable)
    softdevice_enable_get_default_config     0x00020f89   Thumb Code    38  softdevice_handler.o(i.softdevice_enable_get_default_config)
    softdevice_fault_handler                 0x00020faf   Thumb Code     4  softdevice_handler.o(i.softdevice_fault_handler)
    softdevice_handler_init                  0x00020fb5   Thumb Code    42  softdevice_handler.o(i.softdevice_handler_init)
    softdevice_sys_evt_handler_set           0x00020fe9   Thumb Code    14  softdevice_handler.o(i.softdevice_sys_evt_handler_set)
    m_service_context_store                  0x000217c8   Data          16  device_manager_peripheral.o(.constdata)
    m_service_context_load                   0x000217d8   Data          16  device_manager_peripheral.o(.constdata)
    m_service_context_apply                  0x000217e8   Data          16  device_manager_peripheral.o(.constdata)
    Region$$Table$$Base                      0x00021838   Number         0  anon$$obj.o(Region$$Table)
    Region$$Table$$Limit                     0x00021858   Number         0  anon$$obj.o(Region$$Table)
    Image$$RW_IRAM1$$Base                    0x20002080   Number         0  anon$$obj.o ABSOLUTE
    SystemCoreClock                          0x200021e8   Data           4  system_nrf52.o(.data)
    nrf_nvic_state                           0x200029c4   Data          12  softdevice_handler.o(.bss)
    __initial_sp                             0x200049d0   Data           0  arm_startup_nrf52.o(STACK)



==============================================================================

Memory Map of the image

  Image Entry point : 0x0001c401

  Load Region LR_IROM1 (Base: 0x0001c000, Size: 0x000059c4, Max: 0x00064000, ABSOLUTE, COMPRESSED[0x00005878])

    Execution Region ER_IROM1 (Base: 0x0001c000, Size: 0x00005858, Max: 0x00064000, ABSOLUTE)

    Base Addr    Size         Type   Attr      Idx    E Section Name        Object

    0x0001c000   0x00000400   Data   RO         3129    RESET               arm_startup_nrf52.o
    0x0001c400   0x00000000   Code   RO         3170  * .ARM.Collect$$$$00000000  mc_w.l(entry.o)
    0x0001c400   0x00000004   Code   RO         3213    .ARM.Collect$$$$00000001  mc_w.l(entry2.o)
    0x0001c404   0x00000004   Code   RO         3216    .ARM.Collect$$$$00000004  mc_w.l(entry5.o)
    0x0001c408   0x00000000   Code   RO         3218    .ARM.Collect$$$$00000008  mc_w.l(entry7b.o)
    0x0001c408   0x00000000   Code   RO         3220    .ARM.Collect$$$$0000000A  mc_w.l(entry8b.o)
    0x0001c408   0x00000008   Code   RO         3221    .ARM.Collect$$$$0000000B  mc_w.l(entry9a.o)
    0x0001c410   0x00000000   Code   RO         3223    .ARM.Collect$$$$0000000D  mc_w.l(entry10a.o)
    0x0001c410   0x00000000   Code   RO         3225    .ARM.Collect$$$$0000000F  mc_w.l(entry11a.o)
    0x0001c410   0x00000004   Code   RO         3214    .ARM.Collect$$$$00002712  mc_w.l(entry2.o)
    0x0001c414   0x00000076   Code   RO         1392    .emb_text           nrf_delay.o
    0x0001c48a   0x00000002   PAD
    0x0001c48c   0x00000076   Code   RO         2305    .emb_text           app_timer.o
    0x0001c502   0x00000002   PAD
    0x0001c504   0x00000034   Code   RO         2795    .emb_text           bootloader_util.o
    0x0001c538   0x00000024   Code   RO         3130    .text               arm_startup_nrf52.o
    0x0001c55c   0x00000024   Code   RO         3173    .text               mc_w.l(memcpya.o)
    0x0001c580   0x00000024   Code   RO         3175    .text               mc_w.l(memseta.o)
    0x0001c5a4   0x0000000e   Code   RO         3177    .text               mc_w.l(strlen.o)
    0x0001c5b2   0x0000001a   Code   RO         3179    .text               mc_w.l(memcmp.o)
    0x0001c5cc   0x00000024   Code   RO         3242    .text               mc_w.l(init.o)
    0x0001c5f0   0x0000003a   Code   RO         3260    .text               mc_w.l(__dczerorl.o)
    0x0001c62a   0x00000002   PAD
    0x0001c62c   0x00000148   Code   RO         1459    i.GPIOTE_IRQHandler  nrf_drv_gpiote.o
    0x0001c774   0x00000016   Code   RO         2306    i.NVIC_ClearPendingIRQ  app_timer.o
    0x0001c78a   0x00000016   Code   RO         2307    i.NVIC_EnableIRQ    app_timer.o
    0x0001c7a0   0x00000016   Code   RO         2308    i.NVIC_SetPendingIRQ  app_timer.o
    0x0001c7b6   0x00000020   Code   RO         2309    i.NVIC_SetPriority  app_timer.o
    0x0001c7d6   0x00000002   PAD
    0x0001c7d8   0x00000024   Code   RO         2310    i.RTC1_IRQHandler   app_timer.o
    0x0001c7fc   0x00000004   Code   RO         2311    i.SWI0_EGU0_IRQHandler  app_timer.o
    0x0001c800   0x00000024   Code   RO         3029    i.SWI2_EGU2_IRQHandler  softdevice_handler.o
    0x0001c824   0x0000026c   Code   RO         3138    i.SystemInit        system_nrf52.o
    0x0001ca90   0x00000014   Code   RO         1658    i.UARTE0_UART0_IRQHandler  nrf_drv_uart.o
    0x0001caa4   0x0000000e   Code   RO         3254    i.__scatterload_copy  mc_w.l(handlers.o)
    0x0001cab2   0x00000002   Code   RO         3255    i.__scatterload_null  mc_w.l(handlers.o)
    0x0001cab4   0x0000000e   Code   RO         3256    i.__scatterload_zeroinit  mc_w.l(handlers.o)
    0x0001cac2   0x00000202   Code   RO          500    i.adv_data_encode   ble_advdata.o
    0x0001ccc4   0x00000036   Code   RO          457    i.advertising_buttons_configure  bsp_btn_ble.o
    0x0001ccfa   0x00000002   PAD
    0x0001ccfc   0x00000020   Code   RO          346    i.alert_timer_handler  bsp.o
    0x0001cd1c   0x00000024   Code   RO         2106    i.app_button_enable  app_button.o
    0x0001cd40   0x00000070   Code   RO         2107    i.app_button_init   app_button.o
    0x0001cdb0   0x0000006c   Code   RO            5    i.app_context_load  main.o
    0x0001ce1c   0x00000024   Code   RO         2207    i.app_error_fault_handler  app_error_weak.o
    0x0001ce40   0x00000016   Code   RO         2168    i.app_error_handler_bare  app_error.o
    0x0001ce56   0x00000002   PAD
    0x0001ce58   0x0000000c   Code   RO          937    i.app_evt_notify    device_manager_peripheral.o
    0x0001ce64   0x0000002c   Code   RO         1859    i.app_notify        pstorage.o
    0x0001ce90   0x00000024   Code   RO         1860    i.app_notify_error_state_transit  pstorage.o
    0x0001ceb4   0x00000024   Code   RO         2314    i.app_timer_create  app_timer.o
    0x0001ced8   0x00000090   Code   RO         2315    i.app_timer_init    app_timer.o
    0x0001cf68   0x00000080   Code   RO         2316    i.app_timer_start   app_timer.o
    0x0001cfe8   0x00000050   Code   RO         2317    i.app_timer_stop    app_timer.o
    0x0001d038   0x0000014e   Code   RO          669    i.battery_level_char_add  ble_bas.o
    0x0001d186   0x00000002   PAD
    0x0001d188   0x00000040   Code   RO            7    i.battery_level_meas_timeout_handler  main.o
    0x0001d1c8   0x00000068   Code   RO          501    i.ble_advdata_set   ble_advdata.o
    0x0001d230   0x0000011c   Code   RO          585    i.ble_advertising_init  ble_advertising.o
    0x0001d34c   0x00000080   Code   RO          586    i.ble_advertising_on_ble_evt  ble_advertising.o
    0x0001d3cc   0x00000034   Code   RO          587    i.ble_advertising_on_sys_evt  ble_advertising.o
    0x0001d400   0x00000010   Code   RO          589    i.ble_advertising_peer_address_clear  ble_advertising.o
    0x0001d410   0x00000050   Code   RO          590    i.ble_advertising_restart_without_whitelist  ble_advertising.o
    0x0001d460   0x000001e0   Code   RO          591    i.ble_advertising_start  ble_advertising.o
    0x0001d640   0x0000007a   Code   RO          670    i.ble_bas_battery_level_update  ble_bas.o
    0x0001d6ba   0x00000044   Code   RO          671    i.ble_bas_init      ble_bas.o
    0x0001d6fe   0x00000058   Code   RO          672    i.ble_bas_on_ble_evt  ble_bas.o
    0x0001d756   0x00000002   PAD
    0x0001d758   0x00000058   Code   RO          717    i.ble_conn_params_init  ble_conn_params.o
    0x0001d7b0   0x00000084   Code   RO          718    i.ble_conn_params_on_ble_evt  ble_conn_params.o
    0x0001d834   0x0000000c   Code   RO          719    i.ble_conn_params_stop  ble_conn_params.o
    0x0001d840   0x0000005e   Code   RO          502    i.ble_device_addr_encode  ble_advdata.o
    0x0001d89e   0x00000002   PAD
    0x0001d8a0   0x0000008c   Code   RO         1207    i.ble_dfu_init      ble_dfu.o
    0x0001d92c   0x0000008a   Code   RO         1208    i.ble_dfu_on_ble_evt  ble_dfu.o
    0x0001d9b6   0x00000002   PAD
    0x0001d9b8   0x00000060   Code   RO         1210    i.ble_dfu_response_send  ble_dfu.o
    0x0001da18   0x0000012c   Code   RO          788    i.ble_dis_init      ble_dis.o
    0x0001db44   0x00000068   Code   RO            8    i.ble_evt_dispatch  main.o
    0x0001dbac   0x0000004c   Code   RO          832    i.ble_rscs_init     ble_rscs.o
    0x0001dbf8   0x00000064   Code   RO          833    i.ble_rscs_measurement_send  ble_rscs.o
    0x0001dc5c   0x00000052   Code   RO          834    i.ble_rscs_on_ble_evt  ble_rscs.o
    0x0001dcae   0x00000012   Code   RO          890    i.ble_srv_ascii_to_utf8  ble_srv_common.o
    0x0001dcc0   0x0000000c   Code   RO          891    i.ble_srv_report_ref_encode  ble_srv_common.o
    0x0001dccc   0x0000007c   Code   RO            9    i.ble_stack_init    main.o
    0x0001dd48   0x00000048   Code   RO          938    i.bond_data_load    device_manager_peripheral.o
    0x0001dd90   0x00000088   Code   RO         2818    i.bootloader_start  dfu_app_handler.o
    0x0001de18   0x00000004   Code   RO         2796    i.bootloader_util_app_start  bootloader_util.o
    0x0001de1c   0x0000004c   Code   RO          458    i.bsp_btn_ble_init  bsp_btn_ble.o
    0x0001de68   0x00000070   Code   RO          459    i.bsp_btn_ble_on_ble_evt  bsp_btn_ble.o
    0x0001ded8   0x00000012   Code   RO          460    i.bsp_btn_ble_sleep_mode_prepare  bsp_btn_ble.o
    0x0001deea   0x00000002   PAD
    0x0001deec   0x000000a8   Code   RO          347    i.bsp_button_event_handler  bsp.o
    0x0001df94   0x0000002c   Code   RO          348    i.bsp_button_is_pressed  bsp.o
    0x0001dfc0   0x0000003c   Code   RO           10    i.bsp_event_handler  main.o
    0x0001dffc   0x00000044   Code   RO          352    i.bsp_event_to_button_action_assign  bsp.o
    0x0001e040   0x00000018   Code   RO          353    i.bsp_indication_set  bsp.o
    0x0001e058   0x000000a4   Code   RO          355    i.bsp_init          bsp.o
    0x0001e0fc   0x00000224   Code   RO          356    i.bsp_led_indication  bsp.o
    0x0001e320   0x0000003c   Code   RO          357    i.bsp_wakeup_buttons_set  bsp.o
    0x0001e35c   0x00000008   Code   RO          358    i.button_timer_handler  bsp.o
    0x0001e364   0x0000001c   Code   RO         1460    i.channel_free      nrf_drv_gpiote.o
    0x0001e380   0x00000048   Code   RO         1461    i.channel_port_alloc  nrf_drv_gpiote.o
    0x0001e3c8   0x00000010   Code   RO         1462    i.channel_port_get  nrf_drv_gpiote.o
    0x0001e3d8   0x000000a0   Code   RO          789    i.char_add          ble_dis.o
    0x0001e478   0x000000fc   Code   RO         1861    i.clear_operation_execute  pstorage.o
    0x0001e574   0x00000020   Code   RO         1862    i.clear_post_processing_run  pstorage.o
    0x0001e594   0x00000034   Code   RO         1863    i.cmd_process       pstorage.o
    0x0001e5c8   0x00000020   Code   RO         1864    i.cmd_queue_element_init  pstorage.o
    0x0001e5e8   0x00000054   Code   RO         1865    i.cmd_queue_enqueue  pstorage.o
    0x0001e63c   0x00000040   Code   RO         1866    i.command_end_procedure_run  pstorage.o
    0x0001e67c   0x000000ac   Code   RO         2319    i.compare_reg_update  app_timer.o
    0x0001e728   0x00000088   Code   RO          503    i.conn_int_encode   ble_advdata.o
    0x0001e7b0   0x00000004   Code   RO           11    i.conn_params_error_handler  main.o
    0x0001e7b4   0x0000005c   Code   RO          720    i.conn_params_negotiation  ble_conn_params.o
    0x0001e810   0x0000002c   Code   RO          939    i.connection_instance_find  device_manager_peripheral.o
    0x0001e83c   0x00000028   Code   RO          940    i.connection_instance_init  device_manager_peripheral.o
    0x0001e864   0x00000054   Code   RO         1867    i.data_page_erase_state_run  pstorage.o
    0x0001e8b8   0x00000020   Code   RO         1868    i.data_to_swap_write_state_run  pstorage.o
    0x0001e8d8   0x00000060   Code   RO         2109    i.detection_delay_timeout_handler  app_button.o
    0x0001e938   0x000000c0   Code   RO          941    i.device_context_store  device_manager_peripheral.o
    0x0001e9f8   0x00000048   Code   RO          942    i.device_instance_find  device_manager_peripheral.o
    0x0001ea40   0x0000002c   Code   RO          943    i.device_instance_free  device_manager_peripheral.o
    0x0001ea6c   0x0000001e   Code   RO           12    i.device_manager_evt_handler  main.o
    0x0001ea8a   0x00000002   PAD
    0x0001ea8c   0x0000006c   Code   RO           13    i.device_manager_init  main.o
    0x0001eaf8   0x00000018   Code   RO         2819    i.dfu_app_dm_appl_instance_set  dfu_app_handler.o
    0x0001eb10   0x00000026   Code   RO         2820    i.dfu_app_on_dfu_evt  dfu_app_handler.o
    0x0001eb36   0x00000002   PAD
    0x0001eb38   0x0000009c   Code   RO         2821    i.dfu_app_peer_data_set  dfu_app_handler.o
    0x0001ebd4   0x00000002   Code   RO         2822    i.dfu_app_reset_prepare  dfu_app_handler.o
    0x0001ebd6   0x00000002   PAD
    0x0001ebd8   0x0000000c   Code   RO         2823    i.dfu_app_reset_prepare_set  dfu_app_handler.o
    0x0001ebe4   0x0000009c   Code   RO         1211    i.dfu_ctrl_pt_add   ble_dfu.o
    0x0001ec80   0x0000009c   Code   RO         1212    i.dfu_pkt_char_add  ble_dfu.o
    0x0001ed1c   0x0000009e   Code   RO         1213    i.dfu_rev_char_add  ble_dfu.o
    0x0001edba   0x00000006   Code   RO          944    i.dm_application_context_delete  device_manager_peripheral.o
    0x0001edc0   0x00000006   Code   RO          945    i.dm_application_context_get  device_manager_peripheral.o
    0x0001edc6   0x00000006   Code   RO          946    i.dm_application_context_set  device_manager_peripheral.o
    0x0001edcc   0x00000034   Code   RO          947    i.dm_application_instance_set  device_manager_peripheral.o
    0x0001ee00   0x00000456   Code   RO          948    i.dm_ble_evt_handler  device_manager_peripheral.o
    0x0001f256   0x00000002   PAD
    0x0001f258   0x000000b8   Code   RO          952    i.dm_distributed_keys_get  device_manager_peripheral.o
    0x0001f310   0x00000040   Code   RO          953    i.dm_handle_get     device_manager_peripheral.o
    0x0001f350   0x00000016   Code   RO          954    i.dm_handle_initialize  device_manager_peripheral.o
    0x0001f366   0x00000002   PAD
    0x0001f368   0x000000c8   Code   RO          955    i.dm_init           device_manager_peripheral.o
    0x0001f430   0x0000007c   Code   RO          956    i.dm_peer_addr_get  device_manager_peripheral.o
    0x0001f4ac   0x00000164   Code   RO          958    i.dm_pstorage_cb_handler  device_manager_peripheral.o
    0x0001f610   0x00000064   Code   RO          959    i.dm_register       device_manager_peripheral.o
    0x0001f674   0x00000040   Code   RO         2320    i.elapsed_ticks_acquire  app_timer.o
    0x0001f6b4   0x0000001c   Code   RO         1869    i.flash_api_err_code_process  pstorage.o
    0x0001f6d0   0x0000008c   Code   RO         1870    i.flash_operation_success_run  pstorage.o
    0x0001f75c   0x00000006   Code   RO         1871    i.flash_page_erase  pstorage.o
    0x0001f762   0x00000006   Code   RO         1872    i.flash_write       pstorage.o
    0x0001f768   0x00000014   Code   RO         2526    i.fs_queued_op_count_get  fstorage.o
    0x0001f77c   0x0000006c   Code   RO           14    i.gap_params_init   main.o
    0x0001f7e8   0x00000004   Code   RO          966    i.gattc_context_apply  device_manager_peripheral.o
    0x0001f7ec   0x00000004   Code   RO          967    i.gattc_context_load  device_manager_peripheral.o
    0x0001f7f0   0x00000004   Code   RO          968    i.gattc_context_store  device_manager_peripheral.o
    0x0001f7f4   0x000000b0   Code   RO          969    i.gatts_context_apply  device_manager_peripheral.o
    0x0001f8a4   0x00000038   Code   RO          970    i.gatts_context_load  device_manager_peripheral.o
    0x0001f8dc   0x000000c8   Code   RO          971    i.gatts_context_store  device_manager_peripheral.o
    0x0001f9a4   0x00000004   Code   RO          972    i.gattsc_context_apply  device_manager_peripheral.o
    0x0001f9a8   0x00000004   Code   RO          973    i.gattsc_context_load  device_manager_peripheral.o
    0x0001f9ac   0x00000004   Code   RO          974    i.gattsc_context_store  device_manager_peripheral.o
    0x0001f9b0   0x00000058   Code   RO         2110    i.gpiote_event_handler  app_button.o
    0x0001fa08   0x00000078   Code   RO         1873    i.head_restore_state_run  pstorage.o
    0x0001fa80   0x00000070   Code   RO         3030    i.intern_softdevice_events_execute  softdevice_handler.o
    0x0001faf0   0x0000001c   Code   RO          721    i.is_conn_params_ok  ble_conn_params.o
    0x0001fb0c   0x00000044   Code   RO         1874    i.is_page_erase_required  pstorage.o
    0x0001fb50   0x0000000c   Code   RO         1875    i.is_word_aligned   pstorage.o
    0x0001fb5c   0x00000054   Code   RO          504    i.le_role_encode    ble_advdata.o
    0x0001fbb0   0x00000014   Code   RO          359    i.leds_timer_handler  bsp.o
    0x0001fbc4   0x000000bc   Code   RO         2321    i.list_deletions_handler  app_timer.o
    0x0001fc80   0x000000cc   Code   RO         2322    i.list_insertions_handler  app_timer.o
    0x0001fd4c   0x00000164   Code   RO           15    i.main              main.o
    0x0001feb0   0x00000014   Code   RO         1876    i.main_state_err_busy_process  pstorage.o
    0x0001fec4   0x00000064   Code   RO          505    i.manuf_specific_data_encode  ble_advdata.o
    0x0001ff28   0x0000009c   Code   RO          506    i.name_encode       ble_advdata.o
    0x0001ffc4   0x00000004   Code   RO          975    i.no_service_context_apply  device_manager_peripheral.o
    0x0001ffc8   0x00000004   Code   RO          976    i.no_service_context_load  device_manager_peripheral.o
    0x0001ffcc   0x00000004   Code   RO          977    i.no_service_context_store  device_manager_peripheral.o
    0x0001ffd0   0x0000001a   Code   RO         1393    i.nrf_delay_ms      nrf_delay.o
    0x0001ffea   0x00000038   Code   RO         1424    i.nrf_drv_common_irq_enable  nrf_drv_common.o
    0x00020022   0x00000002   PAD
    0x00020024   0x000000a4   Code   RO         1465    i.nrf_drv_gpiote_in_event_enable  nrf_drv_gpiote.o
    0x000200c8   0x000000b8   Code   RO         1466    i.nrf_drv_gpiote_in_init  nrf_drv_gpiote.o
    0x00020180   0x00000014   Code   RO         1467    i.nrf_drv_gpiote_in_is_set  nrf_drv_gpiote.o
    0x00020194   0x00000054   Code   RO         1469    i.nrf_drv_gpiote_init  nrf_drv_gpiote.o
    0x000201e8   0x00000014   Code   RO         1470    i.nrf_drv_gpiote_is_init  nrf_drv_gpiote.o
    0x000201fc   0x00000022   Code   RO         1482    i.nrf_gpio_cfg      nrf_drv_gpiote.o
    0x0002021e   0x0000001c   Code   RO         1484    i.nrf_gpio_cfg_sense_set  nrf_drv_gpiote.o
    0x0002023a   0x00000002   PAD
    0x0002023c   0x00000014   Code   RO         1485    i.nrf_gpiote_event_clear  nrf_drv_gpiote.o
    0x00020250   0x00000010   Code   RO         1486    i.nrf_gpiote_event_is_set  nrf_drv_gpiote.o
    0x00020260   0x0000000a   Code   RO         1677    i.nrf_uart_event_check  nrf_drv_uart.o
    0x0002026a   0x0000000c   Code   RO         1678    i.nrf_uart_int_enable_check  nrf_drv_uart.o
    0x00020276   0x0000000a   Code   RO         1679    i.nrf_uarte_event_check  nrf_drv_uart.o
    0x00020280   0x00000024   Code   RO           16    i.on_adv_evt        main.o
    0x000202a4   0x0000001c   Code   RO           17    i.on_conn_params_evt  main.o
    0x000202c0   0x000000f8   Code   RO         1214    i.on_ctrl_pt_write  ble_dfu.o
    0x000203b8   0x00000014   Code   RO          593    i.peer_address_exists  ble_advertising.o
    0x000203cc   0x0000003c   Code   RO          978    i.peer_instance_init  device_manager_peripheral.o
    0x00020408   0x00000018   Code   RO         1487    i.pin_in_use_by_port  nrf_drv_gpiote.o
    0x00020420   0x00000018   Code   RO         1488    i.pin_in_use_by_te  nrf_drv_gpiote.o
    0x00020438   0x00000034   Code   RO          790    i.pnp_id_encode     ble_dis.o
    0x0002046c   0x00000024   Code   RO         1877    i.pstorage_access_status_get  pstorage.o
    0x00020490   0x0000004c   Code   RO         1878    i.pstorage_block_identifier_get  pstorage.o
    0x000204dc   0x00000094   Code   RO         1879    i.pstorage_clear    pstorage.o
    0x00020570   0x0000001e   Code   RO         1880    i.pstorage_flash_page_end  pstorage.o
    0x0002058e   0x0000000a   Code   RO         1881    i.pstorage_flash_page_size  pstorage.o
    0x00020598   0x0000004c   Code   RO         1882    i.pstorage_init     pstorage.o
    0x000205e4   0x0000009c   Code   RO         1883    i.pstorage_load     pstorage.o
    0x00020680   0x000000b4   Code   RO         1884    i.pstorage_register  pstorage.o
    0x00020734   0x00000080   Code   RO         1885    i.pstorage_store    pstorage.o
    0x000207b4   0x00000048   Code   RO         1886    i.pstorage_sys_event_handler  pstorage.o
    0x000207fc   0x00000080   Code   RO         1887    i.pstorage_update   pstorage.o
    0x0002087c   0x00000048   Code   RO           18    i.reset_prepare     main.o
    0x000208c4   0x00000094   Code   RO          835    i.rsc_feature_char_add  ble_rscs.o
    0x00020958   0x0000007c   Code   RO           19    i.rsc_meas_timeout_handler  main.o
    0x000209d4   0x000000c2   Code   RO          836    i.rsc_measurement_char_add  ble_rscs.o
    0x00020a96   0x0000005e   Code   RO          837    i.rsc_measurement_encode  ble_rscs.o
    0x00020af4   0x0000003c   Code   RO         2323    i.rtc1_stop         app_timer.o
    0x00020b30   0x00000030   Code   RO         1681    i.rx_byte           nrf_drv_uart.o
    0x00020b60   0x00000020   Code   RO         1682    i.rx_done_event     nrf_drv_uart.o
    0x00020b80   0x00000010   Code   RO         3031    i.sd_check_ram_start  softdevice_handler.o
    0x00020b90   0x00000088   Code   RO         3032    i.sd_nvic_EnableIRQ  softdevice_handler.o
    0x00020c18   0x00000080   Code   RO           20    i.sensor_simulator_init  main.o
    0x00020c98   0x0000001c   Code   RO         2766    i.sensorsim_decrement  sensorsim.o
    0x00020cb4   0x0000001c   Code   RO         2767    i.sensorsim_increment  sensorsim.o
    0x00020cd0   0x00000016   Code   RO         2768    i.sensorsim_init    sensorsim.o
    0x00020ce6   0x0000001a   Code   RO         2769    i.sensorsim_measure  sensorsim.o
    0x00020d00   0x00000088   Code   RO          507    i.service_data_encode  ble_advdata.o
    0x00020d88   0x00000174   Code   RO           21    i.services_init     main.o
    0x00020efc   0x00000028   Code   RO           22    i.sleep_mode_enter  main.o
    0x00020f24   0x0000003c   Code   RO         1888    i.sm_state_change   pstorage.o
    0x00020f60   0x00000014   Code   RO         3033    i.softdevice_ble_evt_handler_set  softdevice_handler.o
    0x00020f74   0x00000014   Code   RO         3034    i.softdevice_enable  softdevice_handler.o
    0x00020f88   0x00000026   Code   RO         3035    i.softdevice_enable_get_default_config  softdevice_handler.o
    0x00020fae   0x00000004   Code   RO         3036    i.softdevice_fault_handler  softdevice_handler.o
    0x00020fb2   0x00000002   PAD
    0x00020fb4   0x00000034   Code   RO         3037    i.softdevice_handler_init  softdevice_handler.o
    0x00020fe8   0x00000014   Code   RO         3040    i.softdevice_sys_evt_handler_set  softdevice_handler.o
    0x00020ffc   0x00000068   Code   RO         1889    i.state_data_erase_swap_entry_run  pstorage.o
    0x00021064   0x0000000c   Code   RO         1890    i.state_erase_data_page_entry_run  pstorage.o
    0x00021070   0x0000002c   Code   RO         1891    i.state_restore_head_entry_run  pstorage.o
    0x0002109c   0x00000050   Code   RO         1892    i.state_restore_tail_entry_run  pstorage.o
    0x000210ec   0x0000001e   Code   RO         1893    i.state_swap_erase_entry_run  pstorage.o
    0x0002110a   0x00000002   PAD
    0x0002110c   0x00000030   Code   RO         1894    i.state_write_data_swap_entry_run  pstorage.o
    0x0002113c   0x00000004   Code   RO          979    i.storage_operation_dummy_handler  device_manager_peripheral.o
    0x00021140   0x0000005c   Code   RO         1895    i.store_cmd_flash_write_execute  pstorage.o
    0x0002119c   0x00000018   Code   RO         1896    i.swap_erase_state_run  pstorage.o
    0x000211b4   0x00000014   Code   RO         1897    i.swap_sub_state_err_busy_process  pstorage.o
    0x000211c8   0x00000014   Code   RO         1898    i.swap_sub_state_state_change  pstorage.o
    0x000211dc   0x00000012   Code   RO           23    i.sys_evt_dispatch  main.o
    0x000211ee   0x00000042   Code   RO          791    i.sys_id_encode     ble_dis.o
    0x00021230   0x00000014   Code   RO         1899    i.tail_restore_state_run  pstorage.o
    0x00021244   0x0000008c   Code   RO         2324    i.timer_list_handler  app_timer.o
    0x000212d0   0x0000003c   Code   RO         2325    i.timer_list_insert  app_timer.o
    0x0002130c   0x00000084   Code   RO         2326    i.timer_timeouts_check  app_timer.o
    0x00021390   0x00000024   Code   RO         1684    i.tx_byte           nrf_drv_uart.o
    0x000213b4   0x00000024   Code   RO         1685    i.tx_done_event     nrf_drv_uart.o
    0x000213d8   0x00000108   Code   RO         1686    i.uart_irq_handler  nrf_drv_uart.o
    0x000214e0   0x000000d8   Code   RO         1687    i.uarte_irq_handler  nrf_drv_uart.o
    0x000215b8   0x0000000a   Code   RO          508    i.uint16_encode     ble_advdata.o
    0x000215c2   0x00000002   PAD
    0x000215c4   0x00000014   Code   RO          980    i.update_status_bit_reset  device_manager_peripheral.o
    0x000215d8   0x00000060   Code   RO          722    i.update_timeout_handler  ble_conn_params.o
    0x00021638   0x0000003e   Code   RO         2327    i.user_id_get       app_timer.o
    0x00021676   0x00000028   Code   RO         2328    i.user_op_alloc     app_timer.o
    0x0002169e   0x00000030   Code   RO          509    i.uuid_list_encode  ble_advdata.o
    0x000216ce   0x0000009e   Code   RO          510    i.uuid_list_sized_encode  ble_advdata.o
    0x0002176c   0x0000000e   Code   RO          594    i.whitelist_has_entries  ble_advertising.o
    0x0002177a   0x00000002   PAD
    0x0002177c   0x0000000c   Data   RO           27    .constdata          main.o
    0x00021788   0x0000003c   Data   RO          364    .constdata          bsp.o
    0x000217c4   0x00000004   Data   RO          725    .constdata          ble_conn_params.o
    0x000217c8   0x00000030   Data   RO          982    .constdata          device_manager_peripheral.o
    0x000217f8   0x00000010   Data   RO         1216    .constdata          ble_dfu.o
    0x00021808   0x00000028   Data   RO         1901    .constdata          pstorage.o
    0x00021830   0x00000008   Data   RO         2112    .constdata          app_button.o
    0x00021838   0x00000020   Data   RO         3252    Region$$Table       anon$$obj.o


    Execution Region RW_IRAM1 (Base: 0x20002080, Size: 0x00002950, Max: 0x0000df80, ABSOLUTE, COMPRESSED[0x00000020])

    Base Addr    Size         Type   Attr      Idx    E Section Name        Object

    0x20002080   0x00000034   Data   RW           28    .data               main.o
    0x200020b4   0x00000018   Data   RW          365    .data               bsp.o
    0x200020cc   0x00000008   Data   RW          461    .data               bsp_btn_ble.o
    0x200020d4   0x0000001f   Data   RW          596    .data               ble_advertising.o
    0x200020f3   0x00000001   PAD
    0x200020f4   0x00000014   Data   RW          726    .data               ble_conn_params.o
    0x20002108   0x0000004a   Data   RW          792    .data               ble_dis.o
    0x20002152   0x00000002   PAD
    0x20002154   0x00000018   Data   RW          984    .data               device_manager_peripheral.o
    0x2000216c   0x00000008   Data   RW         1217    .data               ble_dfu.o
    0x20002174   0x00000024   Data   RW         1902    .data               pstorage.o
    0x20002198   0x00000014   Data   RW         2113    .data               app_button.o
    0x200021ac   0x00000020   Data   RW         2329    .data               app_timer.o
    0x200021cc   0x00000008   Data   RW         2825    .data               dfu_app_handler.o
    0x200021d4   0x00000014   Data   RW         3042    .data               softdevice_handler.o
    0x200021e8   0x00000004   Data   RW         3139    .data               system_nrf52.o
    0x200021ec   0x00000020   Zero   RW           24    .bss                main.o
    0x2000220c   0x00000020   Zero   RW           25    .bss                main.o
    0x2000222c   0x000002b4   Zero   RW           26    .bss                main.o
    0x200024e0   0x00000020   Zero   RW          360    .bss                bsp.o
    0x20002500   0x00000020   Zero   RW          361    .bss                bsp.o
    0x20002520   0x0000000c   Zero   RW          362    .bss                bsp.o
    0x2000252c   0x00000020   Zero   RW          363    .bss                bsp.o
    0x2000254c   0x00000103   Zero   RW          595    .bss                ble_advertising.o
    0x2000264f   0x00000001   PAD
    0x20002650   0x00000020   Zero   RW          723    .bss                ble_conn_params.o
    0x20002670   0x0000001c   Zero   RW          724    .bss                ble_conn_params.o
    0x2000268c   0x00000133   Zero   RW          981    .bss                device_manager_peripheral.o
    0x200027bf   0x00000001   PAD
    0x200027c0   0x00000058   Zero   RW         1489    .bss                nrf_drv_gpiote.o
    0x20002818   0x00000020   Zero   RW         1688    .bss                nrf_drv_uart.o
    0x20002838   0x000000d8   Zero   RW         1900    .bss                pstorage.o
    0x20002910   0x00000020   Zero   RW         2111    .bss                app_button.o
    0x20002930   0x00000058   Zero   RW         2535    .bss                fstorage.o
    0x20002988   0x0000003c   Zero   RW         2824    .bss                dfu_app_handler.o
    0x200029c4   0x0000000c   Zero   RW         3041    .bss                softdevice_handler.o
    0x200029d0   0x00002000   Zero   RW         3127    STACK               arm_startup_nrf52.o


==============================================================================

Image component sizes


      Code (inc. data)   RO Data    RW Data    ZI Data      Debug   Object Name

       332         34          8         20         32       9890   app_button.o
        22          0          0          0          0       2221   app_error.o
        36         10          0          0          0      27345   app_error_weak.o
      1766         94          0         32          0      55035   app_timer.o
        36          8       1024          0       8192        920   arm_startup_nrf52.o
      1540          0          0          0          0      20132   ble_advdata.o
      1074         46          0         31        259      10477   ble_advertising.o
       612          0          0          0          0      13107   ble_bas.o
       448         58          4         20         60       7495   ble_conn_params.o
      1092         26         16          8          0      14756   ble_dfu.o
       578          8          0         74          0       5587   ble_dis.o
       694          0          0          0          0      12598   ble_rscs.o
        30          0          0          0          0       2196   ble_srv_common.o
        56          2          0          0          0       1284   bootloader_util.o
      1136        108         60         24        108      10185   bsp.o
       260         10          0          8          0       4769   bsp_btn_ble.o
      3258        198         48         24        307      38302   device_manager_peripheral.o
       368         26          0          8         60      34179   dfu_app_handler.o
        20          4          0          0         88       3768   fstorage.o
      1884        172         12         52        756     129655   main.o
       144          0          0          0          0       1891   nrf_delay.o
        56          0          0          0          0      28823   nrf_drv_common.o
      1062         92          0          0         88      24132   nrf_drv_gpiote.o
       684         56          0          0         32      20824   nrf_drv_uart.o
      2706        246         40         36        216      40234   pstorage.o
       104          0          0          0          0       3335   sensorsim.o
       454         52          0         20         12      39925   softdevice_handler.o
       620         54          0          4          0       2587   system_nrf52.o

    ----------------------------------------------------------------------
     21114       1304       1244        364      10212     565652   Object Totals
         0          0         32          0          0          0   (incl. Generated)
        42          0          0          3          2          0   (incl. Padding)

    ----------------------------------------------------------------------

      Code (inc. data)   RO Data    RW Data    ZI Data      Debug   Library Member Name

        58          0          0          0          0          0   __dczerorl.o
         0          0          0          0          0          0   entry.o
         0          0          0          0          0          0   entry10a.o
         0          0          0          0          0          0   entry11a.o
         8          4          0          0          0          0   entry2.o
         4          0          0          0          0          0   entry5.o
         0          0          0          0          0          0   entry7b.o
         0          0          0          0          0          0   entry8b.o
         8          4          0          0          0          0   entry9a.o
        30          0          0          0          0          0   handlers.o
        36          8          0          0          0         68   init.o
        26          0          0          0          0         80   memcmp.o
        36          0          0          0          0         68   memcpya.o
        36          0          0          0          0        108   memseta.o
        14          0          0          0          0         68   strlen.o

    ----------------------------------------------------------------------
       258         16          0          0          0        392   Library Totals
         2          0          0          0          0          0   (incl. Padding)

    ----------------------------------------------------------------------

      Code (inc. data)   RO Data    RW Data    ZI Data      Debug   Library Name

       256         16          0          0          0        392   mc_w.l

    ----------------------------------------------------------------------
       258         16          0          0          0        392   Library Totals

    ----------------------------------------------------------------------

==============================================================================


      Code (inc. data)   RO Data    RW Data    ZI Data      Debug   

     21372       1320       1244        364      10212     543524   Grand Totals
     21372       1320       1244         32      10212     543524   ELF Image Totals (compressed)
     21372       1320       1244         32          0          0   ROM Totals

==============================================================================

    Total RO  Size (Code + RO Data)                22616 (  22.09kB)
    Total RW  Size (RW Data + ZI Data)             10576 (  10.33kB)
    Total ROM Size (Code + RO Data + RW Data)      22648 (  22.12kB)

==============================================================================

