Component: ARM Compiler 5.05 update 2 (build 169) Tool: armlink [4d0f33]

==============================================================================

Section Cross References

    main.o(i.assert_nrf_callback) refers to app_error.o(i.app_error_handler) for app_error_handler
    main.o(i.battery_level_meas_timeout_handler) refers to sensorsim.o(i.sensorsim_measure) for sensorsim_measure
    main.o(i.battery_level_meas_timeout_handler) refers to ble_bas.o(i.ble_bas_battery_level_update) for ble_bas_battery_level_update
    main.o(i.battery_level_meas_timeout_handler) refers to app_error.o(i.app_error_handler_bare) for app_error_handler_bare
    main.o(i.battery_level_meas_timeout_handler) refers to main.o(.bss) for .bss
    main.o(i.battery_level_meas_timeout_handler) refers to main.o(.data) for .data
    main.o(i.ble_evt_dispatch) refers to device_manager_peripheral.o(i.dm_ble_evt_handler) for dm_ble_evt_handler
    main.o(i.ble_evt_dispatch) refers to ble_rscs.o(i.ble_rscs_on_ble_evt) for ble_rscs_on_ble_evt
    main.o(i.ble_evt_dispatch) refers to ble_bas.o(i.ble_bas_on_ble_evt) for ble_bas_on_ble_evt
    main.o(i.ble_evt_dispatch) refers to ble_conn_params.o(i.ble_conn_params_on_ble_evt) for ble_conn_params_on_ble_evt
    main.o(i.ble_evt_dispatch) refers to bsp_btn_ble.o(i.bsp_btn_ble_on_ble_evt) for bsp_btn_ble_on_ble_evt
    main.o(i.ble_evt_dispatch) refers to bsp.o(i.bsp_indication_set) for bsp_indication_set
    main.o(i.ble_evt_dispatch) refers to app_error.o(i.app_error_handler_bare) for app_error_handler_bare
    main.o(i.ble_evt_dispatch) refers to ble_advertising.o(i.ble_advertising_on_ble_evt) for ble_advertising_on_ble_evt
    main.o(i.ble_evt_dispatch) refers to main.o(.bss) for .bss
    main.o(i.ble_evt_dispatch) refers to main.o(.data) for .data
    main.o(i.ble_stack_init) refers to softdevice_handler.o(i.softdevice_handler_init) for softdevice_handler_init
    main.o(i.ble_stack_init) refers to app_error.o(i.app_error_handler_bare) for app_error_handler_bare
    main.o(i.ble_stack_init) refers to softdevice_handler.o(i.softdevice_enable_get_default_config) for softdevice_enable_get_default_config
    main.o(i.ble_stack_init) refers to softdevice_handler.o(i.sd_check_ram_start) for sd_check_ram_start
    main.o(i.ble_stack_init) refers to softdevice_handler.o(i.softdevice_enable) for softdevice_enable
    main.o(i.ble_stack_init) refers to softdevice_handler.o(i.softdevice_ble_evt_handler_set) for softdevice_ble_evt_handler_set
    main.o(i.ble_stack_init) refers to softdevice_handler.o(i.softdevice_sys_evt_handler_set) for softdevice_sys_evt_handler_set
    main.o(i.ble_stack_init) refers to main.o(.constdata) for .constdata
    main.o(i.ble_stack_init) refers to main.o(.bss) for .bss
    main.o(i.ble_stack_init) refers to main.o(i.ble_evt_dispatch) for ble_evt_dispatch
    main.o(i.ble_stack_init) refers to main.o(i.sys_evt_dispatch) for sys_evt_dispatch
    main.o(i.conn_params_error_handler) refers to app_error.o(i.app_error_handler_bare) for app_error_handler_bare
    main.o(i.gap_params_init) refers to app_error.o(i.app_error_handler_bare) for app_error_handler_bare
    main.o(i.main) refers to app_timer.o(i.app_timer_init) for app_timer_init
    main.o(i.main) refers to app_error.o(i.app_error_handler_bare) for app_error_handler_bare
    main.o(i.main) refers to app_timer.o(i.app_timer_create) for app_timer_create
    main.o(i.main) refers to main.o(i.ble_stack_init) for ble_stack_init
    main.o(i.main) refers to main.o(i.gap_params_init) for gap_params_init
    main.o(i.main) refers to memseta.o(.text) for __aeabi_memclr4
    main.o(i.main) refers to ble_advertising.o(i.ble_advertising_init) for ble_advertising_init
    main.o(i.main) refers to main.o(i.services_init) for services_init
    main.o(i.main) refers to main.o(i.sensor_simulator_init) for sensor_simulator_init
    main.o(i.main) refers to ble_conn_params.o(i.ble_conn_params_init) for ble_conn_params_init
    main.o(i.main) refers to app_timer.o(i.app_timer_start) for app_timer_start
    main.o(i.main) refers to ble_advertising.o(i.ble_advertising_start) for ble_advertising_start
    main.o(i.main) refers to main.o(i.data_storage) for data_storage
    main.o(i.main) refers to main.o(.bss) for .bss
    main.o(i.main) refers to main.o(i.battery_level_meas_timeout_handler) for battery_level_meas_timeout_handler
    main.o(i.main) refers to main.o(.constdata) for .constdata
    main.o(i.main) refers to main.o(i.rsc_meas_timeout_handler) for rsc_meas_timeout_handler
    main.o(i.main) refers to main.o(.data) for .data
    main.o(i.main) refers to main.o(i.on_adv_evt) for on_adv_evt
    main.o(i.main) refers to main.o(i.on_conn_params_evt) for on_conn_params_evt
    main.o(i.main) refers to main.o(i.conn_params_error_handler) for conn_params_error_handler
    main.o(i.on_adv_evt) refers to bsp.o(i.bsp_indication_set) for bsp_indication_set
[...]
    .ARM.Collect$$$$0000000B                 0x0001c408   Section        8  entry9a.o(.ARM.Collect$$$$0000000B)
    .ARM.Collect$$$$0000000D                 0x0001c410   Section        0  entry10a.o(.ARM.Collect$$$$0000000D)
    .ARM.Collect$$$$0000000F                 0x0001c410   Section        0  entry11a.o(.ARM.Collect$$$$0000000F)
    .ARM.Collect$$$$00002712                 0x0001c410   Section        4  entry2.o(.ARM.Collect$$$$00002712)
    __lit__00000000                          0x0001c410   Data           4  entry2.o(.ARM.Collect$$$$00002712)
    .emb_text                                0x0001c414   Section      118  app_timer.o(.emb_text)
    $v0                                      0x0001c414   Number         0  app_timer.o(.emb_text)
    .text                                    0x0001c48c   Section       36  arm_startup_nrf52.o(.text)
    $v0                                      0x0001c48c   Number         0  arm_startup_nrf52.o(.text)
    .text                                    0x0001c4b0   Section        0  memcpya.o(.text)
    .text                                    0x0001c4d4   Section        0  memseta.o(.text)
    .text                                    0x0001c4f8   Section        0  strlen.o(.text)
    .text                                    0x0001c506   Section        0  memcmp.o(.text)
    .text                                    0x0001c520   Section       36  init.o(.text)
    .text                                    0x0001c544   Section        0  __dczerorl.o(.text)
    i.GPIOTE_IRQHandler                      0x0001c580   Section        0  nrf_drv_gpiote.o(i.GPIOTE_IRQHandler)
    i.NVIC_ClearPendingIRQ                   0x0001c6c8   Section        0  app_timer.o(i.NVIC_ClearPendingIRQ)
    NVIC_ClearPendingIRQ                     0x0001c6c9   Thumb Code    22  app_timer.o(i.NVIC_ClearPendingIRQ)
    i.NVIC_EnableIRQ                         0x0001c6de   Section        0  app_timer.o(i.NVIC_EnableIRQ)
    NVIC_EnableIRQ                           0x0001c6df   Thumb Code    22  app_timer.o(i.NVIC_EnableIRQ)
    i.NVIC_SetPendingIRQ                     0x0001c6f4   Section        0  app_timer.o(i.NVIC_SetPendingIRQ)
    NVIC_SetPendingIRQ                       0x0001c6f5   Thumb Code    22  app_timer.o(i.NVIC_SetPendingIRQ)
    i.NVIC_SetPriority                       0x0001c70a   Section        0  app_timer.o(i.NVIC_SetPriority)
    NVIC_SetPriority                         0x0001c70b   Thumb Code    32  app_timer.o(i.NVIC_SetPriority)
    i.RTC1_IRQHandler                        0x0001c72c   Section        0  app_timer.o(i.RTC1_IRQHandler)
    i.SWI0_EGU0_IRQHandler                   0x0001c750   Section        0  app_timer.o(i.SWI0_EGU0_IRQHandler)
    i.SWI2_EGU2_IRQHandler                   0x0001c754   Section        0  softdevice_handler.o(i.SWI2_EGU2_IRQHandler)
    i.SystemInit                             0x0001c778   Section        0  system_nrf52.o(i.SystemInit)
    i.UARTE0_UART0_IRQHandler                0x0001c9e4   Section        0  nrf_drv_uart.o(i.UARTE0_UART0_IRQHandler)
    i.__scatterload_copy                     0x0001c9f8   Section       14  handlers.o(i.__scatterload_copy)
    i.__scatterload_null                     0x0001ca06   Section        2  handlers.o(i.__scatterload_null)
    i.__scatterload_zeroinit                 0x0001ca08   Section       14  handlers.o(i.__scatterload_zeroinit)
    i.adv_data_encode                        0x0001ca16   Section        0  ble_advdata.o(i.adv_data_encode)
    i.advertising_buttons_configure          0x0001cc18   Section        0  bsp_btn_ble.o(i.advertising_buttons_configure)
    advertising_buttons_configure            0x0001cc19   Thumb Code    54  bsp_btn_ble.o(i.advertising_buttons_configure)
    i.app_error_fault_handler                0x0001cc50   Section        0  app_error_weak.o(i.app_error_fault_handler)
    i.app_error_handler_bare                 0x0001cc74   Section        0  app_error.o(i.app_error_handler_bare)
    i.app_evt_notify                         0x0001cc8c   Section        0  device_manager_peripheral.o(i.app_evt_notify)
    app_evt_notify                           0x0001cc8d   Thumb Code     6  device_manager_peripheral.o(i.app_evt_notify)
    i.app_notify                             0x0001cc98   Section        0  pstorage.o(i.app_notify)
    app_notify                               0x0001cc99   Thumb Code    36  pstorage.o(i.app_notify)
    i.app_notify_error_state_transit         0x0001ccc4   Section        0  pstorage.o(i.app_notify_error_state_transit)
    app_notify_error_state_transit           0x0001ccc5   Thumb Code    30  pstorage.o(i.app_notify_error_state_transit)
    i.app_timer_create                       0x0001cce8   Section        0  app_timer.o(i.app_timer_create)
    i.app_timer_init                         0x0001cd0c   Section        0  app_timer.o(i.app_timer_init)
    i.app_timer_start                        0x0001cd9c   Section        0  app_timer.o(i.app_timer_start)
    i.app_timer_stop                         0x0001ce1c   Section        0  app_timer.o(i.app_timer_stop)
    i.battery_level_char_add                 0x0001ce6c   Section        0  ble_bas.o(i.battery_level_char_add)
    battery_level_char_add                   0x0001ce6d   Thumb Code   334  ble_bas.o(i.battery_level_char_add)
    i.battery_level_meas_timeout_handler     0x0001cfbc   Section        0  main.o(i.battery_level_meas_timeout_handler)
    battery_level_meas_timeout_handler       0x0001cfbd   Thumb Code    54  main.o(i.battery_level_meas_timeout_handler)
    i.ble_advdata_set                        0x0001cffc   Section        0  ble_advdata.o(i.ble_advdata_set)
    i.ble_advertising_init                   0x0001d064   Section        0  ble_advertising.o(i.ble_advertising_init)
    i.ble_advertising_on_ble_evt             0x0001d180   Section        0  ble_advertising.o(i.ble_advertising_on_ble_evt)
    i.ble_advertising_on_sys_evt             0x0001d200   Section        0  ble_advertising.o(i.ble_advertising_on_sys_evt)
    i.ble_advertising_peer_address_clear     0x0001d234   Section        0  ble_advertising.o(i.ble_advertising_peer_address_clear)
    ble_advertising_peer_address_clear       0x0001d235   Thumb Code    12  ble_advertising.o(i.ble_advertising_peer_address_clear)
    i.ble_advertising_start                  0x0001d244   Section        0  ble_advertising.o(i.ble_advertising_start)
    i.ble_bas_battery_level_update           0x0001d424   Section        0  ble_bas.o(i.ble_bas_battery_level_update)
    i.ble_bas_init                           0x0001d49e   Section        0  ble_bas.o(i.ble_bas_init)
    i.ble_bas_on_ble_evt                     0x0001d4e2   Section        0  ble_bas.o(i.ble_bas_on_ble_evt)
    i.ble_conn_params_init                   0x0001d53c   Section        0  ble_conn_params.o(i.ble_conn_params_init)
    i.ble_conn_params_on_ble_evt             0x0001d594   Section        0  ble_conn_params.o(i.ble_conn_params_on_ble_evt)
    i.ble_device_addr_encode                 0x0001d618   Section        0  ble_advdata.o(i.ble_device_addr_encode)
    ble_device_addr_encode                   0x0001d619   Thumb Code    94  ble_advdata.o(i.ble_device_addr_encode)
    i.ble_dis_init                           0x0001d678   Section        0  ble_dis.o(i.ble_dis_init)
    i.ble_evt_dispatch                       0x0001d7a4   Section        0  main.o(i.ble_evt_dispatch)
    ble_evt_dispatch                         0x0001d7a5   Thumb Code    84  main.o(i.ble_evt_dispatch)
    i.ble_rscs_init                          0x0001d800   Section        0  ble_rscs.o(i.ble_rscs_init)
    i.ble_rscs_measurement_send              0x0001d84c   Section        0  ble_rscs.o(i.ble_rscs_measurement_send)
    i.ble_rscs_on_ble_evt                    0x0001d8b0   Section        0  ble_rscs.o(i.ble_rscs_on_ble_evt)
    i.ble_srv_ascii_to_utf8                  0x0001d902   Section        0  ble_srv_common.o(i.ble_srv_ascii_to_utf8)
    i.ble_srv_report_ref_encode              0x0001d914   Section        0  ble_srv_common.o(i.ble_srv_report_ref_encode)
    i.ble_stack_init                         0x0001d920   Section        0  main.o(i.ble_stack_init)
    ble_stack_init                           0x0001d921   Thumb Code    98  main.o(i.ble_stack_init)
    i.bond_data_load                         0x0001d998   Section        0  device_manager_peripheral.o(i.bond_data_load)
    i.bsp_btn_ble_on_ble_evt                 0x0001d9e0   Section        0  bsp_btn_ble.o(i.bsp_btn_ble_on_ble_evt)
    i.bsp_btn_ble_sleep_mode_prepare         0x0001da50   Section        0  bsp_btn_ble.o(i.bsp_btn_ble_sleep_mode_prepare)
    i.bsp_button_event_handler               0x0001da64   Section        0  bsp.o(i.bsp_button_event_handler)
    bsp_button_event_handler                 0x0001da65   Thumb Code   154  bsp.o(i.bsp_button_event_handler)
    i.bsp_event_to_button_action_assign      0x0001db0c   Section        0  bsp.o(i.bsp_event_to_button_action_assign)
    i.bsp_indication_set                     0x0001db50   Section        0  bsp.o(i.bsp_indication_set)
    i.bsp_led_indication                     0x0001db68   Section        0  bsp.o(i.bsp_led_indication)
    bsp_led_indication                       0x0001db69   Thumb Code   536  bsp.o(i.bsp_led_indication)
    i.bsp_wakeup_buttons_set                 0x0001dd8c   Section        0  bsp.o(i.bsp_wakeup_buttons_set)
    i.channel_port_get                       0x0001ddc8   Section        0  nrf_drv_gpiote.o(i.channel_port_get)
    channel_port_get                         0x0001ddc9   Thumb Code    10  nrf_drv_gpiote.o(i.channel_port_get)
    i.char_add                               0x0001ddd8   Section        0  ble_dis.o(i.char_add)
    char_add                                 0x0001ddd9   Thumb Code   156  ble_dis.o(i.char_add)
    i.clear_operation_execute                0x0001de78   Section        0  pstorage.o(i.clear_operation_execute)
    clear_operation_execute                  0x0001de79   Thumb Code   244  pstorage.o(i.clear_operation_execute)
    i.clear_post_processing_run              0x0001df74   Section        0  pstorage.o(i.clear_post_processing_run)
    clear_post_processing_run                0x0001df75   Thumb Code    28  pstorage.o(i.clear_post_processing_run)
    i.cmd_process                            0x0001df94   Section        0  pstorage.o(i.cmd_process)
    cmd_process                              0x0001df95   Thumb Code    44  pstorage.o(i.cmd_process)
    i.cmd_queue_element_init                 0x0001dfc8   Section        0  pstorage.o(i.cmd_queue_element_init)
    cmd_queue_element_init                   0x0001dfc9   Thumb Code    28  pstorage.o(i.cmd_queue_element_init)
    i.cmd_queue_enqueue                      0x0001dfe8   Section        0  pstorage.o(i.cmd_queue_enqueue)
    cmd_queue_enqueue                        0x0001dfe9   Thumb Code    74  pstorage.o(i.cmd_queue_enqueue)
    i.command_end_procedure_run              0x0001e03c   Section        0  pstorage.o(i.command_end_procedure_run)
    command_end_procedure_run                0x0001e03d   Thumb Code    60  pstorage.o(i.command_end_procedure_run)
    i.compare_reg_update                     0x0001e07c   Section        0  app_timer.o(i.compare_reg_update)
    compare_reg_update                       0x0001e07d   Thumb Code   160  app_timer.o(i.compare_reg_update)
    i.conn_int_encode                        0x0001e128   Section        0  ble_advdata.o(i.conn_int_encode)
    conn_int_encode                          0x0001e129   Thumb Code   136  ble_advdata.o(i.conn_int_encode)
    i.conn_params_error_handler              0x0001e1b0   Section        0  main.o(i.conn_params_error_handler)
    conn_params_error_handler                0x0001e1b1   Thumb Code     4  main.o(i.conn_params_error_handler)
    i.conn_params_negotiation                0x0001e1b4   Section        0  ble_conn_params.o(i.conn_params_negotiation)
    conn_params_negotiation                  0x0001e1b5   Thumb Code    78  ble_conn_params.o(i.conn_params_negotiation)
    i.connection_instance_find               0x0001e210   Section        0  device_manager_peripheral.o(i.connection_instance_find)
    connection_instance_find                 0x0001e211   Thumb Code    40  device_manager_peripheral.o(i.connection_instance_find)
    i.connection_instance_init               0x0001e23c   Section        0  device_manager_peripheral.o(i.connection_instance_init)
    connection_instance_init                 0x0001e23d   Thumb Code    34  device_manager_peripheral.o(i.connection_instance_init)
    i.data_page_erase_state_run              0x0001e264   Section        0  pstorage.o(i.data_page_erase_state_run)
    data_page_erase_state_run                0x0001e265   Thumb Code    80  pstorage.o(i.data_page_erase_state_run)
    i.data_storage                           0x0001e2b8   Section        0  main.o(i.data_storage)
    data_storage                             0x0001e2b9   Thumb Code   100  main.o(i.data_storage)
    i.data_to_swap_write_state_run           0x0001e324   Section        0  pstorage.o(i.data_to_swap_write_state_run)
    data_to_swap_write_state_run             0x0001e325   Thumb Code    28  pstorage.o(i.data_to_swap_write_state_run)
    i.device_context_store                   0x0001e344   Section        0  device_manager_peripheral.o(i.device_context_store)
    device_context_store                     0x0001e345   Thumb Code   164  device_manager_peripheral.o(i.device_context_store)
    i.device_instance_find                   0x0001e400   Section        0  device_manager_peripheral.o(i.device_instance_find)
    device_instance_find                     0x0001e401   Thumb Code    66  device_manager_peripheral.o(i.device_instance_find)
    i.device_instance_free                   0x0001e448   Section        0  device_manager_peripheral.o(i.device_instance_free)
    device_instance_free                     0x0001e449   Thumb Code    40  device_manager_peripheral.o(i.device_instance_free)
    i.dm_ble_evt_handler                     0x0001e474   Section        0  device_manager_peripheral.o(i.dm_ble_evt_handler)
    i.dm_handle_initialize                   0x0001e8c6   Section        0  device_manager_peripheral.o(i.dm_handle_initialize)
    i.elapsed_ticks_acquire                  0x0001e8dc   Section        0  app_timer.o(i.elapsed_ticks_acquire)
    elapsed_ticks_acquire                    0x0001e8dd   Thumb Code    58  app_timer.o(i.elapsed_ticks_acquire)
    i.flash_api_err_code_process             0x0001e91c   Section        0  pstorage.o(i.flash_api_err_code_process)
    flash_api_err_code_process               0x0001e91d   Thumb Code    24  pstorage.o(i.flash_api_err_code_process)
    i.flash_operation_success_run            0x0001e938   Section        0  pstorage.o(i.flash_operation_success_run)
    flash_operation_success_run              0x0001e939   Thumb Code   126  pstorage.o(i.flash_operation_success_run)
    i.flash_page_erase                       0x0001e9c4   Section        0  pstorage.o(i.flash_page_erase)
    flash_page_erase                         0x0001e9c5   Thumb Code     6  pstorage.o(i.flash_page_erase)
    i.flash_write                            0x0001e9ca   Section        0  pstorage.o(i.flash_write)
    flash_write                              0x0001e9cb   Thumb Code     6  pstorage.o(i.flash_write)
    i.fs_queued_op_count_get                 0x0001e9d0   Section        0  fstorage.o(i.fs_queued_op_count_get)
    i.gap_params_init                        0x0001e9e4   Section        0  main.o(i.gap_params_init)
    gap_params_init                          0x0001e9e5   Thumb Code    90  main.o(i.gap_params_init)
    i.gattc_context_apply                    0x0001ea50   Section        0  device_manager_peripheral.o(i.gattc_context_apply)
    gattc_context_apply                      0x0001ea51   Thumb Code     4  device_manager_peripheral.o(i.gattc_context_apply)
    i.gattc_context_load                     0x0001ea54   Section        0  device_manager_peripheral.o(i.gattc_context_load)
    gattc_context_load                       0x0001ea55   Thumb Code     4  device_manager_peripheral.o(i.gattc_context_load)
    i.gattc_context_store                    0x0001ea58   Section        0  device_manager_peripheral.o(i.gattc_context_store)
    gattc_context_store                      0x0001ea59   Thumb Code     4  device_manager_peripheral.o(i.gattc_context_store)
    i.gatts_context_apply                    0x0001ea5c   Section        0  device_manager_peripheral.o(i.gatts_context_apply)
    gatts_context_apply                      0x0001ea5d   Thumb Code   168  device_manager_peripheral.o(i.gatts_context_apply)
    i.gatts_context_load                     0x0001eb08   Section        0  device_manager_peripheral.o(i.gatts_context_load)
    gatts_context_load                       0x0001eb09   Thumb Code    50  device_manager_peripheral.o(i.gatts_context_load)
    i.gatts_context_store                    0x0001eb40   Section        0  device_manager_peripheral.o(i.gatts_context_store)
    gatts_context_store                      0x0001eb41   Thumb Code   178  device_manager_peripheral.o(i.gatts_context_store)
    i.gattsc_context_apply                   0x0001ec00   Section        0  device_manager_peripheral.o(i.gattsc_context_apply)
    gattsc_context_apply                     0x0001ec01   Thumb Code     4  device_manager_peripheral.o(i.gattsc_context_apply)
    i.gattsc_context_load                    0x0001ec04   Section        0  device_manager_peripheral.o(i.gattsc_context_load)
    gattsc_context_load                      0x0001ec05   Thumb Code     4  device_manager_peripheral.o(i.gattsc_context_load)
    i.gattsc_context_store                   0x0001ec08   Section        0  device_manager_peripheral.o(i.gattsc_context_store)
    gattsc_context_store                     0x0001ec09   Thumb Code     4  device_manager_peripheral.o(i.gattsc_context_store)
    i.head_restore_state_run                 0x0001ec0c   Section        0  pstorage.o(i.head_restore_state_run)
    head_restore_state_run                   0x0001ec0d   Thumb Code   110  pstorage.o(i.head_restore_state_run)
    i.intern_softdevice_events_execute       0x0001ec84   Section        0  softdevice_handler.o(i.intern_softdevice_events_execute)
    i.is_conn_params_ok                      0x0001ecf4   Section        0  ble_conn_params.o(i.is_conn_params_ok)
    is_conn_params_ok                        0x0001ecf5   Thumb Code    24  ble_conn_params.o(i.is_conn_params_ok)
    i.is_page_erase_required                 0x0001ed10   Section        0  pstorage.o(i.is_page_erase_required)
    is_page_erase_required                   0x0001ed11   Thumb Code    60  pstorage.o(i.is_page_erase_required)
    i.is_word_aligned                        0x0001ed54   Section        0  pstorage.o(i.is_word_aligned)
    is_word_aligned                          0x0001ed55   Thumb Code    12  pstorage.o(i.is_word_aligned)
    i.le_role_encode                         0x0001ed60   Section        0  ble_advdata.o(i.le_role_encode)
    le_role_encode                           0x0001ed61   Thumb Code    84  ble_advdata.o(i.le_role_encode)
    i.list_deletions_handler                 0x0001edb4   Section        0  app_timer.o(i.list_deletions_handler)
    list_deletions_handler                   0x0001edb5   Thumb Code   178  app_timer.o(i.list_deletions_handler)
    i.list_insertions_handler                0x0001ee70   Section        0  app_timer.o(i.list_insertions_handler)
    list_insertions_handler                  0x0001ee71   Thumb Code   196  app_timer.o(i.list_insertions_handler)
    i.main                                   0x0001ef3c   Section        0  main.o(i.main)
    i.main_state_err_busy_process            0x0001f080   Section        0  pstorage.o(i.main_state_err_busy_process)
    main_state_err_busy_process              0x0001f081   Thumb Code    16  pstorage.o(i.main_state_err_busy_process)
    i.manuf_specific_data_encode             0x0001f094   Section        0  ble_advdata.o(i.manuf_specific_data_encode)
    manuf_specific_data_encode               0x0001f095   Thumb Code   100  ble_advdata.o(i.manuf_specific_data_encode)
    i.name_encode                            0x0001f0f8   Section        0  ble_advdata.o(i.name_encode)
    name_encode                              0x0001f0f9   Thumb Code   156  ble_advdata.o(i.name_encode)
    i.no_service_context_apply               0x0001f194   Section        0  device_manager_peripheral.o(i.no_service_context_apply)
    no_service_context_apply                 0x0001f195   Thumb Code     4  device_manager_peripheral.o(i.no_service_context_apply)
    i.no_service_context_load                0x0001f198   Section        0  device_manager_peripheral.o(i.no_service_context_load)
    no_service_context_load                  0x0001f199   Thumb Code     4  device_manager_peripheral.o(i.no_service_context_load)
    i.no_service_context_store               0x0001f19c   Section        0  device_manager_peripheral.o(i.no_service_context_store)
    no_service_context_store                 0x0001f19d   Thumb Code     4  device_manager_peripheral.o(i.no_service_context_store)
    i.nrf_gpio_cfg_sense_set                 0x0001f1a0   Section        0  nrf_drv_gpiote.o(i.nrf_gpio_cfg_sense_set)
    nrf_gpio_cfg_sense_set                   0x0001f1a1   Thumb Code    28  nrf_drv_gpiote.o(i.nrf_gpio_cfg_sense_set)
    i.nrf_gpiote_event_clear                 0x0001f1bc   Section        0  nrf_drv_gpiote.o(i.nrf_gpiote_event_clear)
    nrf_gpiote_event_clear                   0x0001f1bd   Thumb Code    16  nrf_drv_gpiote.o(i.nrf_gpiote_event_clear)
    i.nrf_gpiote_event_is_set                0x0001f1d0   Section        0  nrf_drv_gpiote.o(i.nrf_gpiote_event_is_set)
    nrf_gpiote_event_is_set                  0x0001f1d1   Thumb Code    12  nrf_drv_gpiote.o(i.nrf_gpiote_event_is_set)
    i.nrf_uart_event_check                   0x0001f1e0   Section        0  nrf_drv_uart.o(i.nrf_uart_event_check)
    nrf_uart_event_check                     0x0001f1e1   Thumb Code    10  nrf_drv_uart.o(i.nrf_uart_event_check)
    i.nrf_uart_int_enable_check              0x0001f1ea   Section        0  nrf_drv_uart.o(i.nrf_uart_int_enable_check)
    nrf_uart_int_enable_check                0x0001f1eb   Thumb Code    12  nrf_drv_uart.o(i.nrf_uart_int_enable_check)
    i.nrf_uarte_event_check                  0x0001f1f6   Section        0  nrf_drv_uart.o(i.nrf_uarte_event_check)
    nrf_uarte_event_check                    0x0001f1f7   Thumb Code    10  nrf_drv_uart.o(i.nrf_uarte_event_check)
    i.on_adv_evt                             0x0001f200   Section        0  main.o(i.on_adv_evt)
    on_adv_evt                               0x0001f201   Thumb Code    54  main.o(i.on_adv_evt)
    i.on_conn_params_evt                     0x0001f238   Section        0  main.o(i.on_conn_params_evt)
    on_conn_params_evt                       0x0001f239   Thumb Code    24  main.o(i.on_conn_params_evt)
    i.peer_address_exists                    0x0001f254   Section        0  ble_advertising.o(i.peer_address_exists)
    peer_address_exists                      0x0001f255   Thumb Code    20  ble_advertising.o(i.peer_address_exists)
    i.peer_instance_init                     0x0001f268   Section        0  device_manager_peripheral.o(i.peer_instance_init)
    peer_instance_init                       0x0001f269   Thumb Code    54  device_manager_peripheral.o(i.peer_instance_init)
    i.pnp_id_encode                          0x0001f2a4   Section        0  ble_dis.o(i.pnp_id_encode)
    pnp_id_encode                            0x0001f2a5   Thumb Code    52  ble_dis.o(i.pnp_id_encode)
    i.pstorage_access_status_get             0x0001f2d8   Section        0  pstorage.o(i.pstorage_access_status_get)
    i.pstorage_block_identifier_get          0x0001f2fc   Section        0  pstorage.o(i.pstorage_block_identifier_get)
    i.pstorage_clear                         0x0001f348   Section        0  pstorage.o(i.pstorage_clear)
    i.pstorage_flash_page_end                0x0001f3dc   Section        0  pstorage.o(i.pstorage_flash_page_end)
    pstorage_flash_page_end                  0x0001f3dd   Thumb Code    30  pstorage.o(i.pstorage_flash_page_end)
    i.pstorage_flash_page_size               0x0001f3fa   Section        0  pstorage.o(i.pstorage_flash_page_size)
    pstorage_flash_page_size                 0x0001f3fb   Thumb Code    10  pstorage.o(i.pstorage_flash_page_size)
    i.pstorage_load                          0x0001f404   Section        0  pstorage.o(i.pstorage_load)
    i.pstorage_store                         0x0001f4a0   Section        0  pstorage.o(i.pstorage_store)
    i.pstorage_sys_event_handler             0x0001f520   Section        0  pstorage.o(i.pstorage_sys_event_handler)
    i.pstorage_update                        0x0001f568   Section        0  pstorage.o(i.pstorage_update)
    i.rsc_feature_char_add                   0x0001f5e8   Section        0  ble_rscs.o(i.rsc_feature_char_add)
    rsc_feature_char_add                     0x0001f5e9   Thumb Code   148  ble_rscs.o(i.rsc_feature_char_add)
    i.rsc_meas_timeout_handler               0x0001f67c   Section        0  main.o(i.rsc_meas_timeout_handler)
    rsc_meas_timeout_handler                 0x0001f67d   Thumb Code   116  main.o(i.rsc_meas_timeout_handler)
    i.rsc_measurement_char_add               0x0001f6f8   Section        0  ble_rscs.o(i.rsc_measurement_char_add)
    rsc_measurement_char_add                 0x0001f6f9   Thumb Code   194  ble_rscs.o(i.rsc_measurement_char_add)
    i.rsc_measurement_encode                 0x0001f7ba   Section        0  ble_rscs.o(i.rsc_measurement_encode)
    rsc_measurement_encode                   0x0001f7bb   Thumb Code    94  ble_rscs.o(i.rsc_measurement_encode)
    i.rtc1_stop                              0x0001f818   Section        0  app_timer.o(i.rtc1_stop)
    rtc1_stop                                0x0001f819   Thumb Code    52  app_timer.o(i.rtc1_stop)
    i.rx_byte                                0x0001f854   Section        0  nrf_drv_uart.o(i.rx_byte)
    rx_byte                                  0x0001f855   Thumb Code    38  nrf_drv_uart.o(i.rx_byte)
    i.rx_done_event                          0x0001f884   Section        0  nrf_drv_uart.o(i.rx_done_event)
    rx_done_event                            0x0001f885   Thumb Code    26  nrf_drv_uart.o(i.rx_done_event)
    i.sd_check_ram_start                     0x0001f8a4   Section        0  softdevice_handler.o(i.sd_check_ram_start)
    i.sd_nvic_EnableIRQ                      0x0001f8b4   Section        0  softdevice_handler.o(i.sd_nvic_EnableIRQ)
    sd_nvic_EnableIRQ                        0x0001f8b5   Thumb Code   128  softdevice_handler.o(i.sd_nvic_EnableIRQ)
    i.sensor_simulator_init                  0x0001f93c   Section        0  main.o(i.sensor_simulator_init)
    sensor_simulator_init                    0x0001f93d   Thumb Code   118  main.o(i.sensor_simulator_init)
    i.sensorsim_decrement                    0x0001f9bc   Section        0  sensorsim.o(i.sensorsim_decrement)
    i.sensorsim_increment                    0x0001f9d8   Section        0  sensorsim.o(i.sensorsim_increment)
    i.sensorsim_init                         0x0001f9f4   Section        0  sensorsim.o(i.sensorsim_init)
    i.sensorsim_measure                      0x0001fa0a   Section        0  sensorsim.o(i.sensorsim_measure)
    i.service_data_encode                    0x0001fa24   Section        0  ble_advdata.o(i.service_data_encode)
    service_data_encode                      0x0001fa25   Thumb Code   136  ble_advdata.o(i.service_data_encode)
    i.services_init                          0x0001faac   Section        0  main.o(i.services_init)
    services_init                            0x0001faad   Thumb Code   306  main.o(i.services_init)
    i.sm_state_change                        0x0001fbf8   Section        0  pstorage.o(i.sm_state_change)
    sm_state_change                          0x0001fbf9   Thumb Code    52  pstorage.o(i.sm_state_change)
    i.softdevice_ble_evt_handler_set         0x0001fc34   Section        0  softdevice_handler.o(i.softdevice_ble_evt_handler_set)
    i.softdevice_enable                      0x0001fc48   Section        0  softdevice_handler.o(i.softdevice_enable)
    i.softdevice_enable_get_default_config   0x0001fc5c   Section        0  softdevice_handler.o(i.softdevice_enable_get_default_config)
    i.softdevice_fault_handler               0x0001fc82   Section        0  softdevice_handler.o(i.softdevice_fault_handler)
    i.softdevice_handler_init                0x0001fc88   Section        0  softdevice_handler.o(i.softdevice_handler_init)
    i.softdevice_sys_evt_handler_set         0x0001fcbc   Section        0  softdevice_handler.o(i.softdevice_sys_evt_handler_set)
    i.state_data_erase_swap_entry_run        0x0001fcd0   Section        0  pstorage.o(i.state_data_erase_swap_entry_run)
    state_data_erase_swap_entry_run          0x0001fcd1   Thumb Code    96  pstorage.o(i.state_data_erase_swap_entry_run)
    i.state_erase_data_page_entry_run        0x0001fd38   Section        0  pstorage.o(i.state_erase_data_page_entry_run)
    state_erase_data_page_entry_run          0x0001fd39   Thumb Code     8  pstorage.o(i.state_erase_data_page_entry_run)
    i.state_restore_head_entry_run           0x0001fd44   Section        0  pstorage.o(i.state_restore_head_entry_run)
    state_restore_head_entry_run             0x0001fd45   Thumb Code    38  pstorage.o(i.state_restore_head_entry_run)
    i.state_restore_tail_entry_run           0x0001fd70   Section        0  pstorage.o(i.state_restore_tail_entry_run)
    state_restore_tail_entry_run             0x0001fd71   Thumb Code    72  pstorage.o(i.state_restore_tail_entry_run)
    i.state_swap_erase_entry_run             0x0001fdc0   Section        0  pstorage.o(i.state_swap_erase_entry_run)
    state_swap_erase_entry_run               0x0001fdc1   Thumb Code    30  pstorage.o(i.state_swap_erase_entry_run)
    i.state_write_data_swap_entry_run        0x0001fde0   Section        0  pstorage.o(i.state_write_data_swap_entry_run)
    state_write_data_swap_entry_run          0x0001fde1   Thumb Code    44  pstorage.o(i.state_write_data_swap_entry_run)
    i.storage_operation_dummy_handler        0x0001fe10   Section        0  device_manager_peripheral.o(i.storage_operation_dummy_handler)
    storage_operation_dummy_handler          0x0001fe11   Thumb Code     4  device_manager_peripheral.o(i.storage_operation_dummy_handler)
    i.store_cmd_flash_write_execute          0x0001fe14   Section        0  pstorage.o(i.store_cmd_flash_write_execute)
    store_cmd_flash_write_execute            0x0001fe15   Thumb Code    84  pstorage.o(i.store_cmd_flash_write_execute)
    i.swap_erase_state_run                   0x0001fe70   Section        0  pstorage.o(i.swap_erase_state_run)
    swap_erase_state_run                     0x0001fe71   Thumb Code    18  pstorage.o(i.swap_erase_state_run)
    i.swap_sub_state_err_busy_process        0x0001fe88   Section        0  pstorage.o(i.swap_sub_state_err_busy_process)
    swap_sub_state_err_busy_process          0x0001fe89   Thumb Code    16  pstorage.o(i.swap_sub_state_err_busy_process)
    i.swap_sub_state_state_change            0x0001fe9c   Section        0  pstorage.o(i.swap_sub_state_state_change)
    swap_sub_state_state_change              0x0001fe9d   Thumb Code    12  pstorage.o(i.swap_sub_state_state_change)
    i.sys_evt_dispatch                       0x0001feb0   Section        0  main.o(i.sys_evt_dispatch)
    sys_evt_dispatch                         0x0001feb1   Thumb Code    18  main.o(i.sys_evt_dispatch)
    i.sys_id_encode                          0x0001fec2   Section        0  ble_dis.o(i.sys_id_encode)
    sys_id_encode                            0x0001fec3   Thumb Code    66  ble_dis.o(i.sys_id_encode)
    i.tail_restore_state_run                 0x0001ff04   Section        0  pstorage.o(i.tail_restore_state_run)
    tail_restore_state_run                   0x0001ff05   Thumb Code    16  pstorage.o(i.tail_restore_state_run)
    i.timer_list_handler                     0x0001ff18   Section        0  app_timer.o(i.timer_list_handler)
    timer_list_handler                       0x0001ff19   Thumb Code   134  app_timer.o(i.timer_list_handler)
    i.timer_list_insert                      0x0001ffa4   Section        0  app_timer.o(i.timer_list_insert)
    timer_list_insert                        0x0001ffa5   Thumb Code    56  app_timer.o(i.timer_list_insert)
    i.timer_timeouts_check                   0x0001ffe0   Section        0  app_timer.o(i.timer_timeouts_check)
    timer_timeouts_check                     0x0001ffe1   Thumb Code   124  app_timer.o(i.timer_timeouts_check)
    i.tx_byte                                0x00020064   Section        0  nrf_drv_uart.o(i.tx_byte)
    tx_byte                                  0x00020065   Thumb Code    28  nrf_drv_uart.o(i.tx_byte)
    i.tx_done_event                          0x00020088   Section        0  nrf_drv_uart.o(i.tx_done_event)
    tx_done_event                            0x00020089   Thumb Code    30  nrf_drv_uart.o(i.tx_done_event)
    i.uart_irq_handler                       0x000200ac   Section        0  nrf_drv_uart.o(i.uart_irq_handler)
    uart_irq_handler                         0x000200ad   Thumb Code   254  nrf_drv_uart.o(i.uart_irq_handler)
    i.uarte_irq_handler                      0x000201b4   Section        0  nrf_drv_uart.o(i.uarte_irq_handler)
    uarte_irq_handler                        0x000201b5   Thumb Code   206  nrf_drv_uart.o(i.uarte_irq_handler)
    i.uint16_encode                          0x0002028c   Section        0  ble_advdata.o(i.uint16_encode)
    uint16_encode                            0x0002028d   Thumb Code    10  ble_advdata.o(i.uint16_encode)
    i.update_status_bit_reset                0x00020298   Section        0  device_manager_peripheral.o(i.update_status_bit_reset)
    update_status_bit_reset                  0x00020299   Thumb Code    14  device_manager_peripheral.o(i.update_status_bit_reset)
    i.update_timeout_handler                 0x000202ac   Section        0  ble_conn_params.o(i.update_timeout_handler)
    update_timeout_handler                   0x000202ad   Thumb Code    88  ble_conn_params.o(i.update_timeout_handler)
    i.user_id_get                            0x0002030c   Section        0  app_timer.o(i.user_id_get)
    user_id_get                              0x0002030d   Thumb Code    62  app_timer.o(i.user_id_get)
    i.user_op_alloc                          0x0002034a   Section        0  app_timer.o(i.user_op_alloc)
    user_op_alloc                            0x0002034b   Thumb Code    40  app_timer.o(i.user_op_alloc)
    i.uuid_list_encode                       0x00020372   Section        0  ble_advdata.o(i.uuid_list_encode)
    uuid_list_encode                         0x00020373   Thumb Code    48  ble_advdata.o(i.uuid_list_encode)
    i.uuid_list_sized_encode                 0x000203a2   Section        0  ble_advdata.o(i.uuid_list_sized_encode)
    uuid_list_sized_encode                   0x000203a3   Thumb Code   158  ble_advdata.o(i.uuid_list_sized_encode)
    i.whitelist_has_entries                  0x00020440   Section        0  ble_advertising.o(i.whitelist_has_entries)
    whitelist_has_entries                    0x00020441   Thumb Code    14  ble_advertising.o(i.whitelist_has_entries)
    .constdata                               0x00020450   Section       12  main.o(.constdata)
    m_battery_timer_id                       0x00020450   Data           4  main.o(.constdata)
    m_rsc_meas_timer_id                      0x00020454   Data           4  main.o(.constdata)
    .constdata                               0x0002045c   Section       60  bsp.o(.constdata)
    m_leds_timer_id                          0x0002045c   Data           4  bsp.o(.constdata)
    m_alert_timer_id                         0x00020460   Data           4  bsp.o(.constdata)
    m_button_timer_id                        0x00020464   Data           4  bsp.o(.constdata)
    m_buttons_list                           0x00020468   Data          16  bsp.o(.constdata)
    app_buttons                              0x00020478   Data          32  bsp.o(.constdata)
    .constdata                               0x00020498   Section        4  ble_conn_params.o(.constdata)
    m_conn_params_timer_id                   0x00020498   Data           4  ble_conn_params.o(.constdata)
    .constdata                               0x0002049c   Section       48  device_manager_peripheral.o(.constdata)
    .constdata                               0x000204cc   Section       40  pstorage.o(.constdata)
    swap_sub_state_sm_lut                    0x000204cc   Data          20  pstorage.o(.constdata)
    swap_sub_state_sm_lut                    0x000204e0   Data          20  pstorage.o(.constdata)
    .data                                    0x20002080   Section       48  main.o(.data)
    m_conn_handle                            0x20002080   Data           2  main.o(.data)
    m_battery_sim_state                      0x20002084   Data           8  main.o(.data)
    m_speed_mps_sim_state                    0x2000208c   Data           8  main.o(.data)
    m_cadence_rpm_sim_state                  0x20002094   Data           8  main.o(.data)
    m_cadence_stl_sim_state                  0x2000209c   Data           8  main.o(.data)
    m_adv_uuids                              0x200020a4   Data          12  main.o(.data)
    .data                                    0x200020b0   Section       24  bsp.o(.data)
    m_stable_state                           0x200020b0   Data           1  bsp.o(.data)
    current_long_push_pin_no                 0x200020b1   Data           1  bsp.o(.data)
    m_app_ticks_per_100ms                    0x200020b4   Data           4  bsp.o(.data)
    m_indication_type                        0x200020b8   Data           4  bsp.o(.data)
    m_alert_mask                             0x200020bc   Data           4  bsp.o(.data)
    m_registered_callback                    0x200020c0   Data           4  bsp.o(.data)
    release_event_at_push                    0x200020c4   Data           4  bsp.o(.data)
    .data                                    0x200020c8   Section        8  bsp_btn_ble.o(.data)
    m_error_handler                          0x200020c8   Data           4  bsp_btn_ble.o(.data)
    m_num_connections                        0x200020cc   Data           4  bsp_btn_ble.o(.data)
    .data                                    0x200020d0   Section       31  ble_advertising.o(.data)
    m_advertising_start_pending              0x200020d0   Data           1  ble_advertising.o(.data)
    m_whitelist_temporarily_disabled         0x200020d1   Data           1  ble_advertising.o(.data)
    m_whitelist_reply_expected               0x200020d2   Data           1  ble_advertising.o(.data)
    m_peer_addr_reply_expected               0x200020d3   Data           1  ble_advertising.o(.data)
    m_adv_evt                                0x200020d4   Data           1  ble_advertising.o(.data)
    m_adv_mode_current                       0x200020d5   Data           1  ble_advertising.o(.data)
    m_tx_power_level                         0x200020d6   Data           1  ble_advertising.o(.data)
    current_slave_link_conn_handle           0x200020d8   Data           2  ble_advertising.o(.data)
    m_evt_handler                            0x200020dc   Data           4  ble_advertising.o(.data)
    m_error_handler                          0x200020e0   Data           4  ble_advertising.o(.data)
    m_slave_conn_int                         0x200020e4   Data           4  ble_advertising.o(.data)
    m_peer_address                           0x200020e8   Data           7  ble_advertising.o(.data)
    .data                                    0x200020f0   Section       20  ble_conn_params.o(.data)
    m_change_param                           0x200020f0   Data           1  ble_conn_params.o(.data)
    m_update_count                           0x200020f1   Data           1  ble_conn_params.o(.data)
    m_conn_handle                            0x200020f2   Data           2  ble_conn_params.o(.data)
    m_preferred_conn_params                  0x200020f4   Data           8  ble_conn_params.o(.data)
    m_current_conn_params                    0x200020fc   Data           8  ble_conn_params.o(.data)
    .data                                    0x20002104   Section       74  ble_dis.o(.data)
    service_handle                           0x20002104   Data           2  ble_dis.o(.data)
    manufact_name_handles                    0x20002106   Data           8  ble_dis.o(.data)
    model_num_handles                        0x2000210e   Data           8  ble_dis.o(.data)
    serial_num_handles                       0x20002116   Data           8  ble_dis.o(.data)
    hw_rev_handles                           0x2000211e   Data           8  ble_dis.o(.data)
    fw_rev_handles                           0x20002126   Data           8  ble_dis.o(.data)
    sw_rev_handles                           0x2000212e   Data           8  ble_dis.o(.data)
    sys_id_handles                           0x20002136   Data           8  ble_dis.o(.data)
    reg_cert_data_list_handles               0x2000213e   Data           8  ble_dis.o(.data)
    pnp_id_handles                           0x20002146   Data           8  ble_dis.o(.data)
    .data                                    0x20002150   Section       24  device_manager_peripheral.o(.data)
    m_module_initialized                     0x20002150   Data           1  device_manager_peripheral.o(.data)
    m_peer_addr_update                       0x20002154   Data           4  device_manager_peripheral.o(.data)
    m_irk_index_table                        0x20002158   Data           7  device_manager_peripheral.o(.data)
    m_storage_handle                         0x20002160   Data           8  device_manager_peripheral.o(.data)
    .data                                    0x20002168   Section       36  pstorage.o(.data)
    m_state                                  0x20002168   Data           1  pstorage.o(.data)
    m_swap_sub_state                         0x20002169   Data           1  pstorage.o(.data)
    m_next_app_instance                      0x2000216a   Data           2  pstorage.o(.data)
    m_flags                                  0x2000216c   Data           4  pstorage.o(.data)
    m_next_page_addr                         0x20002170   Data           4  pstorage.o(.data)
    m_head_word_size                         0x20002174   Data           4  pstorage.o(.data)
    m_tail_word_size                         0x20002178   Data           4  pstorage.o(.data)
    m_current_page_id                        0x2000217c   Data           4  pstorage.o(.data)
    m_num_of_command_retries                 0x20002180   Data           4  pstorage.o(.data)
    m_num_of_bytes_written                   0x20002184   Data           4  pstorage.o(.data)
    m_app_data_size                          0x20002188   Data           4  pstorage.o(.data)
    .data                                    0x2000218c   Section       32  app_timer.o(.data)
    m_user_array_size                        0x2000218c   Data           1  app_timer.o(.data)
    m_ticks_elapsed_q_read_ind               0x2000218d   Data           1  app_timer.o(.data)
    m_ticks_elapsed_q_write_ind              0x2000218e   Data           1  app_timer.o(.data)
    m_rtc1_running                           0x2000218f   Data           1  app_timer.o(.data)
    m_rtc1_reset                             0x20002190   Data           1  app_timer.o(.data)
    mp_users                                 0x20002194   Data           4  app_timer.o(.data)
    mp_timer_id_head                         0x20002198   Data           4  app_timer.o(.data)
    m_ticks_latest                           0x2000219c   Data           4  app_timer.o(.data)
    m_evt_schedule_func                      0x200021a0   Data           4  app_timer.o(.data)
    m_ticks_elapsed                          0x200021a4   Data           8  app_timer.o(.data)
    .data                                    0x200021ac   Section       20  softdevice_handler.o(.data)
    m_softdevice_enabled                     0x200021ac   Data           1  softdevice_handler.o(.data)
    m_ble_evt_buffer_size                    0x200021ae   Data           2  softdevice_handler.o(.data)
    m_evt_schedule_func                      0x200021b0   Data           4  softdevice_handler.o(.data)
    mp_ble_evt_buffer                        0x200021b4   Data           4  softdevice_handler.o(.data)
    m_ble_evt_handler                        0x200021b8   Data           4  softdevice_handler.o(.data)
    m_sys_evt_handler                        0x200021bc   Data           4  softdevice_handler.o(.data)
    .data                                    0x200021c0   Section        4  system_nrf52.o(.data)
    __tagsym$$used                           0x200021c0   Number         0  system_nrf52.o(.data)
    .bss                                     0x200021c4   Section       32  main.o(.bss)
    m_battery_timer_id_data                  0x200021c4   Data          32  main.o(.bss)
    .bss                                     0x200021e4   Section       32  main.o(.bss)
    m_rsc_meas_timer_id_data                 0x200021e4   Data          32  main.o(.bss)
    .bss                                     0x20002204   Section      772  main.o(.bss)
    dataBuff                                 0x20002204   Data         128  main.o(.bss)
    APP_TIMER_BUF                            0x20002284   Data         456  main.o(.bss)
    BLE_EVT_BUFFER                           0x2000244c   Data          72  main.o(.bss)
    m_bas                                    0x20002494   Data          24  main.o(.bss)
    m_rscs                                   0x200024ac   Data          28  main.o(.bss)
    m_battery_sim_cfg                        0x200024c8   Data          16  main.o(.bss)
    m_speed_mps_sim_cfg                      0x200024d8   Data          16  main.o(.bss)
    m_cadence_rpm_sim_cfg                    0x200024e8   Data          16  main.o(.bss)
    m_cadence_stl_sim_cfg                    0x200024f8   Data          16  main.o(.bss)
    .bss                                     0x20002508   Section       32  bsp.o(.bss)
    m_leds_timer_id_data                     0x20002508   Data          32  bsp.o(.bss)
    .bss                                     0x20002528   Section       32  bsp.o(.bss)
    m_alert_timer_id_data                    0x20002528   Data          32  bsp.o(.bss)
    .bss                                     0x20002548   Section       12  bsp.o(.bss)
    m_events_list                            0x20002548   Data          12  bsp.o(.bss)
    .bss                                     0x20002554   Section       32  bsp.o(.bss)
    m_button_timer_id_data                   0x20002554   Data          32  bsp.o(.bss)
    .bss                                     0x20002574   Section      259  ble_advertising.o(.bss)
    m_advdata                                0x20002574   Data          56  ble_advertising.o(.bss)
    m_adv_modes_config                       0x200025ac   Data          36  ble_advertising.o(.bss)
    m_whitelist                              0x200025d0   Data          16  ble_advertising.o(.bss)
    mp_whitelist_addr                        0x200025e0   Data          32  ble_advertising.o(.bss)
    mp_whitelist_irk                         0x20002600   Data          32  ble_advertising.o(.bss)
    m_manuf_specific_data                    0x20002620   Data          12  ble_advertising.o(.bss)
    m_manuf_data_array                       0x2000262c   Data          31  ble_advertising.o(.bss)
    m_service_data                           0x2000264c   Data          12  ble_advertising.o(.bss)
    m_service_data_array                     0x20002658   Data          31  ble_advertising.o(.bss)
    .bss                                     0x20002678   Section       32  ble_conn_params.o(.bss)
    m_conn_params_timer_id_data              0x20002678   Data          32  ble_conn_params.o(.bss)
    .bss                                     0x20002698   Section       28  ble_conn_params.o(.bss)
    m_conn_params_config                     0x20002698   Data          28  ble_conn_params.o(.bss)
    .bss                                     0x200026b4   Section      295  device_manager_peripheral.o(.bss)
    m_peer_table                             0x200026b4   Data         196  device_manager_peripheral.o(.bss)
    m_bond_table                             0x20002778   Data          28  device_manager_peripheral.o(.bss)
    m_gatts_table                            0x20002794   Data          24  device_manager_peripheral.o(.bss)
    m_connection_table                       0x200027ac   Data          12  device_manager_peripheral.o(.bss)
    m_application_table                      0x200027b8   Data          12  device_manager_peripheral.o(.bss)
    m_local_id_info                          0x200027c4   Data          23  device_manager_peripheral.o(.bss)
    .bss                                     0x200027dc   Section       88  nrf_drv_gpiote.o(.bss)
    m_cb                                     0x200027dc   Data          88  nrf_drv_gpiote.o(.bss)
    .bss                                     0x20002834   Section       32  nrf_drv_uart.o(.bss)
    m_cb                                     0x20002834   Data          32  nrf_drv_uart.o(.bss)
    .bss                                     0x20002854   Section      216  pstorage.o(.bss)
    m_cmd_queue                              0x20002854   Data         204  pstorage.o(.bss)
    m_app_table                              0x20002920   Data          12  pstorage.o(.bss)
    .bss                                     0x2000292c   Section       88  fstorage.o(.bss)
    m_queue                                  0x2000292c   Data          88  fstorage.o(.bss)
    .bss                                     0x20002984   Section       12  softdevice_handler.o(.bss)
    STACK                                    0x20002990   Section     8192  arm_startup_nrf52.o(STACK)

    Global Symbols

    Symbol Name                              Value     Ov Type        Size  Object(Section)

    BuildAttributes$$THM_ISAv4$E$P$D$K$B$S$7EM$VFPi3$EXTD16$VFPS$VFMA$PE$A:L22UL41UL21$X:L11$S22US41US21$IEEE1$IW$USESV6$~STKCKD$USESV7$~SHL$OSPACE$ROPI$EBA8$MICROLIB$REQ8$PRES8$EABIv2 0x00000000   Number         0  anon$$obj.o ABSOLUTE
    __ARM_use_no_argv                        0x00000000   Number         0  main.o ABSOLUTE
    __cpp_initialize__aeabi_                  - Undefined Weak Reference
    __cxa_finalize                            - Undefined Weak Reference
    _clock_init                               - Undefined Weak Reference
    _microlib_exit                            - Undefined Weak Reference
    fs_data$$Base                             - Undefined Reference
    fs_data$$Limit                            - Undefined Reference
    __Vectors_Size                           0x00000400   Number         0  arm_startup_nrf52.o ABSOLUTE
    __Vectors                                0x0001c000   Data           4  arm_startup_nrf52.o(RESET)
    __Vectors_End                            0x0001c400   Data           0  arm_startup_nrf52.o(RESET)
    __main                                   0x0001c401   Thumb Code     0  entry.o(.ARM.Collect$$$$00000000)
    _main_stk                                0x0001c401   Thumb Code     0  entry2.o(.ARM.Collect$$$$00000001)
    _main_scatterload                        0x0001c405   Thumb Code     0  entry5.o(.ARM.Collect$$$$00000004)
    __main_after_scatterload                 0x0001c409   Thumb Code     0  entry5.o(.ARM.Collect$$$$00000004)
    _main_clock                              0x0001c409   Thumb Code     0  entry7b.o(.ARM.Collect$$$$00000008)
    _main_cpp_init                           0x0001c409   Thumb Code     0  entry8b.o(.ARM.Collect$$$$0000000A)
    _main_init                               0x0001c409   Thumb Code     0  entry9a.o(.ARM.Collect$$$$0000000B)
    __rt_final_cpp                           0x0001c411   Thumb Code     0  entry10a.o(.ARM.Collect$$$$0000000D)
    __rt_final_exit                          0x0001c411   Thumb Code     0  entry11a.o(.ARM.Collect$$$$0000000F)
    __asm___11_app_timer_c_cd27f9c3__nrf_delay_us 0x0001c415   Thumb Code   118  app_timer.o(.emb_text)
    Reset_Handler                            0x0001c48d   Thumb Code     8  arm_startup_nrf52.o(.text)
    NMI_Handler                              0x0001c495   Thumb Code     2  arm_startup_nrf52.o(.text)
    HardFault_Handler                        0x0001c497   Thumb Code     2  arm_startup_nrf52.o(.text)
    MemoryManagement_Handler                 0x0001c499   Thumb Code     2  arm_startup_nrf52.o(.text)
    BusFault_Handler                         0x0001c49b   Thumb Code     2  arm_startup_nrf52.o(.text)
    UsageFault_Handler                       0x0001c49d   Thumb Code     2  arm_startup_nrf52.o(.text)
    SVC_Handler                              0x0001c49f   Thumb Code     2  arm_startup_nrf52.o(.text)
    DebugMon_Handler                         0x0001c4a1   Thumb Code     2  arm_startup_nrf52.o(.text)
    PendSV_Handler                           0x0001c4a3   Thumb Code     2  arm_startup_nrf52.o(.text)
    SysTick_Handler                          0x0001c4a5   Thumb Code     2  arm_startup_nrf52.o(.text)
    CCM_AAR_IRQHandler                       0x0001c4a7   Thumb Code     0  arm_startup_nrf52.o(.text)
    COMP_LPCOMP_IRQHandler                   0x0001c4a7   Thumb Code     0  arm_startup_nrf52.o(.text)
    ECB_IRQHandler                           0x0001c4a7   Thumb Code     0  arm_startup_nrf52.o(.text)
    FPU_IRQHandler                           0x0001c4a7   Thumb Code     0  arm_startup_nrf52.o(.text)
    I2S_IRQHandler                           0x0001c4a7   Thumb Code     0  arm_startup_nrf52.o(.text)
    MWU_IRQHandler                           0x0001c4a7   Thumb Code     0  arm_startup_nrf52.o(.text)
    NFCT_IRQHandler                          0x0001c4a7   Thumb Code     0  arm_startup_nrf52.o(.text)
    PDM_IRQHandler                           0x0001c4a7   Thumb Code     0  arm_startup_nrf52.o(.text)
    POWER_CLOCK_IRQHandler                   0x0001c4a7   Thumb Code     0  arm_startup_nrf52.o(.text)
    PWM0_IRQHandler                          0x0001c4a7   Thumb Code     0  arm_startup_nrf52.o(.text)
    PWM1_IRQHandler                          0x0001c4a7   Thumb Code     0  arm_startup_nrf52.o(.text)
    PWM2_IRQHandler                          0x0001c4a7   Thumb Code     0  arm_startup_nrf52.o(.text)
    QDEC_IRQHandler                          0x0001c4a7   Thumb Code     0  arm_startup_nrf52.o(.text)
    RADIO_IRQHandler                         0x0001c4a7   Thumb Code     0  arm_startup_nrf52.o(.text)
    RNG_IRQHandler                           0x0001c4a7   Thumb Code     0  arm_startup_nrf52.o(.text)
    RTC0_IRQHandler                          0x0001c4a7   Thumb Code     0  arm_startup_nrf52.o(.text)
    RTC2_IRQHandler                          0x0001c4a7   Thumb Code     0  arm_startup_nrf52.o(.text)
    SAADC_IRQHandler                         0x0001c4a7   Thumb Code     0  arm_startup_nrf52.o(.text)
    SPIM0_SPIS0_TWIM0_TWIS0_SPI0_TWI0_IRQHandler 0x0001c4a7   Thumb Code     0  arm_startup_nrf52.o(.text)
    SPIM1_SPIS1_TWIM1_TWIS1_SPI1_TWI1_IRQHandler 0x0001c4a7   Thumb Code     0  arm_startup_nrf52.o(.text)
    SPIM2_SPIS2_SPI2_IRQHandler              0x0001c4a7   Thumb Code     0  arm_startup_nrf52.o(.text)
    SWI1_EGU1_IRQHandler                     0x0001c4a7   Thumb Code     0  arm_startup_nrf52.o(.text)
    SWI3_EGU3_IRQHandler                     0x0001c4a7   Thumb Code     0  arm_startup_nrf52.o(.text)
    SWI4_EGU4_IRQHandler                     0x0001c4a7   Thumb Code     0  arm_startup_nrf52.o(.text)
    SWI5_EGU5_IRQHandler                     0x0001c4a7   Thumb Code     0  arm_startup_nrf52.o(.text)
    TEMP_IRQHandler                          0x0001c4a7   Thumb Code     0  arm_startup_nrf52.o(.text)
    TIMER0_IRQHandler                        0x0001c4a7   Thumb Code     0  arm_startup_nrf52.o(.text)
    TIMER1_IRQHandler                        0x0001c4a7   Thumb Code     0  arm_startup_nrf52.o(.text)
    TIMER2_IRQHandler                        0x0001c4a7   Thumb Code     0  arm_startup_nrf52.o(.text)
    TIMER3_IRQHandler                        0x0001c4a7   Thumb Code     0  arm_startup_nrf52.o(.text)
    TIMER4_IRQHandler                        0x0001c4a7   Thumb Code     0  arm_startup_nrf52.o(.text)
    WDT_IRQHandler                           0x0001c4a7   Thumb Code     0  arm_startup_nrf52.o(.text)
    __aeabi_memcpy                           0x0001c4b1   Thumb Code    36  memcpya.o(.text)
    __aeabi_memcpy4                          0x0001c4b1   Thumb Code     0  memcpya.o(.text)
    __aeabi_memcpy8                          0x0001c4b1   Thumb Code     0  memcpya.o(.text)
    __aeabi_memset                           0x0001c4d5   Thumb Code    14  memseta.o(.text)
    __aeabi_memset4                          0x0001c4d5   Thumb Code     0  memseta.o(.text)
    __aeabi_memset8                          0x0001c4d5   Thumb Code     0  memseta.o(.text)
    __aeabi_memclr                           0x0001c4e3   Thumb Code     4  memseta.o(.text)
    __aeabi_memclr4                          0x0001c4e3   Thumb Code     0  memseta.o(.text)
    __aeabi_memclr8                          0x0001c4e3   Thumb Code     0  memseta.o(.text)
    _memset$wrapper                          0x0001c4e7   Thumb Code    18  memseta.o(.text)
    strlen                                   0x0001c4f9   Thumb Code    14  strlen.o(.text)
    memcmp                                   0x0001c507   Thumb Code    26  memcmp.o(.text)
    __scatterload                            0x0001c521   Thumb Code    28  init.o(.text)
    __scatterload_rt2                        0x0001c521   Thumb Code     0  init.o(.text)
    __decompress                             0x0001c545   Thumb Code     0  __dczerorl.o(.text)
    __decompress0                            0x0001c545   Thumb Code    58  __dczerorl.o(.text)
    GPIOTE_IRQHandler                        0x0001c581   Thumb Code   316  nrf_drv_gpiote.o(i.GPIOTE_IRQHandler)
    RTC1_IRQHandler                          0x0001c72d   Thumb Code    32  app_timer.o(i.RTC1_IRQHandler)
    SWI0_EGU0_IRQHandler                     0x0001c751   Thumb Code     4  app_timer.o(i.SWI0_EGU0_IRQHandler)
    SWI2_EGU2_IRQHandler                     0x0001c755   Thumb Code    32  softdevice_handler.o(i.SWI2_EGU2_IRQHandler)
    SystemInit                               0x0001c779   Thumb Code   566  system_nrf52.o(i.SystemInit)
    UARTE0_UART0_IRQHandler                  0x0001c9e5   Thumb Code    14  nrf_drv_uart.o(i.UARTE0_UART0_IRQHandler)
    __scatterload_copy                       0x0001c9f9   Thumb Code    14  handlers.o(i.__scatterload_copy)
    __scatterload_null                       0x0001ca07   Thumb Code     2  handlers.o(i.__scatterload_null)
    __scatterload_zeroinit                   0x0001ca09   Thumb Code    14  handlers.o(i.__scatterload_zeroinit)
    adv_data_encode                          0x0001ca17   Thumb Code   514  ble_advdata.o(i.adv_data_encode)
    app_error_fault_handler                  0x0001cc51   Thumb Code    26  app_error_weak.o(i.app_error_fault_handler)
    app_error_handler_bare                   0x0001cc75   Thumb Code    22  app_error.o(i.app_error_handler_bare)
    app_timer_create                         0x0001cce9   Thumb Code    32  app_timer.o(i.app_timer_create)
    app_timer_init                           0x0001cd0d   Thumb Code   134  app_timer.o(i.app_timer_init)
    app_timer_start                          0x0001cd9d   Thumb Code   118  app_timer.o(i.app_timer_start)
    app_timer_stop                           0x0001ce1d   Thumb Code    76  app_timer.o(i.app_timer_stop)
    ble_advdata_set                          0x0001cffd   Thumb Code   104  ble_advdata.o(i.ble_advdata_set)
    ble_advertising_init                     0x0001d065   Thumb Code   274  ble_advertising.o(i.ble_advertising_init)
    ble_advertising_on_ble_evt               0x0001d181   Thumb Code   122  ble_advertising.o(i.ble_advertising_on_ble_evt)
    ble_advertising_on_sys_evt               0x0001d201   Thumb Code    46  ble_advertising.o(i.ble_advertising_on_sys_evt)
    ble_advertising_start                    0x0001d245   Thumb Code   470  ble_advertising.o(i.ble_advertising_start)
    ble_bas_battery_level_update             0x0001d425   Thumb Code   122  ble_bas.o(i.ble_bas_battery_level_update)
    ble_bas_init                             0x0001d49f   Thumb Code    68  ble_bas.o(i.ble_bas_init)
    ble_bas_on_ble_evt                       0x0001d4e3   Thumb Code    88  ble_bas.o(i.ble_bas_on_ble_evt)
    ble_conn_params_init                     0x0001d53d   Thumb Code    72  ble_conn_params.o(i.ble_conn_params_init)
    ble_conn_params_on_ble_evt               0x0001d595   Thumb Code   120  ble_conn_params.o(i.ble_conn_params_on_ble_evt)
    ble_dis_init                             0x0001d679   Thumb Code   296  ble_dis.o(i.ble_dis_init)
    ble_rscs_init                            0x0001d801   Thumb Code    76  ble_rscs.o(i.ble_rscs_init)
    ble_rscs_measurement_send                0x0001d84d   Thumb Code   100  ble_rscs.o(i.ble_rscs_measurement_send)
    ble_rscs_on_ble_evt                      0x0001d8b1   Thumb Code    82  ble_rscs.o(i.ble_rscs_on_ble_evt)
    ble_srv_ascii_to_utf8                    0x0001d903   Thumb Code    18  ble_srv_common.o(i.ble_srv_ascii_to_utf8)
    ble_srv_report_ref_encode                0x0001d915   Thumb Code    12  ble_srv_common.o(i.ble_srv_report_ref_encode)
    bond_data_load                           0x0001d999   Thumb Code    60  device_manager_peripheral.o(i.bond_data_load)
    bsp_btn_ble_on_ble_evt                   0x0001d9e1   Thumb Code   106  bsp_btn_ble.o(i.bsp_btn_ble_on_ble_evt)
    bsp_btn_ble_sleep_mode_prepare           0x0001da51   Thumb Code    18  bsp_btn_ble.o(i.bsp_btn_ble_sleep_mode_prepare)
    bsp_event_to_button_action_assign        0x0001db0d   Thumb Code    64  bsp.o(i.bsp_event_to_button_action_assign)
    bsp_indication_set                       0x0001db51   Thumb Code    20  bsp.o(i.bsp_indication_set)
    bsp_wakeup_buttons_set                   0x0001dd8d   Thumb Code    54  bsp.o(i.bsp_wakeup_buttons_set)
    dm_ble_evt_handler                       0x0001e475   Thumb Code  1106  device_manager_peripheral.o(i.dm_ble_evt_handler)
    dm_handle_initialize                     0x0001e8c7   Thumb Code    22  device_manager_peripheral.o(i.dm_handle_initialize)
    fs_queued_op_count_get                   0x0001e9d1   Thumb Code    16  fstorage.o(i.fs_queued_op_count_get)
    intern_softdevice_events_execute         0x0001ec85   Thumb Code   106  softdevice_handler.o(i.intern_softdevice_events_execute)
    main                                     0x0001ef3d   Thumb Code   288  main.o(i.main)
    pstorage_access_status_get               0x0001f2d9   Thumb Code    28  pstorage.o(i.pstorage_access_status_get)
    pstorage_block_identifier_get            0x0001f2fd   Thumb Code    66  pstorage.o(i.pstorage_block_identifier_get)
    pstorage_clear                           0x0001f349   Thumb Code   138  pstorage.o(i.pstorage_clear)
    pstorage_load                            0x0001f405   Thumb Code   148  pstorage.o(i.pstorage_load)
    pstorage_store                           0x0001f4a1   Thumb Code   118  pstorage.o(i.pstorage_store)
    pstorage_sys_event_handler               0x0001f521   Thumb Code    66  pstorage.o(i.pstorage_sys_event_handler)
    pstorage_update                          0x0001f569   Thumb Code   118  pstorage.o(i.pstorage_update)
    sd_check_ram_start                       0x0001f8a5   Thumb Code    10  softdevice_handler.o(i.sd_check_ram_start)
    sensorsim_decrement                      0x0001f9bd   Thumb Code    28  sensorsim.o(i.sensorsim_decrement)
    sensorsim_increment                      0x0001f9d9   Thumb Code    28  sensorsim.o(i.sensorsim_increment)
    sensorsim_init                           0x0001f9f5   Thumb Code    22  sensorsim.o(i.sensorsim_init)
    sensorsim_measure                        0x0001fa0b   Thumb Code    26  sensorsim.o(i.sensorsim_measure)
    softdevice_ble_evt_handler_set           0x0001fc35   Thumb Code    14  softdevice_handler.o(i.softdevice_ble_evt_handler_set)
    softdevice_enable                        0x0001fc49   Thumb Code    14  softdevice_handler.o(i.softdevice_enable)
    softdevice_enable_get_default_config     0x0001fc5d   Thumb Code    38  softdevice_handler.o(i.softdevice_enable_get_default_config)
    softdevice_fault_handler                 0x0001fc83   Thumb Code     4  softdevice_handler.o(i.softdevice_fault_handler)
    softdevice_handler_init                  0x0001fc89   Thumb Code    42  softdevice_handler.o(i.softdevice_handler_init)
    softdevice_sys_evt_handler_set           0x0001fcbd   Thumb Code    14  softdevice_handler.o(i.softdevice_sys_evt_handler_set)
    m_service_context_store                  0x0002049c   Data          16  device_manager_peripheral.o(.constdata)
    m_service_context_load                   0x000204ac   Data          16  device_manager_peripheral.o(.constdata)
    m_service_context_apply                  0x000204bc   Data          16  device_manager_peripheral.o(.constdata)
    Region$$Table$$Base                      0x000204f4   Number         0  anon$$obj.o(Region$$Table)
    Region$$Table$$Limit                     0x00020514   Number         0  anon$$obj.o(Region$$Table)
    Image$$RW_IRAM1$$Base                    0x20002080   Number         0  anon$$obj.o ABSOLUTE
    SystemCoreClock                          0x200021c0   Data           4  system_nrf52.o(.data)
    nrf_nvic_state                           0x20002984   Data          12  softdevice_handler.o(.bss)
    __initial_sp                             0x20004990   Data           0  arm_startup_nrf52.o(STACK)



==============================================================================

Memory Map of the image

  Image Entry point : 0x0001c401

  Load Region LR_IROM1 (Base: 0x0001c000, Size: 0x00004658, Max: 0x00064000, ABSOLUTE, COMPRESSED[0x00004530])

    Execution Region ER_IROM1 (Base: 0x0001c000, Size: 0x00004514, Max: 0x00064000, ABSOLUTE)

    Base Addr    Size         Type   Attr      Idx    E Section Name        Object

    0x0001c000   0x00000400   Data   RO         2921    RESET               arm_startup_nrf52.o
    0x0001c400   0x00000000   Code   RO         2962  * .ARM.Collect$$$$00000000  mc_w.l(entry.o)
    0x0001c400   0x00000004   Code   RO         3005    .ARM.Collect$$$$00000001  mc_w.l(entry2.o)
    0x0001c404   0x00000004   Code   RO         3008    .ARM.Collect$$$$00000004  mc_w.l(entry5.o)
    0x0001c408   0x00000000   Code   RO         3010    .ARM.Collect$$$$00000008  mc_w.l(entry7b.o)
    0x0001c408   0x00000000   Code   RO         3012    .ARM.Collect$$$$0000000A  mc_w.l(entry8b.o)
    0x0001c408   0x00000008   Code   RO         3013    .ARM.Collect$$$$0000000B  mc_w.l(entry9a.o)
    0x0001c410   0x00000000   Code   RO         3015    .ARM.Collect$$$$0000000D  mc_w.l(entry10a.o)
    0x0001c410   0x00000000   Code   RO         3017    .ARM.Collect$$$$0000000F  mc_w.l(entry11a.o)
    0x0001c410   0x00000004   Code   RO         3006    .ARM.Collect$$$$00002712  mc_w.l(entry2.o)
    0x0001c414   0x00000076   Code   RO         2181    .emb_text           app_timer.o
    0x0001c48a   0x00000002   PAD
    0x0001c48c   0x00000024   Code   RO         2922    .text               arm_startup_nrf52.o
    0x0001c4b0   0x00000024   Code   RO         2965    .text               mc_w.l(memcpya.o)
    0x0001c4d4   0x00000024   Code   RO         2967    .text               mc_w.l(memseta.o)
    0x0001c4f8   0x0000000e   Code   RO         2969    .text               mc_w.l(strlen.o)
    0x0001c506   0x0000001a   Code   RO         2971    .text               mc_w.l(memcmp.o)
    0x0001c520   0x00000024   Code   RO         3034    .text               mc_w.l(init.o)
    0x0001c544   0x0000003a   Code   RO         3052    .text               mc_w.l(__dczerorl.o)
    0x0001c57e   0x00000002   PAD
    0x0001c580   0x00000148   Code   RO         1335    i.GPIOTE_IRQHandler  nrf_drv_gpiote.o
    0x0001c6c8   0x00000016   Code   RO         2182    i.NVIC_ClearPendingIRQ  app_timer.o
    0x0001c6de   0x00000016   Code   RO         2183    i.NVIC_EnableIRQ    app_timer.o
    0x0001c6f4   0x00000016   Code   RO         2184    i.NVIC_SetPendingIRQ  app_timer.o
    0x0001c70a   0x00000020   Code   RO         2185    i.NVIC_SetPriority  app_timer.o
    0x0001c72a   0x00000002   PAD
    0x0001c72c   0x00000024   Code   RO         2186    i.RTC1_IRQHandler   app_timer.o
    0x0001c750   0x00000004   Code   RO         2187    i.SWI0_EGU0_IRQHandler  app_timer.o
    0x0001c754   0x00000024   Code   RO         2821    i.SWI2_EGU2_IRQHandler  softdevice_handler.o
    0x0001c778   0x0000026c   Code   RO         2930    i.SystemInit        system_nrf52.o
    0x0001c9e4   0x00000014   Code   RO         1534    i.UARTE0_UART0_IRQHandler  nrf_drv_uart.o
    0x0001c9f8   0x0000000e   Code   RO         3046    i.__scatterload_copy  mc_w.l(handlers.o)
    0x0001ca06   0x00000002   Code   RO         3047    i.__scatterload_null  mc_w.l(handlers.o)
    0x0001ca08   0x0000000e   Code   RO         3048    i.__scatterload_zeroinit  mc_w.l(handlers.o)
    0x0001ca16   0x00000202   Code   RO          459    i.adv_data_encode   ble_advdata.o
    0x0001cc18   0x00000036   Code   RO          416    i.advertising_buttons_configure  bsp_btn_ble.o
    0x0001cc4e   0x00000002   PAD
    0x0001cc50   0x00000024   Code   RO         2083    i.app_error_fault_handler  app_error_weak.o
    0x0001cc74   0x00000016   Code   RO         2044    i.app_error_handler_bare  app_error.o
    0x0001cc8a   0x00000002   PAD
    0x0001cc8c   0x0000000c   Code   RO          896    i.app_evt_notify    device_manager_peripheral.o
    0x0001cc98   0x0000002c   Code   RO         1735    i.app_notify        pstorage.o
    0x0001ccc4   0x00000024   Code   RO         1736    i.app_notify_error_state_transit  pstorage.o
    0x0001cce8   0x00000024   Code   RO         2190    i.app_timer_create  app_timer.o
    0x0001cd0c   0x00000090   Code   RO         2191    i.app_timer_init    app_timer.o
    0x0001cd9c   0x00000080   Code   RO         2192    i.app_timer_start   app_timer.o
    0x0001ce1c   0x00000050   Code   RO         2193    i.app_timer_stop    app_timer.o
    0x0001ce6c   0x0000014e   Code   RO          628    i.battery_level_char_add  ble_bas.o
    0x0001cfba   0x00000002   PAD
    0x0001cfbc   0x00000040   Code   RO            5    i.battery_level_meas_timeout_handler  main.o
    0x0001cffc   0x00000068   Code   RO          460    i.ble_advdata_set   ble_advdata.o
    0x0001d064   0x0000011c   Code   RO          544    i.ble_advertising_init  ble_advertising.o
    0x0001d180   0x00000080   Code   RO          545    i.ble_advertising_on_ble_evt  ble_advertising.o
    0x0001d200   0x00000034   Code   RO          546    i.ble_advertising_on_sys_evt  ble_advertising.o
    0x0001d234   0x00000010   Code   RO          548    i.ble_advertising_peer_address_clear  ble_advertising.o
    0x0001d244   0x000001e0   Code   RO          550    i.ble_advertising_start  ble_advertising.o
    0x0001d424   0x0000007a   Code   RO          629    i.ble_bas_battery_level_update  ble_bas.o
    0x0001d49e   0x00000044   Code   RO          630    i.ble_bas_init      ble_bas.o
    0x0001d4e2   0x00000058   Code   RO          631    i.ble_bas_on_ble_evt  ble_bas.o
    0x0001d53a   0x00000002   PAD
    0x0001d53c   0x00000058   Code   RO          676    i.ble_conn_params_init  ble_conn_params.o
    0x0001d594   0x00000084   Code   RO          677    i.ble_conn_params_on_ble_evt  ble_conn_params.o
    0x0001d618   0x0000005e   Code   RO          461    i.ble_device_addr_encode  ble_advdata.o
    0x0001d676   0x00000002   PAD
    0x0001d678   0x0000012c   Code   RO          747    i.ble_dis_init      ble_dis.o
    0x0001d7a4   0x0000005c   Code   RO            6    i.ble_evt_dispatch  main.o
    0x0001d800   0x0000004c   Code   RO          791    i.ble_rscs_init     ble_rscs.o
    0x0001d84c   0x00000064   Code   RO          792    i.ble_rscs_measurement_send  ble_rscs.o
    0x0001d8b0   0x00000052   Code   RO          793    i.ble_rscs_on_ble_evt  ble_rscs.o
    0x0001d902   0x00000012   Code   RO          849    i.ble_srv_ascii_to_utf8  ble_srv_common.o
    0x0001d914   0x0000000c   Code   RO          850    i.ble_srv_report_ref_encode  ble_srv_common.o
    0x0001d920   0x00000078   Code   RO            7    i.ble_stack_init    main.o
    0x0001d998   0x00000048   Code   RO          897    i.bond_data_load    device_manager_peripheral.o
    0x0001d9e0   0x00000070   Code   RO          418    i.bsp_btn_ble_on_ble_evt  bsp_btn_ble.o
    0x0001da50   0x00000012   Code   RO          419    i.bsp_btn_ble_sleep_mode_prepare  bsp_btn_ble.o
    0x0001da62   0x00000002   PAD
    0x0001da64   0x000000a8   Code   RO          306    i.bsp_button_event_handler  bsp.o
    0x0001db0c   0x00000044   Code   RO          311    i.bsp_event_to_button_action_assign  bsp.o
    0x0001db50   0x00000018   Code   RO          312    i.bsp_indication_set  bsp.o
    0x0001db68   0x00000224   Code   RO          315    i.bsp_led_indication  bsp.o
    0x0001dd8c   0x0000003c   Code   RO          316    i.bsp_wakeup_buttons_set  bsp.o
    0x0001ddc8   0x00000010   Code   RO         1338    i.channel_port_get  nrf_drv_gpiote.o
    0x0001ddd8   0x000000a0   Code   RO          748    i.char_add          ble_dis.o
    0x0001de78   0x000000fc   Code   RO         1737    i.clear_operation_execute  pstorage.o
    0x0001df74   0x00000020   Code   RO         1738    i.clear_post_processing_run  pstorage.o
    0x0001df94   0x00000034   Code   RO         1739    i.cmd_process       pstorage.o
    0x0001dfc8   0x00000020   Code   RO         1740    i.cmd_queue_element_init  pstorage.o
    0x0001dfe8   0x00000054   Code   RO         1741    i.cmd_queue_enqueue  pstorage.o
    0x0001e03c   0x00000040   Code   RO         1742    i.command_end_procedure_run  pstorage.o
    0x0001e07c   0x000000ac   Code   RO         2195    i.compare_reg_update  app_timer.o
    0x0001e128   0x00000088   Code   RO          462    i.conn_int_encode   ble_advdata.o
    0x0001e1b0   0x00000004   Code   RO            8    i.conn_params_error_handler  main.o
    0x0001e1b4   0x0000005c   Code   RO          679    i.conn_params_negotiation  ble_conn_params.o
    0x0001e210   0x0000002c   Code   RO          898    i.connection_instance_find  device_manager_peripheral.o
    0x0001e23c   0x00000028   Code   RO          899    i.connection_instance_init  device_manager_peripheral.o
    0x0001e264   0x00000054   Code   RO         1743    i.data_page_erase_state_run  pstorage.o
    0x0001e2b8   0x0000006c   Code   RO            9    i.data_storage      main.o
    0x0001e324   0x00000020   Code   RO         1744    i.data_to_swap_write_state_run  pstorage.o
    0x0001e344   0x000000bc   Code   RO          900    i.device_context_store  device_manager_peripheral.o
    0x0001e400   0x00000048   Code   RO          901    i.device_instance_find  device_manager_peripheral.o
    0x0001e448   0x0000002c   Code   RO          902    i.device_instance_free  device_manager_peripheral.o
    0x0001e474   0x00000452   Code   RO          907    i.dm_ble_evt_handler  device_manager_peripheral.o
    0x0001e8c6   0x00000016   Code   RO          913    i.dm_handle_initialize  device_manager_peripheral.o
    0x0001e8dc   0x00000040   Code   RO         2196    i.elapsed_ticks_acquire  app_timer.o
    0x0001e91c   0x0000001c   Code   RO         1745    i.flash_api_err_code_process  pstorage.o
    0x0001e938   0x0000008c   Code   RO         1746    i.flash_operation_success_run  pstorage.o
    0x0001e9c4   0x00000006   Code   RO         1747    i.flash_page_erase  pstorage.o
    0x0001e9ca   0x00000006   Code   RO         1748    i.flash_write       pstorage.o
    0x0001e9d0   0x00000014   Code   RO         2402    i.fs_queued_op_count_get  fstorage.o
    0x0001e9e4   0x0000006c   Code   RO           10    i.gap_params_init   main.o
    0x0001ea50   0x00000004   Code   RO          925    i.gattc_context_apply  device_manager_peripheral.o
    0x0001ea54   0x00000004   Code   RO          926    i.gattc_context_load  device_manager_peripheral.o
    0x0001ea58   0x00000004   Code   RO          927    i.gattc_context_store  device_manager_peripheral.o
    0x0001ea5c   0x000000ac   Code   RO          928    i.gatts_context_apply  device_manager_peripheral.o
    0x0001eb08   0x00000038   Code   RO          929    i.gatts_context_load  device_manager_peripheral.o
    0x0001eb40   0x000000c0   Code   RO          930    i.gatts_context_store  device_manager_peripheral.o
    0x0001ec00   0x00000004   Code   RO          931    i.gattsc_context_apply  device_manager_peripheral.o
    0x0001ec04   0x00000004   Code   RO          932    i.gattsc_context_load  device_manager_peripheral.o
    0x0001ec08   0x00000004   Code   RO          933    i.gattsc_context_store  device_manager_peripheral.o
    0x0001ec0c   0x00000078   Code   RO         1749    i.head_restore_state_run  pstorage.o
    0x0001ec84   0x00000070   Code   RO         2822    i.intern_softdevice_events_execute  softdevice_handler.o
    0x0001ecf4   0x0000001c   Code   RO          680    i.is_conn_params_ok  ble_conn_params.o
    0x0001ed10   0x00000044   Code   RO         1750    i.is_page_erase_required  pstorage.o
    0x0001ed54   0x0000000c   Code   RO         1751    i.is_word_aligned   pstorage.o
    0x0001ed60   0x00000054   Code   RO          463    i.le_role_encode    ble_advdata.o
    0x0001edb4   0x000000bc   Code   RO         2197    i.list_deletions_handler  app_timer.o
    0x0001ee70   0x000000cc   Code   RO         2198    i.list_insertions_handler  app_timer.o
    0x0001ef3c   0x00000144   Code   RO           11    i.main              main.o
    0x0001f080   0x00000014   Code   RO         1752    i.main_state_err_busy_process  pstorage.o
    0x0001f094   0x00000064   Code   RO          464    i.manuf_specific_data_encode  ble_advdata.o
    0x0001f0f8   0x0000009c   Code   RO          465    i.name_encode       ble_advdata.o
    0x0001f194   0x00000004   Code   RO          934    i.no_service_context_apply  device_manager_peripheral.o
    0x0001f198   0x00000004   Code   RO          935    i.no_service_context_load  device_manager_peripheral.o
    0x0001f19c   0x00000004   Code   RO          936    i.no_service_context_store  device_manager_peripheral.o
    0x0001f1a0   0x0000001c   Code   RO         1360    i.nrf_gpio_cfg_sense_set  nrf_drv_gpiote.o
    0x0001f1bc   0x00000014   Code   RO         1361    i.nrf_gpiote_event_clear  nrf_drv_gpiote.o
    0x0001f1d0   0x00000010   Code   RO         1362    i.nrf_gpiote_event_is_set  nrf_drv_gpiote.o
    0x0001f1e0   0x0000000a   Code   RO         1553    i.nrf_uart_event_check  nrf_drv_uart.o
    0x0001f1ea   0x0000000c   Code   RO         1554    i.nrf_uart_int_enable_check  nrf_drv_uart.o
    0x0001f1f6   0x0000000a   Code   RO         1555    i.nrf_uarte_event_check  nrf_drv_uart.o
    0x0001f200   0x00000036   Code   RO           12    i.on_adv_evt        main.o
    0x0001f236   0x00000002   PAD
    0x0001f238   0x0000001c   Code   RO           13    i.on_conn_params_evt  main.o
    0x0001f254   0x00000014   Code   RO          552    i.peer_address_exists  ble_advertising.o
    0x0001f268   0x0000003c   Code   RO          937    i.peer_instance_init  device_manager_peripheral.o
    0x0001f2a4   0x00000034   Code   RO          749    i.pnp_id_encode     ble_dis.o
    0x0001f2d8   0x00000024   Code   RO         1753    i.pstorage_access_status_get  pstorage.o
    0x0001f2fc   0x0000004c   Code   RO         1754    i.pstorage_block_identifier_get  pstorage.o
    0x0001f348   0x00000094   Code   RO         1755    i.pstorage_clear    pstorage.o
    0x0001f3dc   0x0000001e   Code   RO         1756    i.pstorage_flash_page_end  pstorage.o
    0x0001f3fa   0x0000000a   Code   RO         1757    i.pstorage_flash_page_size  pstorage.o
    0x0001f404   0x0000009c   Code   RO         1759    i.pstorage_load     pstorage.o
    0x0001f4a0   0x00000080   Code   RO         1761    i.pstorage_store    pstorage.o
    0x0001f520   0x00000048   Code   RO         1762    i.pstorage_sys_event_handler  pstorage.o
    0x0001f568   0x00000080   Code   RO         1763    i.pstorage_update   pstorage.o
    0x0001f5e8   0x00000094   Code   RO          794    i.rsc_feature_char_add  ble_rscs.o
    0x0001f67c   0x0000007c   Code   RO           14    i.rsc_meas_timeout_handler  main.o
    0x0001f6f8   0x000000c2   Code   RO          795    i.rsc_measurement_char_add  ble_rscs.o
    0x0001f7ba   0x0000005e   Code   RO          796    i.rsc_measurement_encode  ble_rscs.o
    0x0001f818   0x0000003c   Code   RO         2199    i.rtc1_stop         app_timer.o
    0x0001f854   0x00000030   Code   RO         1557    i.rx_byte           nrf_drv_uart.o
    0x0001f884   0x00000020   Code   RO         1558    i.rx_done_event     nrf_drv_uart.o
    0x0001f8a4   0x00000010   Code   RO         2823    i.sd_check_ram_start  softdevice_handler.o
    0x0001f8b4   0x00000088   Code   RO         2824    i.sd_nvic_EnableIRQ  softdevice_handler.o
    0x0001f93c   0x00000080   Code   RO           15    i.sensor_simulator_init  main.o
    0x0001f9bc   0x0000001c   Code   RO         2642    i.sensorsim_decrement  sensorsim.o
    0x0001f9d8   0x0000001c   Code   RO         2643    i.sensorsim_increment  sensorsim.o
    0x0001f9f4   0x00000016   Code   RO         2644    i.sensorsim_init    sensorsim.o
    0x0001fa0a   0x0000001a   Code   RO         2645    i.sensorsim_measure  sensorsim.o
    0x0001fa24   0x00000088   Code   RO          466    i.service_data_encode  ble_advdata.o
    0x0001faac   0x0000014c   Code   RO           16    i.services_init     main.o
    0x0001fbf8   0x0000003c   Code   RO         1764    i.sm_state_change   pstorage.o
    0x0001fc34   0x00000014   Code   RO         2825    i.softdevice_ble_evt_handler_set  softdevice_handler.o
    0x0001fc48   0x00000014   Code   RO         2826    i.softdevice_enable  softdevice_handler.o
    0x0001fc5c   0x00000026   Code   RO         2827    i.softdevice_enable_get_default_config  softdevice_handler.o
    0x0001fc82   0x00000004   Code   RO         2828    i.softdevice_fault_handler  softdevice_handler.o
    0x0001fc86   0x00000002   PAD
    0x0001fc88   0x00000034   Code   RO         2829    i.softdevice_handler_init  softdevice_handler.o
    0x0001fcbc   0x00000014   Code   RO         2832    i.softdevice_sys_evt_handler_set  softdevice_handler.o
    0x0001fcd0   0x00000068   Code   RO         1765    i.state_data_erase_swap_entry_run  pstorage.o
    0x0001fd38   0x0000000c   Code   RO         1766    i.state_erase_data_page_entry_run  pstorage.o
    0x0001fd44   0x0000002c   Code   RO         1767    i.state_restore_head_entry_run  pstorage.o
    0x0001fd70   0x00000050   Code   RO         1768    i.state_restore_tail_entry_run  pstorage.o
    0x0001fdc0   0x0000001e   Code   RO         1769    i.state_swap_erase_entry_run  pstorage.o
    0x0001fdde   0x00000002   PAD
    0x0001fde0   0x00000030   Code   RO         1770    i.state_write_data_swap_entry_run  pstorage.o
    0x0001fe10   0x00000004   Code   RO          938    i.storage_operation_dummy_handler  device_manager_peripheral.o
    0x0001fe14   0x0000005c   Code   RO         1771    i.store_cmd_flash_write_execute  pstorage.o
    0x0001fe70   0x00000018   Code   RO         1772    i.swap_erase_state_run  pstorage.o
    0x0001fe88   0x00000014   Code   RO         1773    i.swap_sub_state_err_busy_process  pstorage.o
    0x0001fe9c   0x00000014   Code   RO         1774    i.swap_sub_state_state_change  pstorage.o
    0x0001feb0   0x00000012   Code   RO           17    i.sys_evt_dispatch  main.o
    0x0001fec2   0x00000042   Code   RO          750    i.sys_id_encode     ble_dis.o
    0x0001ff04   0x00000014   Code   RO         1775    i.tail_restore_state_run  pstorage.o
    0x0001ff18   0x0000008c   Code   RO         2200    i.timer_list_handler  app_timer.o
    0x0001ffa4   0x0000003c   Code   RO         2201    i.timer_list_insert  app_timer.o
    0x0001ffe0   0x00000084   Code   RO         2202    i.timer_timeouts_check  app_timer.o
    0x00020064   0x00000024   Code   RO         1560    i.tx_byte           nrf_drv_uart.o
    0x00020088   0x00000024   Code   RO         1561    i.tx_done_event     nrf_drv_uart.o
    0x000200ac   0x00000108   Code   RO         1562    i.uart_irq_handler  nrf_drv_uart.o
    0x000201b4   0x000000d8   Code   RO         1563    i.uarte_irq_handler  nrf_drv_uart.o
    0x0002028c   0x0000000a   Code   RO          467    i.uint16_encode     ble_advdata.o
    0x00020296   0x00000002   PAD
    0x00020298   0x00000014   Code   RO          939    i.update_status_bit_reset  device_manager_peripheral.o
    0x000202ac   0x00000060   Code   RO          681    i.update_timeout_handler  ble_conn_params.o
    0x0002030c   0x0000003e   Code   RO         2203    i.user_id_get       app_timer.o
    0x0002034a   0x00000028   Code   RO         2204    i.user_op_alloc     app_timer.o
    0x00020372   0x00000030   Code   RO          468    i.uuid_list_encode  ble_advdata.o
    0x000203a2   0x0000009e   Code   RO          469    i.uuid_list_sized_encode  ble_advdata.o
    0x00020440   0x0000000e   Code   RO          553    i.whitelist_has_entries  ble_advertising.o
    0x0002044e   0x00000002   PAD
    0x00020450   0x0000000c   Data   RO           21    .constdata          main.o
    0x0002045c   0x0000003c   Data   RO          323    .constdata          bsp.o
    0x00020498   0x00000004   Data   RO          684    .constdata          ble_conn_params.o
    0x0002049c   0x00000030   Data   RO          941    .constdata          device_manager_peripheral.o
    0x000204cc   0x00000028   Data   RO         1777    .constdata          pstorage.o
    0x000204f4   0x00000020   Data   RO         3044    Region$$Table       anon$$obj.o


    Execution Region RW_IRAM1 (Base: 0x20002080, Size: 0x00002910, Max: 0x0000df80, ABSOLUTE, COMPRESSED[0x0000001c])

    Base Addr    Size         Type   Attr      Idx    E Section Name        Object

    0x20002080   0x00000030   Data   RW           22    .data               main.o
    0x200020b0   0x00000018   Data   RW          324    .data               bsp.o
    0x200020c8   0x00000008   Data   RW          420    .data               bsp_btn_ble.o
    0x200020d0   0x0000001f   Data   RW          555    .data               ble_advertising.o
    0x200020ef   0x00000001   PAD
    0x200020f0   0x00000014   Data   RW          685    .data               ble_conn_params.o
    0x20002104   0x0000004a   Data   RW          751    .data               ble_dis.o
    0x2000214e   0x00000002   PAD
    0x20002150   0x00000018   Data   RW          943    .data               device_manager_peripheral.o
    0x20002168   0x00000024   Data   RW         1778    .data               pstorage.o
    0x2000218c   0x00000020   Data   RW         2205    .data               app_timer.o
    0x200021ac   0x00000014   Data   RW         2834    .data               softdevice_handler.o
    0x200021c0   0x00000004   Data   RW         2931    .data               system_nrf52.o
    0x200021c4   0x00000020   Zero   RW           18    .bss                main.o
    0x200021e4   0x00000020   Zero   RW           19    .bss                main.o
    0x20002204   0x00000304   Zero   RW           20    .bss                main.o
    0x20002508   0x00000020   Zero   RW          319    .bss                bsp.o
    0x20002528   0x00000020   Zero   RW          320    .bss                bsp.o
    0x20002548   0x0000000c   Zero   RW          321    .bss                bsp.o
    0x20002554   0x00000020   Zero   RW          322    .bss                bsp.o
    0x20002574   0x00000103   Zero   RW          554    .bss                ble_advertising.o
    0x20002677   0x00000001   PAD
    0x20002678   0x00000020   Zero   RW          682    .bss                ble_conn_params.o
    0x20002698   0x0000001c   Zero   RW          683    .bss                ble_conn_params.o
    0x200026b4   0x00000127   Zero   RW          940    .bss                device_manager_peripheral.o
    0x200027db   0x00000001   PAD
    0x200027dc   0x00000058   Zero   RW         1365    .bss                nrf_drv_gpiote.o
    0x20002834   0x00000020   Zero   RW         1564    .bss                nrf_drv_uart.o
    0x20002854   0x000000d8   Zero   RW         1776    .bss                pstorage.o
    0x2000292c   0x00000058   Zero   RW         2411    .bss                fstorage.o
    0x20002984   0x0000000c   Zero   RW         2833    .bss                softdevice_handler.o
    0x20002990   0x00002000   Zero   RW         2919    STACK               arm_startup_nrf52.o


==============================================================================

Image component sizes


      Code (inc. data)   RO Data    RW Data    ZI Data      Debug   Object Name

        22          0          0          0          0       2261   app_error.o
        36         10          0          0          0      27365   app_error_weak.o
      1766         94          0         32          0      55515   app_timer.o
        36          8       1024          0       8192        940   arm_startup_nrf52.o
      1540          0          0          0          0      20412   ble_advdata.o
       994         36          0         31        259       9885   ble_advertising.o
       612          0          0          0          0      13247   ble_bas.o
       436         54          4         20         60       7032   ble_conn_params.o
       578          8          0         74          0       5707   ble_dis.o
       694          0          0          0          0      12778   ble_rscs.o
        30          0          0          0          0       2256   ble_srv_common.o
       868         64         60         24        108       7046   bsp.o
       184          6          0          8          0       4034   bsp_btn_ble.o
      2140        112         48         24        295      29269   device_manager_peripheral.o
        20          4          0          0         88       3848   fstorage.o
      1504        150         12         48        836     123179   main.o
         0          0          0          0          0       1312   nrf_drv_common.o
       408         26          0          0         88      15412   nrf_drv_gpiote.o
       684         56          0          0         32      21144   nrf_drv_uart.o
      2450        230         40         36        216      39354   pstorage.o
       104          0          0          0          0       3435   sensorsim.o
       454         52          0         20         12      40185   softdevice_handler.o
       620         54          0          4          0       2647   system_nrf52.o

    ----------------------------------------------------------------------
     16206        964       1220        324      10188     448263   Object Totals
         0          0         32          0          0          0   (incl. Generated)
        26          0          0          3          2          0   (incl. Padding)

    ----------------------------------------------------------------------

      Code (inc. data)   RO Data    RW Data    ZI Data      Debug   Library Member Name

        58          0          0          0          0          0   __dczerorl.o
         0          0          0          0          0          0   entry.o
         0          0          0          0          0          0   entry10a.o
         0          0          0          0          0          0   entry11a.o
         8          4          0          0          0          0   entry2.o
         4          0          0          0          0          0   entry5.o
         0          0          0          0          0          0   entry7b.o
         0          0          0          0          0          0   entry8b.o
         8          4          0          0          0          0   entry9a.o
        30          0          0          0          0          0   handlers.o
        36          8          0          0          0         68   init.o
        26          0          0          0          0         80   memcmp.o
        36          0          0          0          0         68   memcpya.o
        36          0          0          0          0        108   memseta.o
        14          0          0          0          0         68   strlen.o

    ----------------------------------------------------------------------
       258         16          0          0          0        392   Library Totals
         2          0          0          0          0          0   (incl. Padding)

    ----------------------------------------------------------------------

      Code (inc. data)   RO Data    RW Data    ZI Data      Debug   Library Name

       256         16          0          0          0        392   mc_w.l

    ----------------------------------------------------------------------
       258         16          0          0          0        392   Library Totals

    ----------------------------------------------------------------------

==============================================================================


      Code (inc. data)   RO Data    RW Data    ZI Data      Debug   

     16464        980       1220        324      10188     431735   Grand Totals
     16464        980       1220         28      10188     431735   ELF Image Totals (compressed)
     16464        980       1220         28          0          0   ROM Totals

==============================================================================

    Total RO  Size (Code + RO Data)                17684 (  17.27kB)
    Total RW  Size (RW Data + ZI Data)             10512 (  10.27kB)
    Total ROM Size (Code + RO Data + RW Data)      17712 (  17.30kB)

==============================================================================

